Archive member included because of file (symbol)

c:/nxp/bstudio_nxp/workspace/JN-AN-1223v1014/Admin/JN-AN-1223-ZigBee-IoT-Gateway-Control-Bridge-v1014/../../../../sdk/JN-SW-4168/Components/Library\libZPSMAC_Mini_JN516x.a(zps_miniMac.o)
                              Diagnostics.o (symbol from plugin) (u16AvApsMessageTxRetry)
c:/nxp/bstudio_nxp/workspace/JN-AN-1223v1014/Admin/JN-AN-1223-ZigBee-IoT-Gateway-Control-Bridge-v1014/../../../../sdk/JN-SW-4168/Components/Library\libOS_JN516x.a(os.o)
                              os_gen.o (symbol from plugin) (os_vStart)
c:/nxp/bstudio_nxp/workspace/JN-AN-1223v1014/Admin/JN-AN-1223-ZigBee-IoT-Gateway-Control-Bridge-v1014/../../../../sdk/JN-SW-4168/Components/Library\libOS_JN516x.a(os_contirq_JN516x.o)
                              os_irq.o (os_UnclaimedException_W)
c:/nxp/bstudio_nxp/workspace/JN-AN-1223v1014/Admin/JN-AN-1223-ZigBee-IoT-Gateway-Control-Bridge-v1014/../../../../sdk/JN-SW-4168/Components/Library\libPWRM_JN516x.a(pwrm.o)
                              app_start.o (symbol from plugin) (PWRM_vManagePower)
c:/nxp/bstudio_nxp/workspace/JN-AN-1223v1014/Admin/JN-AN-1223-ZigBee-IoT-Gateway-Control-Bridge-v1014/../../../../sdk/JN-SW-4168/Components/Library\libPWRM_JN516x.a(pwrm_setjmp_JN516x.o)
                              pwrm.o (symbol from plugin) (setjmp)
c:/nxp/bstudio_nxp/workspace/JN-AN-1223v1014/Admin/JN-AN-1223-ZigBee-IoT-Gateway-Control-Bridge-v1014/../../../../sdk/JN-SW-4168/Components/Library\libPWRM_JN516x.a(pwrm_cold_start.o)
                              (AppColdStart)
c:/nxp/bstudio_nxp/workspace/JN-AN-1223v1014/Admin/JN-AN-1223-ZigBee-IoT-Gateway-Control-Bridge-v1014/../../../../sdk/JN-SW-4168/Components/Library\libPWRM_JN516x.a(pwrm_warm_start.o)
                              (AppWarmStart)
c:/nxp/bstudio_nxp/workspace/JN-AN-1223v1014/Admin/JN-AN-1223-ZigBee-IoT-Gateway-Control-Bridge-v1014/../../../../sdk/JN-SW-4168/Components/Library\libAES_SW_JN516x.a(aes_sw_mmo.o)
                              OTA.o (symbol from plugin) (AESSW_vMMOBlockUpdate)
c:/nxp/bstudio_nxp/workspace/JN-AN-1223v1014/Admin/JN-AN-1223-ZigBee-IoT-Gateway-Control-Bridge-v1014/../../../../sdk/JN-SW-4168/Components/Library\libPDUM_JN516x.a(pdum_nwk.o)
                              zps_miniMac.o (symbol from plugin) (PDUM_eNPduAllocate)
c:/nxp/bstudio_nxp/workspace/JN-AN-1223v1014/Admin/JN-AN-1223-ZigBee-IoT-Gateway-Control-Bridge-v1014/../../../../sdk/JN-SW-4168/Components/Library\libPDUM_JN516x.a(pdum_apl.o)
                              appZdpExtraction.o (symbol from plugin) (PDUM_u16APduInstanceReadNBO)
c:/nxp/bstudio_nxp/workspace/JN-AN-1223v1014/Admin/JN-AN-1223-ZigBee-IoT-Gateway-Control-Bridge-v1014/../../../../sdk/JN-SW-4168/Components/Library\libPDUM_JN516x.a(pdum.o)
                              pdum_nwk.o (symbol from plugin) (PDUM_u16SizeNBO)
c:/nxp/bstudio_nxp/workspace/JN-AN-1223v1014/Admin/JN-AN-1223-ZigBee-IoT-Gateway-Control-Bridge-v1014/../../../../sdk/JN-SW-4168/Components/Library\libZPSAPL_JN516x.a(zps_apl_af.o)
                              app_start.o (symbol from plugin) (ZPS_eAplAfInit)
c:/nxp/bstudio_nxp/workspace/JN-AN-1223v1014/Admin/JN-AN-1223-ZigBee-IoT-Gateway-Control-Bridge-v1014/../../../../sdk/JN-SW-4168/Components/Library\libZPSAPL_JN516x.a(zps_apl_af_apsde.o)
                              zps_gen.o (symbol from plugin) (zps_vHandleApsdeDataFragInd)
c:/nxp/bstudio_nxp/workspace/JN-AN-1223v1014/Admin/JN-AN-1223-ZigBee-IoT-Gateway-Control-Bridge-v1014/../../../../sdk/JN-SW-4168/Components/Library\libZPSAPL_JN516x.a(zps_apl_task.o)
                              zps_apl_af_apsde.o (symbol from plugin) (zps_vAplAfPostEvent)
c:/nxp/bstudio_nxp/workspace/JN-AN-1223v1014/Admin/JN-AN-1223-ZigBee-IoT-Gateway-Control-Bridge-v1014/../../../../sdk/JN-SW-4168/Components/Library\libZPSAPL_JN516x.a(zps_apl_apsde.o)
                              zps_apl_task.o (symbol from plugin) (ZPS_vAplRegisterApsdeDcfmIndCallbacks)
c:/nxp/bstudio_nxp/workspace/JN-AN-1223v1014/Admin/JN-AN-1223-ZigBee-IoT-Gateway-Control-Bridge-v1014/../../../../sdk/JN-SW-4168/Components/Library\libZPSAPL_JN516x.a(zps_apl_apsme.o)
                              zps_apl_task.o (symbol from plugin) (ZPS_vAplRegisterApsmeDcfmIndCallbacks)
c:/nxp/bstudio_nxp/workspace/JN-AN-1223v1014/Admin/JN-AN-1223-ZigBee-IoT-Gateway-Control-Bridge-v1014/../../../../sdk/JN-SW-4168/Components/Library\libZPSAPL_JN516x.a(zps_apl_aps_nlde.o)
                              zps_gen.o (symbol from plugin) (zps_vHandleExtendedDataAckFrame)
c:/nxp/bstudio_nxp/workspace/JN-AN-1223v1014/Admin/JN-AN-1223-ZigBee-IoT-Gateway-Control-Bridge-v1014/../../../../sdk/JN-SW-4168/Components/Library\libZPSAPL_JN516x.a(zps_apl_sec.o)
                              zps_apl_task.o (symbol from plugin) (zps_psFindKeyDescr)
c:/nxp/bstudio_nxp/workspace/JN-AN-1223v1014/Admin/JN-AN-1223-ZigBee-IoT-Gateway-Control-Bridge-v1014/../../../../sdk/JN-SW-4168/Components/Library\libZPSAPL_JN516x.a(zps_apl_aib.o)
[...]
Memory Configuration

Name             Origin             Length             Attributes
flash            0x0000000000080000 0x0000000000080000
ram              0x000000000400004c 0x0000000000007fb4
*default*        0x0000000000000000 0xffffffffffffffff

Linker script and memory map

                0x0000000000001964                __stack_size = 0x1964
                0x00000000000007d0                __minimum_heap_size = 0x7d0
START GROUP
LOAD os_gen.o
LOAD C:\Users\nxf37702\AppData\Local\Temp\ccWIDcpI.ltrans0.ltrans.o
LOAD C:\Users\nxf37702\AppData\Local\Temp\ccWIDcpI.ltrans1.ltrans.o
LOAD C:\Users\nxf37702\AppData\Local\Temp\ccWIDcpI.ltrans2.ltrans.o
LOAD C:\Users\nxf37702\AppData\Local\Temp\ccWIDcpI.ltrans3.ltrans.o
LOAD C:\Users\nxf37702\AppData\Local\Temp\ccWIDcpI.ltrans4.ltrans.o
LOAD C:\Users\nxf37702\AppData\Local\Temp\ccWIDcpI.ltrans5.ltrans.o
LOAD C:\Users\nxf37702\AppData\Local\Temp\ccWIDcpI.ltrans6.ltrans.o
LOAD C:\Users\nxf37702\AppData\Local\Temp\ccWIDcpI.ltrans7.ltrans.o
LOAD C:\Users\nxf37702\AppData\Local\Temp\ccWIDcpI.ltrans8.ltrans.o
LOAD C:\Users\nxf37702\AppData\Local\Temp\ccWIDcpI.ltrans9.ltrans.o
LOAD C:\Users\nxf37702\AppData\Local\Temp\ccWIDcpI.ltrans10.ltrans.o
LOAD C:\Users\nxf37702\AppData\Local\Temp\ccWIDcpI.ltrans11.ltrans.o
LOAD C:\Users\nxf37702\AppData\Local\Temp\ccWIDcpI.ltrans12.ltrans.o
LOAD C:\Users\nxf37702\AppData\Local\Temp\ccWIDcpI.ltrans13.ltrans.o
LOAD C:\Users\nxf37702\AppData\Local\Temp\ccWIDcpI.ltrans14.ltrans.o
LOAD C:\Users\nxf37702\AppData\Local\Temp\ccWIDcpI.ltrans15.ltrans.o
LOAD C:\Users\nxf37702\AppData\Local\Temp\ccWIDcpI.ltrans16.ltrans.o
LOAD C:\Users\nxf37702\AppData\Local\Temp\ccWIDcpI.ltrans17.ltrans.o
LOAD C:\Users\nxf37702\AppData\Local\Temp\ccWIDcpI.ltrans18.ltrans.o
LOAD C:\Users\nxf37702\AppData\Local\Temp\ccWIDcpI.ltrans19.ltrans.o
LOAD C:\Users\nxf37702\AppData\Local\Temp\ccWIDcpI.ltrans20.ltrans.o
LOAD C:\Users\nxf37702\AppData\Local\Temp\ccWIDcpI.ltrans21.ltrans.o
LOAD C:\Users\nxf37702\AppData\Local\Temp\ccWIDcpI.ltrans22.ltrans.o
LOAD C:\Users\nxf37702\AppData\Local\Temp\ccWIDcpI.ltrans23.ltrans.o
LOAD C:\Users\nxf37702\AppData\Local\Temp\ccWIDcpI.ltrans24.ltrans.o
LOAD C:\Users\nxf37702\AppData\Local\Temp\ccWIDcpI.ltrans25.ltrans.o
LOAD C:\Users\nxf37702\AppData\Local\Temp\ccWIDcpI.ltrans26.ltrans.o
LOAD C:\Users\nxf37702\AppData\Local\Temp\ccWIDcpI.ltrans27.ltrans.o
LOAD C:\Users\nxf37702\AppData\Local\Temp\ccWIDcpI.ltrans28.ltrans.o
LOAD C:\Users\nxf37702\AppData\Local\Temp\ccWIDcpI.ltrans29.ltrans.o
LOAD C:\Users\nxf37702\AppData\Local\Temp\ccWIDcpI.ltrans30.ltrans.o
LOAD C:\Users\nxf37702\AppData\Local\Temp\ccWIDcpI.ltrans31.ltrans.o
LOAD c:/nxp/bstudio_nxp/sdk/tools/ba-elf-ba2-r36379/bin/../lib/gcc/ba-elf/4.7.4/../../../../ba-elf/lib/mcpu_jn51xx_sizeopt\libc.a
LOAD c:/nxp/bstudio_nxp/sdk/tools/ba-elf-ba2-r36379/bin/../lib/gcc/ba-elf/4.7.4/mcpu_jn51xx_sizeopt\libgcc.a
LOAD c:/nxp/bstudio_nxp/sdk/tools/ba-elf-ba2-r36379/bin/../lib/gcc/ba-elf/4.7.4/../../../../ba-elf/lib/mcpu_jn51xx_sizeopt\libc.a
LOAD os_irq.o
LOAD os_irq_alignment.o
LOAD os_irq_buserror.o
LOAD os_irq_illegalinstruction.o
LOAD os_irq_stackoverflowexception.o
LOAD os_irq_unimplementedmodule.o
LOAD pdum_gen.o
LOAD zps_gen.o
LOAD app_Znc_cmds.o
LOAD app_Znc_zcltask.o
LOAD app_ZncParser_task.o
LOAD app_ZncCommission_task.o
LOAD app_start.o
LOAD SerialLink.o
LOAD uart.o
LOAD NumToString.o
LOAD app_timer_driver.o
LOAD ecb_decrypt.o
LOAD appZpsBeaconHandler.o
LOAD appZdpExtraction.o
LOAD pdum_apdu.o
LOAD app_scenes.o
LOAD app_ota_server.o
LOAD app_poll_control_commands_handler.o
LOAD app_zbp_utilities.o
LOAD AgeChildren.o
LOAD Alarms.o
LOAD AlarmsClientCommands.o
LOAD AlarmsCommandHandler.o
LOAD AlarmsServerCommands.o
LOAD AlarmsTableManager.o
LOAD AnalogInputBasic.o
LOAD AnalogOutputBasic.o
LOAD Basic.o
LOAD BasicClientCommands.o
LOAD BasicCommandHandler.o
LOAD BinaryInputBasic.o
LOAD BinaryOutputBasic.o
LOAD Commissioning.o
LOAD DeviceTemperatureConfiguration.o
LOAD Diagnostics.o
LOAD DoorLock.o
LOAD DoorLockCommandHandler.o
LOAD DoorLockCommands.o
LOAD ElectricalMeasurement.o
LOAD Groups.o
LOAD GroupsClientCommands.o
LOAD GroupsCommandHandler.o
LOAD GroupsServerCommands.o
LOAD GroupsTableManager.o
LOAD Identify.o
LOAD IdentifyClientCommands.o
LOAD IdentifyCommandHandler.o
LOAD IdentifyServerCommands.o
LOAD LevelControl.o
LOAD LevelControlClientCommands.o
LOAD LevelControlCommandHandler.o
LOAD MultistateInputBasic.o
LOAD MultistateOutputBasic.o
LOAD OOSC.o
LOAD OnOff.o
LOAD OnOffCommandHandler.o
LOAD OnOffCommands.o
LOAD PollControl.o
LOAD PollControlClientCommands.o
LOAD PollControlCommandHandler.o
LOAD PollControlServerCommands.o
LOAD PowerConfiguration.o
LOAD Scenes.o
LOAD ScenesClientCommands.o
LOAD ScenesClusterManagement.o
LOAD ScenesCommandHandler.o
LOAD ScenesServerCommands.o
LOAD ScenesTableManager.o
LOAD TC.o
LOAD Time.o
LOAD FlowMeasurement.o
LOAD IlluminanceLevelSensing.o
LOAD IlluminanceMeasurement.o
LOAD OccupancySensing.o
LOAD PressureMeasurement.o
LOAD RelativeHumidityMeasurement.o
LOAD TemperatureMeasurement.o
LOAD zll_CommissionCmdHandler.o
LOAD zll_UtilityCmdHandler.o
LOAD zll_commission.o
LOAD zll_utility.o
LOAD colour_light.o
LOAD colour_remote.o
LOAD colour_scene_remote.o
LOAD colour_temperature_light.o
LOAD commission_endpoint.o
LOAD control_bridge.o
LOAD dimmable_light.o
LOAD dimmable_plug.o
LOAD extended_colour_light.o
LOAD non_colour_remote.o
LOAD non_colour_scene_remote.o
LOAD on_off_light.o
LOAD on_off_plug.o
LOAD on_off_sensor.o
LOAD zll.o
LOAD BallastConfiguration.o
LOAD ColourControl.o
LOAD ColourControlClientCommands.o
LOAD ColourControlCommandHandler.o
LOAD ColourControlConversions.o
LOAD ApplianceControl.o
LOAD ApplianceControlClientCommands.o
LOAD ApplianceControlCommandHandler.o
LOAD ApplianceControlServerCommands.o
LOAD ApplianceEventsAndAlerts.o
LOAD ApplianceEventsAndAlertsClientCommands.o
LOAD ApplianceEventsAndAlertsCommandHandler.o
LOAD ApplianceEventsAndAlertsServerCommands.o
LOAD ApplianceIdentification.o
LOAD ApplianceStatistics.o
LOAD ApplianceStatisticsClientCommands.o
LOAD ApplianceStatisticsCommandHandler.o
LOAD ApplianceStatisticsServerCommands.o
LOAD PowerProfile.o
LOAD PowerProfileClientCommands.o
LOAD PowerProfileCommandHandler.o
LOAD PowerProfileServerCommands.o
LOAD home_gateway.o
LOAD white_goods.o
LOAD FanControl.o
LOAD Thermostat.o
LOAD ThermostatCommandHandler.o
LOAD ThermostatCommands.o
LOAD ThermostatUIConfig.o
LOAD temperature_sensor.o
LOAD thermostat_device.o
LOAD DRLC.o
LOAD DRLCCommandCanceAlllLoadControlEvents.o
LOAD DRLCCommandCancelLoadControlEvent.o
LOAD DRLCCommandGetScheduledEvents.o
LOAD DRLCCommandHandler.o
LOAD DRLCCommandLoadControlEvent.o
LOAD DRLCCommandReportEventStatus.o
LOAD DRLCCustomCommandResponsesClient.o
LOAD DRLCCustomCommandResponsesServer.o
LOAD DRLCEffectiveTime.o
LOAD DRLCScheduler.o
LOAD DRLCTableManagerNoMutex.o
LOAD DRLCTableManagerServer.o
LOAD DRLCUserEventOptInOut.o
LOAD Price.o
LOAD PriceBlockPeriodTableManager.o
LOAD PriceCalorificValueTableManager.o
LOAD PriceCommandGetBlockPeriod.o
LOAD PriceCommandGetCalorificValue.o
LOAD PriceCommandGetConversionFactor.o
LOAD PriceCommandGetCurrentPrice.o
LOAD PriceCommandGetScheduledPrices.o
LOAD PriceCommandPriceAck.o
LOAD PriceCommandPublishBlockPeriod.o
LOAD PriceCommandPublishBlockPeriodReceive.o
LOAD PriceCommandPublishCalorificValue.o
LOAD PriceCommandPublishCalorificValueReceive.o
LOAD PriceCommandPublishConversionFactor.o
LOAD PriceCommandPublishConversionFactorReceive.o
LOAD PriceCommandPublishPrice.o
LOAD PriceCommandPublishPriceReceive.o
LOAD PriceConversionFactorTableManager.o
LOAD PriceCustomCommandHandler.o
LOAD PriceCustomCommandResponses.o
LOAD PriceScheduler.o
LOAD PriceServerAttributeManager.o
LOAD PriceTableManager.o
LOAD SimpleMetering.o
LOAD SimpleMeteringCommandHandler.o
LOAD SimpleMetering_SendRequest.o
LOAD IASACE.o
LOAD IASACEClientCommands.o
LOAD IASACECommandHandler.o
LOAD IASACEServerCommands.o
LOAD IASWD.o
LOAD IASWDCommandHandler.o
LOAD IASWDCommands.o
LOAD IASZone.o
LOAD IASZoneCommandHandler.o
LOAD IASZoneCommands.o
LOAD ancillary_control_equipment.o
LOAD control_and_indicating_equipment.o
LOAD warning_device.o
LOAD zone.o
LOAD dlist.o
LOAD zcl.o
LOAD zcl_CustomCommandReceive.o
LOAD zcl_CustomCommandSend.o
LOAD zcl_PDUbufferReadWrite.o
LOAD zcl_PDUbufferReadWriteString.o
LOAD zcl_WriteAttributesRequestHandle.o
LOAD zcl_WriteAttributesRequestSend.o
LOAD zcl_WriteAttributesResponseHandle.o
LOAD zcl_attribute.o
LOAD zcl_buffer.o
LOAD zcl_clusterCommand.o
LOAD zcl_command.o
LOAD zcl_configureReportingCommandHandle.o
LOAD zcl_configureReportingCommandSend.o
LOAD zcl_configureReportingResponseHandle.o
LOAD zcl_defaultResponse.o
LOAD zcl_discoverAttributesExtendedRequestHandle.o
LOAD zcl_discoverAttributesExtendedRequestSend.o
LOAD zcl_discoverAttributesExtendedResponseHandle.o
LOAD zcl_discoverAttributesRequestHandle.o
LOAD zcl_discoverAttributesRequestSend.o
LOAD zcl_discoverAttributesResponseHandle.o
LOAD zcl_discoverCommandsRequestHandle.o
LOAD zcl_discoverCommandsRequestSend.o
LOAD zcl_discoverCommandsResponseHandle.o
LOAD zcl_event.o
LOAD zcl_heap.o
LOAD zcl_library_options.o
LOAD zcl_readAttributesRequestHandle.o
LOAD zcl_readAttributesRequestSend.o
LOAD zcl_readAttributesResponseHandle.o
LOAD zcl_readReportingConfigurationCommandHandle.o
LOAD zcl_readReportingConfigurationCommandSend.o
LOAD zcl_readReportingConfigurationResponseHandle.o
LOAD zcl_reportManager.o
LOAD zcl_reportMaths.o
LOAD zcl_reportScheduler.o
LOAD zcl_reportStringHandling.o
LOAD zcl_reportStructure.o
LOAD zcl_search.o
LOAD zcl_timer.o
LOAD zcl_transmit.o
LOAD OTA.o
LOAD OTA_ClientUpgradeManager.o
LOAD OTA_CustomCommandHandler.o
LOAD OTA_CustomReceiveCommands.o
LOAD OTA_ServerUpgradeManager.o
LOAD OTA_client.o
LOAD OTA_common.o
LOAD OTA_server.o
LOAD c:/nxp/bstudio_nxp/workspace/JN-AN-1223v1014/Admin/JN-AN-1223-ZigBee-IoT-Gateway-Control-Bridge-v1014/../../../../sdk/JN-SW-4168/Components/Library\libZPSMAC_Mini_JN516x.a
LOAD c:/nxp/bstudio_nxp/workspace/JN-AN-1223v1014/Admin/JN-AN-1223-ZigBee-IoT-Gateway-Control-Bridge-v1014/../../../../sdk/JN-SW-4168/Components/Library\libOS_JN516x.a
LOAD c:/nxp/bstudio_nxp/workspace/JN-AN-1223v1014/Admin/JN-AN-1223-ZigBee-IoT-Gateway-Control-Bridge-v1014/../../../../sdk/JN-SW-4168/Components/Library\libPWRM_JN516x.a
LOAD c:/nxp/bstudio_nxp/workspace/JN-AN-1223v1014/Admin/JN-AN-1223-ZigBee-IoT-Gateway-Control-Bridge-v1014/../../../../sdk/JN-SW-4168/Components/Library\libZPSTSV_JN516x.a
LOAD c:/nxp/bstudio_nxp/workspace/JN-AN-1223v1014/Admin/JN-AN-1223-ZigBee-IoT-Gateway-Control-Bridge-v1014/../../../../sdk/JN-SW-4168/Components/Library\libAES_SW_JN516x.a
LOAD c:/nxp/bstudio_nxp/workspace/JN-AN-1223v1014/Admin/JN-AN-1223-ZigBee-IoT-Gateway-Control-Bridge-v1014/../../../../sdk/JN-SW-4168/Components/Library\libPDUM_JN516x.a
LOAD c:/nxp/bstudio_nxp/workspace/JN-AN-1223v1014/Admin/JN-AN-1223-ZigBee-IoT-Gateway-Control-Bridge-v1014/../../../../sdk/JN-SW-4168/Components/Library\libZPSAPL_JN516x.a
LOAD c:/nxp/bstudio_nxp/workspace/JN-AN-1223v1014/Admin/JN-AN-1223-ZigBee-IoT-Gateway-Control-Bridge-v1014/../../../../sdk/JN-SW-4168/Components/Library\libRandom_JN516x.a
LOAD c:/nxp/bstudio_nxp/workspace/JN-AN-1223v1014/Admin/JN-AN-1223-ZigBee-IoT-Gateway-Control-Bridge-v1014/../../../../sdk/JN-SW-4168/Components/Library\libPDM_EEPROM_JN516x.a
LOAD c:/nxp/bstudio_nxp/workspace/JN-AN-1223v1014/Admin/JN-AN-1223-ZigBee-IoT-Gateway-Control-Bridge-v1014/../../../../sdk/JN-SW-4168/Components/Library\libDBG_JN516x.a
LOAD c:/nxp/bstudio_nxp/workspace/JN-AN-1223v1014/Admin/JN-AN-1223-ZigBee-IoT-Gateway-Control-Bridge-v1014/../../../../sdk/JN-SW-4168/Components/Library\libZPSZLL_JN516x.a
LOAD c:/nxp/bstudio_nxp/workspace/JN-AN-1223v1014/Admin/JN-AN-1223-ZigBee-IoT-Gateway-Control-Bridge-v1014/../../../../sdk/JN-SW-4168/Components/Library\libZPSNWK_JN516x.a
LOAD c:/nxp/bstudio_nxp/workspace/JN-AN-1223v1014/Admin/JN-AN-1223-ZigBee-IoT-Gateway-Control-Bridge-v1014/../../../../sdk/JN-SW-4168/Components/Library\libMiniMac_JN5169.a
LOAD c:/nxp/bstudio_nxp/workspace/JN-AN-1223v1014/Admin/JN-AN-1223-ZigBee-IoT-Gateway-Control-Bridge-v1014/../../../../sdk/JN-SW-4168/Components/Library\libMiniMacShim_JN516x.a
LOAD c:/nxp/bstudio_nxp/workspace/JN-AN-1223v1014/Admin/JN-AN-1223-ZigBee-IoT-Gateway-Control-Bridge-v1014/../../../../sdk/JN-SW-4168/Components/Library\libMMAC_JN5169.a
LOAD c:/nxp/bstudio_nxp/workspace/JN-AN-1223v1014/Admin/JN-AN-1223-ZigBee-IoT-Gateway-Control-Bridge-v1014/../../../../sdk/JN-SW-4168/Components/Library\libJPT_JN5169.a
LOAD c:/nxp/bstudio_nxp/workspace/JN-AN-1223v1014/Admin/JN-AN-1223-ZigBee-IoT-Gateway-Control-Bridge-v1014/../../../../sdk/JN-SW-4168/Components/Library\libAes_JN516x.a
LOAD c:/nxp/bstudio_nxp/workspace/JN-AN-1223v1014/Admin/JN-AN-1223-ZigBee-IoT-Gateway-Control-Bridge-v1014/../../../../sdk/JN-SW-4168/Components/Library\libHardwareApi_JN5169.a
LOAD c:/nxp/bstudio_nxp/workspace/JN-AN-1223v1014/Admin/JN-AN-1223-ZigBee-IoT-Gateway-Control-Bridge-v1014/../../../../sdk/JN-SW-4168/Components/Library\libMicroSpecific_JN516x.a
LOAD c:/nxp/bstudio_nxp/workspace/JN-AN-1223v1014/Admin/JN-AN-1223-ZigBee-IoT-Gateway-Control-Bridge-v1014/../../../../sdk/JN-SW-4168/Components/Library\libBoot_JN516x.a
LOAD c:/nxp/bstudio_nxp/workspace/JN-AN-1223v1014/Admin/JN-AN-1223-ZigBee-IoT-Gateway-Control-Bridge-v1014/../../../../sdk/JN-SW-4168/Platform/DK2/Library\libBoardLib_JN516x.a
LOAD c:/nxp/bstudio_nxp/sdk/tools/ba-elf-ba2-r36379/bin/../lib/gcc/ba-elf/4.7.4/../../../../ba-elf/lib/mcpu_jn51xx_sizeopt\libm.a
END GROUP
LOAD c:/nxp/bstudio_nxp/sdk/tools/ba-elf-ba2-r36379/bin/../lib/gcc/ba-elf/4.7.4/../../../../ba-elf/lib/mcpu_jn51xx_sizeopt\libc.a
LOAD c:/nxp/bstudio_nxp/sdk/tools/ba-elf-ba2-r36379/bin/../lib/gcc/ba-elf/4.7.4/mcpu_jn51xx_sizeopt\libgcc.a
LOAD c:/nxp/bstudio_nxp/sdk/tools/ba-elf-ba2-r36379/bin/../lib/gcc/ba-elf/4.7.4/../../../../ba-elf/lib/mcpu_jn51xx_sizeopt\libc.a
                0x0000000000080038                exception_vsr_table = 0x80038
                0x0000000004000000                pSPIflashFncTable = 0x4000000
                0x0000000000000044                restore_state = 0x44
                0x000000000000004a                bZSPIWaitWIPClear = 0x4a
                0x0000000000000050                u16ZSPIflashRDID = 0x50
                0x0000000000000056                u8SelectFlashChipType = 0x56
                0x000000000000005c                memcpy = 0x5c
                0x0000000000000066                vBootFlashProg = 0x66
                [0x00000000000007d0]                __minimum_heap_size = DEFINED (__minimum_heap_size)?__minimum_heap_size:0xd16
                [0x0000000000001964]                __stack_size = DEFINED (__stack_size)?__stack_size:0x800
                0x0000000000000000                _SwConfig = (DEFINED (g_bSWConf_Debug) | (DEFINED (g_bSWConf_AltDebugPort) << 0x1))

.version        0x000000000007fffc        0x4
                0x000000000007fffc        0x4 LONG 0xf03000b

.bir            0x0000000000080000       0x10
                0x0000000000080000                _flash_start = ABSOLUTE (.)
                0x0000000000080000                _flash_beg = ABSOLUTE (.)
                0x0000000000080000        0x4 LONG 0x12345678
                0x0000000000080004        0x4 LONG 0x11223344
                0x0000000000080008        0x4 LONG 0x55667788
                0x000000000008000c        0x1 BYTE 0x8
                0x000000000008000d        0x1 BYTE 0x1
                0x000000000008000e        0x2 SHORT 0x0

.flashheader    0x0000000000080010       0x28
                0x0000000000080010        0x4 LONG 0x0
                0x0000000000080014        0x4 LONG 0x0
                0x0000000000080018        0x4 LONG 0x0
                0x000000000008001c        0x2 SHORT 0x0
                0x000000000008001e        0x2 SHORT 0x0 ABSOLUTE (_SwConfig)
                0x0000000000080020                _enc_start = ABSOLUTE (.)
                0x0000000000080020        0x4 LONG 0x2d82c ABSOLUTE (_image_len)
                0x0000000000080024        0x4 LONG 0xaceb8 ABSOLUTE (_flash_data_start)
                0x0000000000080028        0x2 SHORT 0x13 ((ABSOLUTE (_ram_data_start) / 0x4) & 0xffff)
                0x000000000008002a        0x2 SHORT 0x25d ((ABSOLUTE (_ram_data_len) / 0x4) & 0xffff)
                0x000000000008002c        0x2 SHORT 0x270 ((ABSOLUTE (_bss_start) / 0x4) & 0xffff)
                0x000000000008002e        0x2 SHORT 0x1580 ((ABSOLUTE (_bss_len) / 0x4) & 0xffff)
                0x0000000000080030        0x4 LONG 0xac132 ABSOLUTE (AppWarmStart)
                0x0000000000080034        0x4 LONG 0xac14e ABSOLUTE (AppColdStart)
                0x0000000000000000                _enc_offset = (_enc_start & 0xf)

.ro_mac_address
                0x0000000000080040       0x10
                0x0000000000080040                _FlsMACAddress = ABSOLUTE (.)
 *(.ro_mac_address)
 .ro_mac_address
                0x0000000000080040        0x8 C:\Users\nxf37702\AppData\Local\Temp\ccWIDcpI.ltrans6.ltrans.o
                0x0000000000080050                . = ALIGN (0x10)
 *fill*         0x0000000000080048        0x8 00

.ro_ota_header  0x0000000000080050       0x50
                0x0000000000080050                _FlsOtaHeader = ABSOLUTE (.)
 *(.ro_ota_header)
 .ro_ota_header
                0x0000000000080050       0x45 C:\Users\nxf37702\AppData\Local\Temp\ccWIDcpI.ltrans6.ltrans.o
                0x00000000000800a0                . = ALIGN (0x10)
 *fill*         0x0000000000080095        0xb 00

.ro_se_lnkKey   0x00000000000800a0        0x0
                0x00000000000800a0                _FlsLinkKey = ABSOLUTE (.)
 *(.ro_se_lnkKey)
                0x00000000000800a0                . = ALIGN (0x10)

.rodata         0x00000000000800a0     0x1378
 *(.rodata*)
 .rodata.str1.1
                0x00000000000800a0       0x2b C:\Users\nxf37702\AppData\Local\Temp\ccWIDcpI.ltrans0.ltrans.o
                                         0x3f (size before relaxing)
 .rodata.str1.1
                0x00000000000800cb       0x1c C:\Users\nxf37702\AppData\Local\Temp\ccWIDcpI.ltrans1.ltrans.o
 *fill*         0x00000000000800e7        0x1 00
 .rodata        0x00000000000800e8      0x18c C:\Users\nxf37702\AppData\Local\Temp\ccWIDcpI.ltrans1.ltrans.o
 .rodata        0x0000000000080274      0x1a8 C:\Users\nxf37702\AppData\Local\Temp\ccWIDcpI.ltrans2.ltrans.o
 .rodata.str1.1
                0x0000000000000000       0x1c C:\Users\nxf37702\AppData\Local\Temp\ccWIDcpI.ltrans2.ltrans.o
                                          0x8 (size before relaxing)
 .rodata.str1.1
                0x0000000000000000       0x1c C:\Users\nxf37702\AppData\Local\Temp\ccWIDcpI.ltrans3.ltrans.o
                                          0x7 (size before relaxing)
 .rodata.str1.1
                0x000000000008041c        0x6 C:\Users\nxf37702\AppData\Local\Temp\ccWIDcpI.ltrans4.ltrans.o
                                          0xe (size before relaxing)
 *fill*         0x0000000000080422        0x2 00
 .rodata        0x0000000000080424       0x18 C:\Users\nxf37702\AppData\Local\Temp\ccWIDcpI.ltrans5.ltrans.o
 .rodata.str1.1
                0x000000000008043c        0x7 C:\Users\nxf37702\AppData\Local\Temp\ccWIDcpI.ltrans5.ltrans.o
                                         0x1c (size before relaxing)
 .rodata.str1.1
                0x0000000000080443       0x1b C:\Users\nxf37702\AppData\Local\Temp\ccWIDcpI.ltrans6.ltrans.o
 .rodata.str1.1
                0x0000000000000000        0x6 C:\Users\nxf37702\AppData\Local\Temp\ccWIDcpI.ltrans7.ltrans.o
 *fill*         0x000000000008045e        0x2 00
 .rodata        0x0000000000080460       0x50 C:\Users\nxf37702\AppData\Local\Temp\ccWIDcpI.ltrans7.ltrans.o
                0x0000000000080460                pfnCallbackMcps
                0x0000000000080464                g_u32NwkFcSaveCountBitShift
 .rodata.str1.1
                0x0000000000000000        0x3 C:\Users\nxf37702\AppData\Local\Temp\ccWIDcpI.ltrans8.ltrans.o
 .rodata.str1.1
                0x00000000000804b0       0x25 C:\Users\nxf37702\AppData\Local\Temp\ccWIDcpI.ltrans10.ltrans.o
                                         0x39 (size before relaxing)
 *fill*         0x00000000000804d5        0x3 00
 .rodata        0x00000000000804d8      0x1dc C:\Users\nxf37702\AppData\Local\Temp\ccWIDcpI.ltrans10.ltrans.o
                0x00000000000804d8                s_apsStSceTbl.192467
                0x00000000000804ec                s_aprIdleStHandleCme.202448
                0x0000000000080500                s_aprActvStHandleCme.198580
                0x0000000000080538                zps_sJoinSceTbl
                0x0000000000080544                zps_sActvSceTbl
 .rodata.str1.1
                0x00000000000806b4        0x5 C:\Users\nxf37702\AppData\Local\Temp\ccWIDcpI.ltrans11.ltrans.o
                                         0x17 (size before relaxing)
 .rodata.str1.1
                0x00000000000806b9       0x13 C:\Users\nxf37702\AppData\Local\Temp\ccWIDcpI.ltrans12.ltrans.o
                                         0x1a (size before relaxing)
 .rodata.str1.1
                0x00000000000806cc        0xd C:\Users\nxf37702\AppData\Local\Temp\ccWIDcpI.ltrans13.ltrans.o
                                         0x18 (size before relaxing)
 .rodata.str1.1
                0x0000000000000000        0xd C:\Users\nxf37702\AppData\Local\Temp\ccWIDcpI.ltrans14.ltrans.o
                                         0x13 (size before relaxing)
 .rodata        0x00000000000806d9        0x7 C:\Users\nxf37702\AppData\Local\Temp\ccWIDcpI.ltrans14.ltrans.o
                0x00000000000806d9                u8MacNwkTriesTimeout
 .rodata.str1.1
                0x00000000000806e0       0x1c C:\Users\nxf37702\AppData\Local\Temp\ccWIDcpI.ltrans15.ltrans.o
                                         0x43 (size before relaxing)
 .rodata.str1.1
                0x0000000000000000        0x4 C:\Users\nxf37702\AppData\Local\Temp\ccWIDcpI.ltrans16.ltrans.o
 .rodata.str1.1
                0x0000000000000000        0x4 C:\Users\nxf37702\AppData\Local\Temp\ccWIDcpI.ltrans17.ltrans.o
 .rodata        0x00000000000806fc       0x14 C:\Users\nxf37702\AppData\Local\Temp\ccWIDcpI.ltrans17.ltrans.o
                0x00000000000806fc                gMAC_u8MaxBuffers
                0x0000000000080700                g_u32ApsFcSaveCountBitShift
                0x0000000000080704                u8MaxZpsConfigEp
                0x0000000000080705                au8EpMapPresent
                0x0000000000080708                s_groupPdmTable
 .rodata.str1.1
                0x0000000000080710        0x5 C:\Users\nxf37702\AppData\Local\Temp\ccWIDcpI.ltrans18.ltrans.o
 .rodata        0x0000000000080715        0x8 C:\Users\nxf37702\AppData\Local\Temp\ccWIDcpI.ltrans18.ltrans.o
 .rodata.str1.1
                0x000000000008071d      0x158 C:\Users\nxf37702\AppData\Local\Temp\ccWIDcpI.ltrans19.ltrans.o
 .rodata.str1.1
                0x0000000000080875       0xa0 C:\Users\nxf37702\AppData\Local\Temp\ccWIDcpI.ltrans20.ltrans.o
 *fill*         0x0000000000080915        0x3 00
 .rodata        0x0000000000080918       0x18 C:\Users\nxf37702\AppData\Local\Temp\ccWIDcpI.ltrans20.ltrans.o
                0x0000000000080918                au32NwkPdmRecordOffsets
 .rodata.str1.1
                0x0000000000080930       0x13 C:\Users\nxf37702\AppData\Local\Temp\ccWIDcpI.ltrans21.ltrans.o
                                         0x20 (size before relaxing)
 .rodata.str1.1
                0x0000000000080943       0x4b C:\Users\nxf37702\AppData\Local\Temp\ccWIDcpI.ltrans22.ltrans.o
                                         0x58 (size before relaxing)
 .rodata.str1.1
                0x0000000000000000        0x8 C:\Users\nxf37702\AppData\Local\Temp\ccWIDcpI.ltrans23.ltrans.o
 .rodata.str1.1
                0x000000000008098e       0x69 C:\Users\nxf37702\AppData\Local\Temp\ccWIDcpI.ltrans25.ltrans.o
                                         0x6a (size before relaxing)
 .rodata.str1.1
                0x00000000000809f7       0xa5 C:\Users\nxf37702\AppData\Local\Temp\ccWIDcpI.ltrans26.ltrans.o
                                         0xea (size before relaxing)
 .rodata        0x0000000000080a9c        0xa C:\Users\nxf37702\AppData\Local\Temp\ccWIDcpI.ltrans26.ltrans.o
                0x0000000000080a9c                u16ActiveEDAddress.14447
 .rodata.str1.1
                0x0000000000080aa6        0x6 C:\Users\nxf37702\AppData\Local\Temp\ccWIDcpI.ltrans27.ltrans.o
 .rodata        0x0000000000080aac      0x318 C:\Users\nxf37702\AppData\Local\Temp\ccWIDcpI.ltrans28.ltrans.o
                0x0000000000080cac                gu32ZCLVersion
                0x0000000000080cb0                ZPS_g_u32MacVersion
                0x0000000000080cb4                OS_g_u32Version
                0x0000000000080cb8                PDUM_g_u32Version
                0x0000000000080cbc                ZPS_g_u32TsvVersion
 .rodata.str1.1
                0x0000000000080dc4       0x5a C:\Users\nxf37702\AppData\Local\Temp\ccWIDcpI.ltrans29.ltrans.o
 .rodata        0x0000000000080e1e      0x116 C:\Users\nxf37702\AppData\Local\Temp\ccWIDcpI.ltrans29.ltrans.o
 .rodata.str1.1
                0x0000000000080f34       0x14 C:\Users\nxf37702\AppData\Local\Temp\ccWIDcpI.ltrans31.ltrans.o
 .rodata        0x0000000000080f48      0x4d0 C:\Users\nxf37702\AppData\Local\Temp\ccWIDcpI.ltrans31.ltrans.o
                0x0000000000080f48                zps_g_pvApl
                0x0000000000080f4c                au32UartAddrOffset
                0x0000000000080f54                pwrm_psWakeupCallbacks

.text           0x0000000000081418    0x2ba9e
 *(.text*)
 .text          0x0000000000081418     0x39d0 C:\Users\nxf37702\AppData\Local\Temp\ccWIDcpI.ltrans0.ltrans.o
                0x0000000000081418                APP_TIMER_Version_1v0
                0x0000000000081418                vProcessIncomingSerialCommands
 .text          0x0000000000084de8     0x17b8 C:\Users\nxf37702\AppData\Local\Temp\ccWIDcpI.ltrans1.ltrans.o
                0x0000000000084de8                vInitialiseApp.9901
 .text          0x00000000000865a0     0x1a94 C:\Users\nxf37702\AppData\Local\Temp\ccWIDcpI.ltrans2.ltrans.o
                0x000000000008669a                vMMAC_IntHandlerBbc
                0x00000000000866b4                eBasicTxCompleteHandler
                0x00000000000866b9                vTxRxTimeout.209494
                0x0000000000086716                eSmeAcScBeaconInd.200543
                0x0000000000086772                eSmeASFlBeaconInd.200378
                0x0000000000086800                zps_eNwkHandleSmePollDcfm
                0x000000000008682a                eLeaveDataDcfmRemoteLeave.205125
                0x0000000000086873                eSmeGenlScanDcfm.200370
                0x00000000000868d1                eSmeEdScScanDcfm.200366
                0x000000000008691a                eSmeAcScBeaconInd.200386
                0x0000000000086a22                eSmeUDNTBeaconInd.200362
                0x0000000000086a45                ZPS_bIsMacAddressUsedInApsTable
                0x0000000000086afb                eCLD_GroupsCheckGroupExists
                0x0000000000086b68                ZPS_eTsvOpen
                0x0000000000086b82                zps_vNwkBttMgrInit
                0x0000000000086bb0                vMicroIntEnableOnly.constprop.195
                0x0000000000086bdc                vACI_OptimisedCcmStar.constprop.189
                0x0000000000086dc8                zps_eNwkRtDiscMatch.constprop.186
                0x0000000000086e1b                vMiniMac_MLME_SetReq_PanId
                0x0000000000086e58                vMiniMac_MLME_SetReq_ShortAddr
                0x0000000000086e66                pvZCL_HeapAlloc.part.0.88711.constprop.90
                0x0000000000086ea0                bAHI_FlashInit.constprop.75
                0x0000000000087018                vOtaFlashInitHw
                0x000000000008701a                vAHI_WakeTimerStop.part.3.211610.constprop.40
                0x0000000000087035                psSearchList.75751.constprop.21
                0x0000000000087058                vAHI_SpiRestoreConfiguration.constprop.12
                0x0000000000087099                vAHI_SpiReadConfiguration.constprop.9
                0x00000000000870ca                vConfigureSpi
                0x000000000008710a                vOtaFlashRead
                0x000000000008714b                pvHeap_Alloc
                0x000000000008714e                vMicroIntRestoreState
                0x000000000008715a                vSetChannelAndPower
                0x00000000000872fa                vMiniMac_PLME_SetReq_Power
                0x000000000008730e                vMiniMac_PLME_SetReq_Channel
                0x0000000000087316                TSV_eStart
                0x0000000000087366                bAHI_WriteEEPROMfixSegmentData
                0x00000000000873c4                bAHI_InitialiseEEPROM
                0x000000000008740c                vAHI_ReadDataFromEEPROMregister
                0x0000000000087439                vAHI_WriteDataIntoEEPROMregister
                0x0000000000087469                iAHI_WriteDataIntoEEPROMsegment.constprop.191
                0x00000000000874b7                iPDM_WriteSegmentHeaderDataIntoEEPROMsegment
                0x00000000000874e6                u32RaiseDigitalVoltage
                0x0000000000087506                vAHI_UartReset.part.4.211364
                0x000000000008753e                vAHI_UartConfigureFIFOs.part.5.211463.constprop.28
                0x00000000000875ab                vAHI_UartSetBaudDivisor.part.1.211344
                0x00000000000875ea                vAHI_OptimiseWaitStates
                0x0000000000087636                bAHI_GetClkSource
                0x0000000000087643                vAHI_SwReset
                0x0000000000087674                vAHI_DioSetOutput
                0x0000000000087688                bACI_WriteKey
                0x00000000000878a2                vTransformKey.isra.0.110497
                0x00000000000878d2                eDecryptKey.9431
                0x0000000000087cb9                vRadioToOff
                0x0000000000087cd6                eAppApiDefPlmeGet.part.0.209756
                0x0000000000087ce5                psSearchForFrameToSend
                0x0000000000087d3d                eMiniMac_FrameInProgress
                0x0000000000087d68                vRemoveFromTxQueue
                0x0000000000087da4                vAddToTxQueue
                0x0000000000087dda                vEnableReceive.209498
                0x0000000000087e14                vStartReceive
                0x0000000000087e2f                u8GetHeaderSize
                0x0000000000087e57                vMiniMac_PLME_SetReq_CcaMode
                0x0000000000087e6b                vMiniMac_MLME_SetReq_MaxCsmaBackoffs
                0x0000000000087e8b                vMiniMac_MLME_SetReq_MaxBe
                0x0000000000087eae                vMiniMac_MLME_SetReq_MinBe
                0x0000000000087ed1                zps_vSendJoinInd
                0x0000000000087f43                zps_psFormatCmdFrameGeneral
                0x0000000000087fd0                zps_eNwkFormStInit
                0x0000000000087fe5                vSendDcfm.201064
                0x000000000008800b                bCheckMatchingEntry.200538
 .text.unlikely
                0x0000000000088034      0x150 C:\Users\nxf37702\AppData\Local\Temp\ccWIDcpI.ltrans2.ltrans.o
                0x0000000000088049                vAHI_MemoryHold.211042
                0x00000000000880fc                eEncryptKey.9295
 .text          0x0000000000088184     0x1b37 C:\Users\nxf37702\AppData\Local\Temp\ccWIDcpI.ltrans3.ltrans.o
                0x0000000000088184                PDUM_eNPduFree
                0x00000000000881f2                MAC_vHandleMcpsVsReqRsp
                0x0000000000088375                vPostVsMcpsDcfmInd.122005
                0x000000000008845f                ZPS_vInterceptMcpsDataCallback
                0x00000000000884c3                zps_vNwkMcpsMgrFreeReqDescr
                0x00000000000884f5                zps_vNwkRemoveConflictedBroadcast
                0x0000000000088547                zps_vNwkMcpsMgrTidyBtrReqDescr
                0x000000000008858a                vNwkBttTimerExpiry.198628
                0x00000000000886a7                PDUM_hAPduAllocateAPduInstance
                0x000000000008871c                hZCL_AllocateAPduInstance
                0x0000000000088759                zps_eAplZdoSendZdpResponse
                0x00000000000887a2                bSendResponse.140113
                0x00000000000887e5                PDUM_eAPduFreeAPduInstance
                0x0000000000088b25                zps_bAplZdoMatchDescServer
                0x0000000000088b39                zps_bAplZdoNodeDescServer
                0x0000000000088ca5                zps_bAplZdoSimpleDescServer
                0x0000000000088f06                zps_bAplZdoPowerDescServer
                0x0000000000089023                zps_bAplZdoActiveEpServer
                0x000000000008910c                zps_bAplZdoSystemServerDiscoveryServer
                0x0000000000089195                zps_bAplZdoMgmtLqiServer
                0x00000000000893c1                zps_bAplZdoMgmtRtgServer
                0x0000000000089507                zps_vFragmentWindowTimeout.104796
                0x000000000008956f                zps_vAplApsFragTransmitNotifyApp.107512
                0x000000000008960b                zps_vHandleExtendedDataAckFrame
                0x00000000000896f0                vReset_StateMachine.124690
                0x00000000000899c3                vZdoServersInit.3034
                0x0000000000089b31                zps_bAplZdoEndDeviceBindServer
                0x0000000000089be9                zps_bAplZdoTrustCenterGetDevicePermissions
                0x0000000000089c55                vLoadAplRecord.114038
                0x0000000000089c83                vLoadNwkRecord.193164
 .text          0x0000000000089cbb     0x15f8 C:\Users\nxf37702\AppData\Local\Temp\ccWIDcpI.ltrans4.ltrans.o
                0x0000000000089cbb                DBG_vUartFlush
                0x0000000000089ce8                os_u32APP_cbGetTickTimer
                0x0000000000089cf1                os_bAPP_cbSetTickTimerCompare
                0x0000000000089df0                boIdValueSearchMatch.185016
                0x0000000000089e4a                vPostTxActions.209542
                0x0000000000089fdb                vMiniMac_NextTransaction
                0x000000000008a045                vDispatch.101682
                0x000000000008a117                OS_eStopSWTimer
                0x000000000008a23b                os_vAPP_ID_Task
                0x000000000008a25c                OS_eStartSWTimer
                0x000000000008a37f                os_vAPP_cbToggleLED
                0x000000000008a41b                OS_ePostMessage
                0x000000000008a57d                os_vApp_TransportKeyCallback
                0x000000000008a59d                os_vAPP_CommissionTimerTask
                0x000000000008a5b3                OS_eActivateTask
                0x000000000008a64e                vPostMlmeDcfmInd.121998
                0x000000000008a6f1                iPDM_ReadUserDataFromEEPROMsegment
                0x000000000008a76b                iPDM_ReCalculateWearCountAndChecksumAndWriteFileSystemHeader
                0x000000000008a7b5                vPDM_SetEEPROMandFileSystemValidState
                0x000000000008a7dc                iPDM_ReadUserDataFromFileSystemRecord
                0x000000000008a7fc                PWRM_vWakeInterruptCallback
                0x000000000008a881                iPDM_ReadSegmentHeaderDataFromEEPROMsegment
                0x000000000008a8da                u16ZCL_APduInstanceWriteNBO
                0x000000000008a967                u16ZCL_WriteCommandHeader
                0x000000000008a9df                u16ZCL_APduInstanceReadNBO
                0x000000000008aac5                u16ZCL_ReadCommandHeader.part.0.80724
                0x000000000008ab3c                u16ZCL_ReadCommandHeader
                0x000000000008ab4a                eCLD_BasicCommandHandler
                0x000000000008ab78                eCLD_OnOffCommandHandler
                0x000000000008ab95                u16ZCL_APduInstanceWriteStringNBO
                0x000000000008ac5e                u16ZCL_APduInstanceReadStringNBO
                0x000000000008ad36                eZCL_GetAttributeTypeSizeFromBuffer
                0x000000000008adad                u16ZCL_GetTxPayloadSize
                0x000000000008ade5                u8ZdoEndDeviceBindServerUnpackApdu
                0x000000000008ae75                vPDM_WriteFileSystemRecordAndSegmentDataIntoEEPROMsegment
                0x000000000008aeb0                u8ZdoBindUnbindServerUnpackApdu
                0x000000000008aeff                ZPS_vNwkNibClearTables
                0x000000000008b024                eCLD_GroupsCreateGroups.constprop.102
                0x000000000008b152                zps_vSendJoinDcfm
                0x000000000008b198                vGiveUp.203690
                0x000000000008b1d0                vDisplayAddressMapTable
                0x000000000008b1ea                vDisplayNT
                0x000000000008b204                iPDM_FilterDuplicateAppendedSegmentsOnList.186190
                0x000000000008b248                APP_vConfigureDevice
 .text          0x000000000008b2b3     0x17ba C:\Users\nxf37702\AppData\Local\Temp\ccWIDcpI.ltrans5.ltrans.o
                0x000000000008b2b3                DBG_vUartInitHardware
                0x000000000008b382                ZPS_bSecDecrypt
                0x000000000008b48a                MAC_u64GetExtAddr
                0x000000000008b4a5                ZPS_u64NwkNibFindExtAddr
                0x000000000008b550                ZPS_u16NwkNibFindNwkAddr
                0x000000000008b5f6                zps_bAplZdpUnpackResponse
                0x000000000008c27a                iPDM_SearchForBufferIdInList
                0x000000000008c2af                iPDM_SearchForBufferIdInFileSystem
                0x000000000008c2c2                iPDM_ReadUserDataFromSegmentWithId
                0x000000000008c2f7                iPDM_SearchForSpecificSegmentInList
                0x000000000008c329                psGetTxFrameBuffer
                0x000000000008c368                psGetAndBuildCoordRealignment
                0x000000000008c3c0                MAC_vPibSetRxOnWhenIdle.constprop.166
                0x000000000008c3c9                eTransmit
                0x000000000008c4a6                eBuildAndSend.209152
                0x000000000008c51b                vMiniMac_TxComplete
                0x000000000008c602                vTimerFired
                0x000000000008c6ba                vMiniMac_Init
 .text          0x000000000008ca6d     0x1665 C:\Users\nxf37702\AppData\Local\Temp\ccWIDcpI.ltrans6.ltrans.o
                0x000000000008caa3                os_vAPP_cbEnableTickTimer
                0x000000000008cb23                DBG_iUartGetChar
                0x000000000008cb73                os_vAPP_cbDisableTickTimer
                0x000000000008cbb7                DBG_vUartPutch
                0x000000000008cd01                vRetryCcaFailure
                0x000000000008cd56                eOrphanNotificationSent.209144
                0x000000000008cd9f                OS_eExitCriticalSection
                0x000000000008ce80                PDM_eReadDataFromRecord
                0x000000000008cf02                ZPS_eTsvStart
                0x000000000008cf5d                zps_vAplApsCheckAndStartPollTimer
                0x000000000008cfbc                zps_eAplZdoBdrmRequestSend
                0x000000000008d037                zps_eNwkHandleSceNwkUpdate
                0x000000000008d05b                vProcessTimedList.192220
                0x000000000008d0a1                zps_vNwkMcpsMgrPostTimed
                0x000000000008d0b4                vNwkMcpsSendTimedDfcm
                0x000000000008d0f8                zps_vAplAfPostTimerEvent
                0x000000000008d174                zps_vExpireOldRoutes
                0x000000000008d1fd                zps_vNwkJoinStStartResponseTimer
                0x000000000008d237                ZPS_eTsvStop
                0x000000000008d28b                eCopyFragmentToApdu.isra.0.104841
                0x000000000008d3ad                zps_vNwkHandleCmePermitJoinReq
                0x000000000008d415                zps_eNwkBtrMatch
                0x000000000008d512                zps_vAplApsStopPollTimer
                0x000000000008d5a1                eHandleRemoveBroadcastEndpointsFromGroup.108965
                0x000000000008d5fb                eZCL_SetReceiveEventAddressStructure
                0x000000000008d67a                eCLD_ColourControlCommandHandler
                0x000000000008d6d8                eCLD_ThermostatCommandHandler
                0x000000000008d732                dbg_vPrintfImplNoneVerbose
                0x000000000008dbb9                vfExtendedStatusCallBack
                0x000000000008dbc4                ZPS_bSecEncrypt
                0x000000000008dd70                eZCL_SearchForClusterEntry
                0x000000000008de0e                eOtaFindCluster.constprop.123
                0x000000000008de47                eOTA_GetOtaHeader.part.9.98027
                0x000000000008ded6                eOTA_NewImageLoaded.part.4.98014.constprop.122
                0x000000000008df3d                vAppInitOTA
                0x000000000008e017                eZCL_BuildTransmitAddressStructure
                0x000000000008e089                boPDM_IsBitmapSaturated.185813
 *fill*         0x000000000008e0d2        0x2 00
 .text          0x000000000008e0d4     0x16cc C:\Users\nxf37702\AppData\Local\Temp\ccWIDcpI.ltrans7.ltrans.o
                0x000000000008e113                vSendMlmeCommStatusFromTxFrame
                0x000000000008e169                MAC_vHandleMlmeVsReqRsp.constprop.168
                0x000000000008e734                vHandleNwkLocalUpdateAfterBcast.191309
                0x000000000008e787                vHandleNwkRemoteUpdateAfterBcast.191300
                0x000000000008e7da                ZPS_pvNwkCtor.constprop.164
                0x000000000008ed7a                ZPS_vNwkHandleNlmeReqRsp
                0x000000000008edf7                zps_vAplAfPostEvent
                0x000000000008ef66                zps_eAplZdoNlmeleaveWrapper
                0x000000000008efe4                zps_bAplZdoMgmtLeaveServer
                0x000000000008f164                zps_eAplZdoNlmePermitJoiningWrapper
                0x000000000008f18c                zps_bAplZdoPermitJoiningServer
                0x000000000008f226                vChangeChannelTimerExpiry.141294
                0x000000000008f289                eLeaveReset.205120
                0x000000000008f2f4                eLeaveDataDcfmLocalLeave.205130
                0x000000000008f36e                eSmeAcScScanDcfm.201068
                0x000000000008f6a4                zps_vNwkHandleCmeActvStartRouterReq
                0x000000000008f740                zps_eAplZdoZllStartRouter
 .text          0x000000000008f7a0     0x1bf6 C:\Users\nxf37702\AppData\Local\Temp\ccWIDcpI.ltrans8.ltrans.o
                0x000000000008f7a0                eSmeUDNTScanDcfm.199828
                0x000000000008f7bc                vPermitJoinHandleExpiry.195379
                0x000000000008f7c5                vNwkMcpsTimerCallback
                0x000000000008f7df                zps_eSceGenlIllegal
                0x000000000008f7e6                zps_eSmeGenlIllegal
                0x000000000008f7ed                DBG_vUartFailedAssert
                0x000000000008f7f1                zps_bAplZdoBindRequestServer
                0x000000000008f92c                vZdoEndDeviceBindTimeoutSecondMessage
                0x000000000008f940                psGetVsMcpsBuf.122002
                0x000000000008f949                psGetMlmeBuf.121995
                0x000000000008f952                zps_vExpireRequestKeyReq.117027
                0x000000000008f99d                psGetNlmeBuf.104945
                0x000000000008f9a7                psGetNldeBuf.104966
                0x000000000008f9b1                psGetApsmeBuf.104952
                0x000000000008f9ba                psGetApsdeBuf.104959
                0x000000000008f9c0                vLoopbackTimerCallback
                0x000000000008f9ef                zps_psNwkSlistRemoveFromHead
                0x000000000008fa06                zps_psNwkSlistRemove
                0x000000000008fa3e                zps_bNwkMcpsMgrRemoveDescrFromLists
                0x000000000008fa7c                zps_vNwkSlistAddToTail
                0x000000000008fa96                ZPS_bNwkSecHaveNetworkKey
                0x000000000008faca                ZPS_bNwkSecFindMatSet
                0x000000000008fb06                zps_eNwkRctMatchNwkAddr
                0x000000000008fb70                ZPS_u8NwkCalcNldeReqOverhead
                0x000000000008fbab                zps_vRemoveNextHop
                0x000000000008fc60                zps_vRemoveRoute
                0x000000000008fcf7                zps_psNwkRtMatchNwkAddr
                0x000000000008fd6d                zps_vNwkFreeMcpsHandle
                0x000000000008fd97                zps_psNwkMcpsMgrFindPendingByNwkDstAddr
                0x000000000008fdad                ZPS_u64NwkNibGetMappedIeeeAddr
                0x000000000008fdcf                ZPS_vNwkSecResetDevice
                0x000000000008fe14                ZPS_bNwkNibNtActvMatch
                0x000000000008fecc                bCheckNwkAddr
                0x000000000008ff1a                zps_eAplTrustCenterFindDevice
                0x000000000008ff5e                ZPS_vSetExtendedStatus
                0x000000000008ff70                zps_eNwkRtMatch
                0x0000000000090089                zps_psApsApsAllocateDcfmRecord
                0x00000000000900f7                zps_u8CalcLinkCost
                0x0000000000090133                ZPS_u8NwkNibNtDiscMatch
                0x0000000000090217                zps_u64NwkLibFromPayload
                0x0000000000090256                psAddToDiscNt.200356
                0x00000000000903b4                zps_vNwkLibU64ToPayload
                0x00000000000903e1                zps_vInitBeaconPayload
                0x000000000009045d                zps_eNwkDcfmIndPost
                0x0000000000090480                zps_psNwkDcfmIndGetBuf
                0x00000000000904a2                eRouteRequestDataDcfm.196551
                0x00000000000904f6                eNldeDataDcfm.194386
                0x0000000000090526                zps_vSendNwkStatusInd
                0x0000000000090556                vPDM_ReadBitmapHeader.185778
                0x0000000000090575                psSLISTsearch
                0x00000000000905b5                psSLISTremove
                0x0000000000090633                vSLISTaddToTail
                0x0000000000090652                psSLISTgetNext
                0x0000000000090676                u8PDM_CalculateLargestDataRecordStored
                0x00000000000906a7                bPDM_ImageBitmapRepairCheck
                0x00000000000906cf                u8PDM_ReadSequenceNumber
                0x00000000000906f2                boSegmentNumberDeleteSearchMatch.185443
                0x000000000009070d                u8PDM_ReadSegmentDataSize
                0x0000000000090721                u32PDM_ReadFileSystemHeaderWearCount
                0x0000000000090737                boSearchForWearCountSubstitute.186245
                0x000000000009075d                boSearchForWearCountInsertPoint.185012
                0x000000000009077b                vPDM_WriteFileSystemHeaderWearCount
                0x000000000009078d                RND_u32GetRand256
                0x00000000000907aa                RND_u32GetRand
                0x00000000000907d1                u16CalculateFailedTxCount.141302
                0x00000000000907fb                vZdoIeeeAddrServerSendExtendResponse.part.0.127099
                0x000000000009085c                vZdoNwkAddrServerSendExtendResponse.part.0.125919
                0x00000000000908bd                bFindMatch.124647
                0x000000000009091b                zps_bAplZdoServerHandleConfirmAcks
                0x0000000000090978                zps_bPerformLeaveActionDecider
                0x000000000009097d                vHandleUpdateDeviceIndication.114011
                0x00000000000909a7                u32GetScanChannels.113998
                0x00000000000909d2                bDuplicateCheck.110378
                0x0000000000090adf                eHandleRemoveNonBroadcastEndpointsFromGroup.109006
                0x0000000000090b57                eHandleAddEntryToGroupTable.108969
                0x0000000000090bb3                bIsBindTableMatch.108946
                0x0000000000090c04                eRemoveEntryInBindingTable.108974
                0x0000000000090c83                zps_vAplApsFillAndPostApsAck
                0x0000000000090ced                zps_u8AplApsFreeMsgHandle
                0x0000000000090d57                u8BlocksToSendInWindow.106442
                0x0000000000090da9                vFillDataIndStruct.104812
                0x0000000000090e07                vFillApduErrorEvent.104805
                0x0000000000090e4a                bCheckProfile.104800
                0x0000000000090e88                ZPS_bIsGroupPresent
                0x0000000000090ec0                PDUM_u16APduInstanceWriteStrNBO
                0x000000000009103f                pdum_u16ReadNBO
                0x00000000000911a0                PDUM_eNPduReadHeaderNBO
                0x00000000000911f3                PDUM_u16APduInstanceReadNBO
                0x000000000009123d                PDUM_eNPduPrependHeaderNBO
                0x0000000000091298                zps_vInitAPSMECmdHdr
                0x00000000000912cf                PDUM_eNPduAppendDataNBO
                0x000000000009132c                PDUM_u16APduInstanceWriteNBO
 *fill*         0x0000000000091396        0x2 00
 .text          0x0000000000091398     0x149c C:\Users\nxf37702\AppData\Local\Temp\ccWIDcpI.ltrans9.ltrans.o
                0x0000000000091398                vZCL_EventHandler
 .text          0x0000000000092834     0x1480 C:\Users\nxf37702\AppData\Local\Temp\ccWIDcpI.ltrans10.ltrans.o
                0x0000000000092834                os_vzps_taskZPS
                0x0000000000092a5d                vMcpsMgrExpiry.192192
                0x0000000000092abc                vBbcIntHandler.208022
                0x0000000000092d85                eAssocRespSent.208356
                0x0000000000092da4                zps_vNwkHandleCmeSyncReq
                0x0000000000092ded                zps_vNwkHandleCmeIdleNwkFormReq
                0x0000000000092e95                zps_vNwkHandleCmeNwkDiscReq
                0x00000000000930e3                zps_vNwkHandleCmeNwkJoinReq
                0x00000000000933a1                zps_vNwkHandleCmeNwkActvJoinReq
                0x00000000000933ad                ZPS_vAplHandleApsdeReqRsp
                0x00000000000937cd                zps_eAplZdpApsdeReqInternal
                0x0000000000093848                zps_bAplZdoDefaultServer
                0x0000000000093b04                zps_eZdpEndDeviceBindResponse
                0x0000000000093b25                zps_eAplZdpBindResponse
                0x0000000000093b46                zps_eZdpUnbindResponse
                0x0000000000093b67                zps_eZdpMgmtLeaveResponse
                0x0000000000093b88                zps_eZdpMgmtPermitJoiningResponse
                0x0000000000093ba9                zps_eAplZdoGroupEndpointAdd
 .text          0x0000000000093cb4     0x17e8 C:\Users\nxf37702\AppData\Local\Temp\ccWIDcpI.ltrans11.ltrans.o
                0x0000000000093e5a                vHandleRejoinExpiry.203686
                0x0000000000093eb8                zps_eRejoinDataDcfm
                0x0000000000093efc                eSmeAsocAssocDcfm.204297
                0x0000000000093f80                eSmeRjPCPollDcfm.204293
                0x0000000000093fc1                eSceRjRsRejoinRsp.204261
                0x000000000009422f                zps_eNwkHandleSceNwkStatus
                0x00000000000943eb                zps_sNwkLibSubmitScan
                0x0000000000094424                eSmeEdScScanDcfm.201073
                0x00000000000944b4                zps_vNwkHandleCmeEdScanReq
                0x00000000000944f3                vSdeHandleMcpsDataInd.192288
                0x0000000000095176                ZPS_vNwkNibCheckAndUpdateAddresses
                0x000000000009520d                zps_bAplZdoDeviceAnnceServer
 .text          0x000000000009549c     0x17c0 C:\Users\nxf37702\AppData\Local\Temp\ccWIDcpI.ltrans12.ltrans.o
                0x000000000009549c                zps_vNwkHandleCmeRouteDiscoveryReq
                0x000000000009578a                zps_eStartFragmentedTransmission
                0x000000000009589f                vHandleZllDeviceJoin
                0x00000000000958fe                zps_vAplTrustCenterRequestKey
                0x0000000000095a6f                vMiniMac_MlmeCallback
                0x0000000000095d79                eAssocReqSent.208368
                0x0000000000095f55                ePollReqSent.208701
                0x00000000000960dd                vScanBeaconReceived
                0x000000000009611c                vRunningRxCallback
                0x000000000009641f                vPostDcfm.209163
                0x0000000000096488                vScanNextChannel.209169
                0x000000000009662e                ZPS_vNwkResetOutgoingFrameCounter
                0x0000000000096682                zps_vAplSecSetInitialSecurityState
                0x0000000000096784                zps_vAplTrustCenterInit
                0x000000000009684c                zps_vSendExtendedAckDataFrame.104835
                0x000000000009695f                eUnfragmentedUnicastTransmission.107539
 .text          0x0000000000096c5c     0x19c2 C:\Users\nxf37702\AppData\Local\Temp\ccWIDcpI.ltrans13.ltrans.o
                0x0000000000096c5c                vProcessListsForSubmission.192308
                0x0000000000096f16                zps_vNwkMcpsMgrPost
                0x0000000000096f3a                zps_psNwkInitiateRouteDiscovery
                0x000000000009712a                psNwkSendRouteRecordCmd.196799
                0x0000000000097272                zps_eNwkHandleSceRouteRecord
                0x0000000000097346                zps_psNwkSendRejoinReqCmd.constprop.5
                0x00000000000973b6                zps_u8NwkHandleRejoinReq
                0x000000000009747f                vContinueRejoin.202920
                0x0000000000097526                zps_psSendNetworkStatusCmd
                0x0000000000097593                zps_vProcessLocalAddrConflict
                0x000000000009763e                zps_eDefaultDataDcfm
                0x0000000000097813                vSendNetworkReport.191292
                0x00000000000979ff                zps_eNwkHandleSceRouteRequest
                0x0000000000097e2e                zps_eNwkHandleSceRouteReply
                0x0000000000098195                zps_vNwkHandleCmeLeaveReq
                0x0000000000098263                zps_eNwkHandleSceLeave
                0x0000000000098425                zps_eNwkHandleSdeActvDcfmData
                0x00000000000985af                vMcpsMgrTimeoutExpiry
 .text          0x000000000009861e     0x11d5 C:\Users\nxf37702\AppData\Local\Temp\ccWIDcpI.ltrans14.ltrans.o
                0x000000000009861e                zps_bAplZdoIeeeAddrServer
                0x0000000000098774                eBeaconReqSent.209148
                0x000000000009879b                zps_bAplZdoNwkAddrServer
                0x00000000000989d4                bSendHATransportKey
                0x0000000000098a5c                UART_vSetTxInterrupt
                0x0000000000098b6f                vSL_TxByte.10056
                0x0000000000098ba4                PWRM_vManagePower
                0x0000000000098cd9                vFreePendingReqDescr
                0x0000000000098d44                vHandleRouteDiscoveryExpiry.196111
                0x0000000000098da2                PDUM_eNPduAllocate
                0x0000000000098fa1                eZCL_TransmitInterPanRequest.constprop.72
                0x000000000009905c                eCLD_ZllCommissionCommandNetworkStartRspCommandSend
                0x00000000000990b3                vMiniMac_McpsCallback
                0x00000000000992df                eMcpsTxCompleteHandler.208468
                0x000000000009930d                zps_psAllocateAndFormatMacHdr
                0x00000000000995f6                zps_psNwkInitCmdFrame
                0x0000000000099675                eSendLinkStatusDataDcfm.part.1.190257
                0x00000000000997a7                PDUM_eNPduClone
 .text.unlikely
                0x00000000000997f3      0x2ce C:\Users\nxf37702\AppData\Local\Temp\ccWIDcpI.ltrans14.ltrans.o
                0x00000000000997f3                vHandleIdentiftRequest.9478
                0x0000000000099850                vHandleDeviceInfoRequest.9308
                0x000000000009995f                vSendScanResponse.9285.constprop.69
 *fill*         0x0000000000099ac1        0x3 00
 .text          0x0000000000099ac4     0x17d8 C:\Users\nxf37702\AppData\Local\Temp\ccWIDcpI.ltrans15.ltrans.o
                0x0000000000099ac4                zps_psSendFrm
                0x0000000000099de0                zps_psSendBroadcastFrm
                0x0000000000099e76                ZPS_vNwkHandleNldeReqRsp
                0x000000000009a2a4                zps_eAplApsmeTransportKeyReqRsp.constprop.80
                0x000000000009a606                vPostNldeDcfmInd.104969
                0x000000000009b0bf                zps_eAplApsmeUpdateDeviceReqRsp.part.4.109103
                0x000000000009b202                zps_eAplApsmeRemoveDeviceReqRsp
 .text          0x000000000009b29c     0x1568 C:\Users\nxf37702\AppData\Local\Temp\ccWIDcpI.ltrans16.ltrans.o
                0x000000000009b5f8                zps_eNwkHandleSmeAssocInd
                0x000000000009b61a                zps_eNwkHandleSceRejnRequest
                0x000000000009b749                zps_eNwkHandleSmeOrphanInd
                0x000000000009b759                vStartScanTimerExpiry.141298
                0x000000000009b795                zps_vAplApsPollTimer
                0x000000000009b922                vAplSecAuthPollTimerExpiry.113988
                0x000000000009b9e4                zps_vProcessChildAddrConflict
                0x000000000009baa7                eRejoinNetwork.114025.constprop.157
                0x000000000009bb43                zps_eAplZdoStartStack
                0x000000000009bc7d                eJoinNetwork.114051
                0x000000000009bd2e                vPostNlmeDcfmInd.104948
                0x000000000009c442                zps_eAplZdoDiscoverNetworks
                0x000000000009c46b                vSecondScan.7668.constprop.86
                0x000000000009c4a9                vHandleTransportKeyIndication.isra.10.114224
                0x000000000009c707                vPostApsmeDcfmInd.104955
 .text          0x000000000009c804     0x16a7 C:\Users\nxf37702\AppData\Local\Temp\ccWIDcpI.ltrans17.ltrans.o
                0x000000000009cf0b                zps_vHandleApsdeDataFragInd
                0x000000000009d552                vHandleRemoveDeviceIndication
                0x000000000009d662                zps_vAplTrustCenterUpdateDevice
                0x000000000009d7f1                ZPS_eAplAfInit
 *fill*         0x000000000009deab        0x1 00
 .text          0x000000000009deac     0x1690 C:\Users\nxf37702\AppData\Local\Temp\ccWIDcpI.ltrans18.ltrans.o
                0x000000000009deac                zps_eAplZdpRequestApsdeReq
                0x000000000009df2c                vStartAndAnnounce
                0x000000000009f536                os_vAPP_Commission_Task
 .text          0x000000000009f53c     0x1310 C:\Users\nxf37702\AppData\Local\Temp\ccWIDcpI.ltrans19.ltrans.o
                0x000000000009f7e4                zps_eNwkHandleSceLinkStatus
                0x000000000009f918                zps_vNwkHandleCmeDirectJoinReq
                0x000000000009f997                vIncrementFrameCounterInPdm.isra.0.193598
                0x000000000009fb76                PDM_vDeleteAllDataRecords
                0x000000000009fbf3                iPDM_VerifyDataSequenceWithBufferId
                0x000000000009fc95                vSetGroupAddress.constprop.118
                0x000000000009fce4                vSendJoinedFormEventToHost
                0x000000000009fd76                vPickChannel.7661
                0x000000000009fdbf                bAplZdoBindUnbindServerProcessApdu
                0x000000000009ff81                zps_eAplZdoGroupEndpointRemove
                0x00000000000a0019                zps_eAplZdoGroupAllEndpointRemove
                0x00000000000a007a                zps_psFindKeyDescr
                0x00000000000a01ae                zps_eAplSecEncryptPacket
                0x00000000000a02a0                zps_eAplAibSetApsUseExtendedPanId
                0x00000000000a02b6                zps_eAplAibSetApsTrustCenterAddress
                0x00000000000a02cc                vFactoryResetRecords
                0x00000000000a040a                ZPS_bNwkNibAddrMapAddEntry
                0x00000000000a05d1                vCheckIfMyChild
                0x00000000000a076c                zps_vAgeRouter
                0x00000000000a07ab                zps_vLinkStatusHandleExpiry
 .text.unlikely
                0x00000000000a084c      0x182 C:\Users\nxf37702\AppData\Local\Temp\ccWIDcpI.ltrans19.ltrans.o
                0x00000000000a084c                zps_eAplZdoUnbind
                0x00000000000a08d2                vInitUnknownNeighbor.192204
                0x00000000000a0931                zps_eAplZdoBind
 .text          0x00000000000a09ce     0x11a3 C:\Users\nxf37702\AppData\Local\Temp\ccWIDcpI.ltrans20.ltrans.o
                0x00000000000a09ce                vPDM_AddFileSystemElementToListInAscendingWearCountOrder
                0x00000000000a0adc                vPDM_MoveAllDataFromListToList
                0x00000000000a0b1a                vPDM_MoveAllDataWithBufferIdAndStateFromListToList
                0x00000000000a0ba5                vPDM_MoveAllDataToDeAllocList
                0x00000000000a0bcd                vPDM_MoveAllDataWithBufferIdFromListToList
                0x00000000000a0c52                vPDM_DeleteAllSegmentsWithIdFromFileSystemList.constprop.127
                0x00000000000a0c94                vPDM_MoveFileRecordFromListToList
                0x00000000000a0cb7                vPDM_MoveRecordToDeAllocList
                0x00000000000a0cd7                vPDM_DeleteAppendedSequence
                0x00000000000a0d7c                iPDM_WriteSegmentHeaderAndData
                0x00000000000a0f78                iPDM_SegmentCopyAndAppendData.constprop.185
                0x00000000000a0fd5                iPDM_ReconstructReplacedDataTable
                0x00000000000a1254                PDM_eSaveRecordData
                0x00000000000a1689                ZPS_vNwkSaveRecord
                0x00000000000a16b5                vPDM_ImageBitmapRepair.184931
                0x00000000000a1716                eMakeEntryInBindingTable.108992
                0x00000000000a17c0                zps_u8AplApsConstructAndPostLoopBackDataInd.107556
                0x00000000000a18f9                u8PostUnicastMsgToNHLE.107564
                0x00000000000a1932                vSL_WriteMessage
                0x00000000000a19af                vSL_LogSend
                0x00000000000a1a01                vSL_LogFlush
                0x00000000000a1a1d                vReportException.9909
                0x00000000000a1b2b                vUnclaimedInterrupt.9903
 *fill*         0x00000000000a1b71        0x3 00
 .text          0x00000000000a1b74     0x11e0 C:\Users\nxf37702\AppData\Local\Temp\ccWIDcpI.ltrans21.ltrans.o
                0x00000000000a1cab                vZdoBdrmSendNextTimedRequest
                0x00000000000a1f34                zps_bAplZdoBindUnbindServer
                0x00000000000a2040                zps_eZdpIeeeAddrResponse
                0x00000000000a2123                zps_eZdpNodeDescResponse
                0x00000000000a21cb                eAplAfCommonDataReq.103435.constprop.179
                0x00000000000a2286                eZCL_TransmitDataRequest
                0x00000000000a26fc                eZCL_SendDefaultResponse
                0x00000000000a27fb                vZCL_HandleCommandsDiscoverRequest.86915
                0x00000000000a2a3e                vZCL_HandleDiscoverCommandsResponse.88014
                0x00000000000a2b48                vZCL_HandleAttributesReadResponse
 .text.unlikely
                0x00000000000a2d54      0x299 C:\Users\nxf37702\AppData\Local\Temp\ccWIDcpI.ltrans21.ltrans.o
                0x00000000000a2d54                eZclDiscoverAttributes.3351
                0x00000000000a2f05                eZCL_SendDiscoverCommandGenericRequest.86977
 *fill*         0x00000000000a2fed        0x3 00
 .text          0x00000000000a2ff0      0xde4 C:\Users\nxf37702\AppData\Local\Temp\ccWIDcpI.ltrans22.ltrans.o
                0x00000000000a3162                eCLD_ApplianceStatisticsCommandHandler
                0x00000000000a33f9                eOTA_ServerUpgradeEndResponse
                0x00000000000a348c                eOTA_ServerImageBlockResponse
                0x00000000000a391e                eOtaCommandHandler
                0x00000000000a3c44                eCLD_IASZoneEnrollRespSend
                0x00000000000a3c7f                eCLD_IASZoneCommandHandler
 .text.unlikely
                0x00000000000a3dd4      0x48c C:\Users\nxf37702\AppData\Local\Temp\ccWIDcpI.ltrans22.ltrans.o
                0x00000000000a3dd4                eZnc_SendWriteAttributesRequest.constprop.135
 *fill*         0x00000000000a4260        0x0 00
 .text          0x00000000000a4260     0x1318 C:\Users\nxf37702\AppData\Local\Temp\ccWIDcpI.ltrans23.ltrans.o
                0x00000000000a4837                eCLD_ZllCommissionCommandHandler
                0x00000000000a4c34                eSimpleMeteringCommandHandler
                0x00000000000a4c60                vZCL_HandleAttributesWriteRequest
                0x00000000000a50f3                eZCL_CustomCommandReceive
                0x00000000000a5261                eCLD_DoorLockCommandHandler
                0x00000000000a52fd                eCLD_IdentifyCommandHandler
                0x00000000000a5396                eCLD_ScenesCommandHandler
 .text          0x00000000000a5578     0x11cc C:\Users\nxf37702\AppData\Local\Temp\ccWIDcpI.ltrans24.ltrans.o
                0x00000000000a5578                APP_ZCL_cbEndpointCallback.7253
                0x00000000000a61a6                eCLD_GroupsCommandHandler
                0x00000000000a670b                eCLD_GroupsCommandAddGroupRequestSend
 .text          0x00000000000a6744     0x13c8 C:\Users\nxf37702\AppData\Local\Temp\ccWIDcpI.ltrans25.ltrans.o
                0x00000000000a6935                eCLD_ZllUtilityCommandHandler
                0x00000000000a6b73                eCLD_ASCLogNotificationORLogResponseSend
                0x00000000000a6bcc                eCLD_IdentifyCommandTriggerEffectSend
                0x00000000000a6c0d                os_vAPP_taskZncb
 .text          0x00000000000a7b0c     0x1134 C:\Users\nxf37702\AppData\Local\Temp\ccWIDcpI.ltrans26.ltrans.o
                0x00000000000a7b0c                zps_eZdpPowerDescResponse
                0x00000000000a7ba9                zps_eZdpSimpleDescResponse
                0x00000000000a7cb6                zps_eZdpActiveEpResponse
                0x00000000000a7d4c                zps_eZdpMatchDescResponse
                0x00000000000a7de2                zps_eZdpSystemServerDiscoveryResponse
                0x00000000000a7e51                zps_eAplZdpMgmtLqiResponse
                0x00000000000a7f39                zps_eAplZdpMgmtRtgResponse
                0x00000000000a80b2                zps_eZdpNwkAddrResponse
                0x00000000000a8195                zps_bAplZdoMgmtNWKUpdateServer
                0x00000000000a8610                vZdoEndDeviceBindStateWaitSendWithAck
                0x00000000000a8954                zps_bAplZdoZdoClient
                0x00000000000a8a65                zps_eAplZdpNwkAddrRequest.constprop.141
                0x00000000000a8ac8                os_vAPP_AgeOutChildren
 .text.unlikely
                0x00000000000a8c40       0xb3 C:\Users\nxf37702\AppData\Local\Temp\ccWIDcpI.ltrans26.ltrans.o
                0x00000000000a8c40                zps_eAplZdpBindUnbindRequest.constprop.158
 .text          0x00000000000a8cf3     0x11cb C:\Users\nxf37702\AppData\Local\Temp\ccWIDcpI.ltrans27.ltrans.o
                0x00000000000a8d3c                zps_vAplSaveRecord
                0x00000000000a8e6c                zps_bNwkFindAddIeeeAddr
                0x00000000000a8fea                eCheckAddrConflict.isra.4.191529
                0x00000000000a9080                vAplSecRemoveLinkKey.114104
                0x00000000000a90fd                ZPS_vNwkSaveAllRecords
                0x00000000000a9114                zps_vSaveAllZpsRecords
                0x00000000000a9133                ZPS_vNwkNibSetNwkAddr
                0x00000000000a9152                zps_eNwkHandleSceRejnResponse
                0x00000000000a91af                ZPS_vNwkNibSetExtPanId
                0x00000000000a91d4                ZPS_vNwkNibSetKeySeqNum
                0x00000000000a91e8                ZPS_vNwkNibSetDepth
                0x00000000000a9211                ZPS_vNwkNibSetUpdateId
                0x00000000000a9220                vSendNetworkUpdate.191296
                0x00000000000a9351                ZPS_vNwkNibSetPanId
                0x00000000000a9370                ZPS_vNwkNibSetCapabilityInfo
                0x00000000000a939d                ZPS_vNwkNibSetChannel
                0x00000000000a93b6                vEndCommissioning.9441
                0x00000000000a940c                ZPS_vNwkSaveNt
                0x00000000000a9526                ZPS_vNtSetUsedStatus
                0x00000000000a95ce                zps_vJoinInitNtParent
                0x00000000000a9725                zps_vBuildSortedActvNTList
                0x00000000000a97e3                zps_sNwkNibNtCheckJoin
                0x00000000000a9a8c                zps_vCheckActvNtForDuplicate
                0x00000000000a9b29                vFinish.204127
                0x00000000000a9b7f                eSmeOrphScanDcfm.204137
                0x00000000000a9bf7                zps_vCleanUnAuthenHandleExpiry
                0x00000000000a9cf9                eUnsolicitedRejoinRspDataDcfm.191304
                0x00000000000a9d24                eRejoinRspDataDcfm.202924
                0x00000000000a9df4                zps_eNwkHandleSmeCommStatusInd
                0x00000000000a9ea9                ZPS_vNwkSaveSecMat
 .text.unlikely
                0x00000000000a9ebe      0x1df C:\Users\nxf37702\AppData\Local\Temp\ccWIDcpI.ltrans27.ltrans.o
                0x00000000000a9ebe                vSendRouterJoinRequest.9425.constprop.65
 .text          0x00000000000aa09d     0x1376 C:\Users\nxf37702\AppData\Local\Temp\ccWIDcpI.ltrans28.ltrans.o
                0x00000000000aa09d                os_bDummyMemberCheck.101692
                0x00000000000aa0a2                os_vDefaultErrorHook.101688
                0x00000000000aa0a5                eCLD_LevelControlCommandHandler
                0x00000000000aa0aa                vOSError.9905
                0x00000000000aa0ad                APP_ZCL_cbGeneralCallback.7256
                0x00000000000aa0b0                bCLD_GroupsSearchForGroup.21506
                0x00000000000aa0d5                pdum_u16WriteNBO
                0x00000000000aa1e8                PDUM_u16SizeNBO
                0x00000000000aa246                PDUM_thAPduInstanceGetApdu
                0x00000000000aa261                PDUM_eAPduInstanceSetPayloadSize
                0x00000000000aa289                PDUM_eNPduWriteDataFromBuffer
                0x00000000000aa2e3                PDUM_eNPduWriteDataToBuffer
                0x00000000000aa341                PDUM_eNPduWriteFromBuffer
                0x00000000000aa36a                PDUM_eNPduDescend
                0x00000000000aa390                PDUM_eNPduAscend
                0x00000000000aa3b6                PDUM_eNPduClaimData
                0x00000000000aa423                PDUM_eNPduClaimHeader
                0x00000000000aa446                PDUM_eNPduInitDescending
                0x00000000000aa461                OS_eEnterCriticalSection
                0x00000000000aa525                eExpireSWTimer.101701
                0x00000000000aa590                vEnterErrorHook.101684
                0x00000000000aa5b7                OS_eCollectMessage
                0x00000000000aa678                vMiniMac_ReturnTxBufferCallback
                0x00000000000aa68a                vOtaFlashLockRead
                0x00000000000aa6d0                eZCL_DoesAttributeHaveReportableChange
                0x00000000000aa6f9                eZCL_GetAttributeReportableEntry.part.1.95250
                0x00000000000aa7b8                eZCL_BuildClientTransmitAddressStructure
                0x00000000000aa7f0                bValidateCommandWithCommandsFlags.86901
                0x00000000000aa839                bZCL_CheckManufacturerSpecificCommandFlagMatch
                0x00000000000aa857                bZCL_CheckManufacturerSpecificAttributeFlagMatch
                0x00000000000aa875                eZCL_GetAttributeTypeSize
                0x00000000000aa894                vZCL_MarkAttributeInvalid
                0x00000000000aa963                eZCL_CheckEPstructureIntegrity.76400
                0x00000000000aab4b                u8ZCL_GetAttributeAllignToFourBytesBoundary
                0x00000000000aab60                pvZCL_GetAttributePointer
                0x00000000000aabd6                vReverseMemcpy.part.2.76412
                0x00000000000aac0b                vReverseMemcpy
                0x00000000000aac23                sOtaGetHeader
                0x00000000000aad31                u16ZCL_GetStringStructureSize
                0x00000000000aad6e                u16ZCL_GetStringAttributeTypeSizeFromBuffer
                0x00000000000aaddf                u16ZCL_GetStringSizeAndBufferFromStructure
                0x00000000000aae6e                vZCL_GetInternalMutex
                0x00000000000aae97                eZCL_GetMutex
                0x00000000000aaecf                vZCL_InitializeClusterInstance
                0x00000000000aaee4                vZCL_ReleaseInternalMutex
                0x00000000000aaefe                u32ZCL_GetUTCTime
                0x00000000000aaf19                eZCL_SearchForAttributeEntry
                0x00000000000aafd4                eZCL_SearchForEPentry
                0x00000000000ab02f                eZCL_SearchForEPentryAndCheckManufacturerId
                0x00000000000ab06d                vZCL_PassEventToUser
                0x00000000000ab09a                u8GetTransactionSequenceNumber
                0x00000000000ab0bb                eZCL_ReleaseMutex
                0x00000000000ab0ea                eZCL_Register.part.1.76409
                0x00000000000ab118                boDLISTisEmpty
                0x00000000000ab130                vDLISTaddToTail
                0x00000000000ab15e                psDLISTremove
                0x00000000000ab1c1                vWriteU64ToPayLoad.33830
                0x00000000000ab1ee                vWriteU32ToPayLoad.33826
                0x00000000000ab206                InvShiftRows
                0x00000000000ab299                InvSubBytes
                0x00000000000ab2df                AddRoundKey
                0x00000000000ab320                getSBoxValue.10256
                0x00000000000ab342                u16GetAttributeActualSize
 .text          0x00000000000ab413      0x811 C:\Users\nxf37702\AppData\Local\Temp\ccWIDcpI.ltrans29.ltrans.o
                0x00000000000ab413                vAppMain
 .text          0x00000000000abc24      0x49b C:\Users\nxf37702\AppData\Local\Temp\ccWIDcpI.ltrans30.ltrans.o
                0x00000000000abc24                os_vZCL_Task
                0x00000000000abe3d                eZCL_CustomCommandSend.constprop.130
 .text          0x00000000000ac0bf      0x2b2 C:\Users\nxf37702\AppData\Local\Temp\ccWIDcpI.ltrans31.ltrans.o
                0x00000000000ac0f3                os_vzps_isrMAC
                0x00000000000ac132                AppWarmStart
                0x00000000000ac14e                AppColdStart
                0x00000000000ac181                os_vUnclaimedInterrupt
                0x00000000000ac193                os_vControlledInterrupt
                0x00000000000ac1cc                os_vAPP_isrTickTimer
                0x00000000000ac2bd                os_vAPP_isrUart
                0x00000000000ac335                os_vAPP_isrIllegalInstruction
                0x00000000000ac341                os_vAPP_isrBusErrorException
                0x00000000000ac34d                os_vAPP_isrAlignmentException
                0x00000000000ac359                os_vAPP_isrUnimplementedModuleException
                0x00000000000ac365                os_vAPP_isrStackOverflowException
 .text          0x00000000000ac371       0x25 c:/nxp/bstudio_nxp/sdk/tools/ba-elf-ba2-r36379/bin/../lib/gcc/ba-elf/4.7.4/../../../../ba-elf/lib/mcpu_jn51xx_sizeopt\libc.a(lib_a-memcmp.o)
                0x00000000000ac371                memcmp
 .text          0x00000000000ac396       0x19 c:/nxp/bstudio_nxp/sdk/tools/ba-elf-ba2-r36379/bin/../lib/gcc/ba-elf/4.7.4/../../../../ba-elf/lib/mcpu_jn51xx_sizeopt\libc.a(lib_a-memcpy.o)
 .text          0x00000000000ac3af       0x12 c:/nxp/bstudio_nxp/sdk/tools/ba-elf-ba2-r36379/bin/../lib/gcc/ba-elf/4.7.4/../../../../ba-elf/lib/mcpu_jn51xx_sizeopt\libc.a(lib_a-memset.o)
                0x00000000000ac3af                memset
 .text          0x00000000000ac3c1       0x12 c:/nxp/bstudio_nxp/sdk/tools/ba-elf-ba2-r36379/bin/../lib/gcc/ba-elf/4.7.4/../../../../ba-elf/lib/mcpu_jn51xx_sizeopt\libc.a(lib_a-strlen.o)
                0x00000000000ac3c1                strlen
 .text          0x00000000000ac3d3       0x2b c:/nxp/bstudio_nxp/sdk/tools/ba-elf-ba2-r36379/bin/../lib/gcc/ba-elf/4.7.4/../../../../ba-elf/lib/mcpu_jn51xx_sizeopt\libc.a(lib_a-strncpy.o)
                0x00000000000ac3d3                strncpy
 *fill*         0x00000000000ac3fe        0x2 00
 .text          0x00000000000ac400      0x204 c:/nxp/bstudio_nxp/sdk/tools/ba-elf-ba2-r36379/bin/../lib/gcc/ba-elf/4.7.4/mcpu_jn51xx_sizeopt\libgcc.a(__udivsi3.o)
                0x00000000000ac400                __udivsi3
 .text          0x00000000000ac604       0x30 c:/nxp/bstudio_nxp/sdk/tools/ba-elf-ba2-r36379/bin/../lib/gcc/ba-elf/4.7.4/mcpu_jn51xx_sizeopt\libgcc.a(__divsi3.o)
                0x00000000000ac604                __divsi3
 .text          0x00000000000ac634      0x1b0 c:/nxp/bstudio_nxp/sdk/tools/ba-elf-ba2-r36379/bin/../lib/gcc/ba-elf/4.7.4/mcpu_jn51xx_sizeopt\libgcc.a(__umodsi3.o)
                0x00000000000ac634                __umodsi3
 .text          0x00000000000ac7e4       0x24 c:/nxp/bstudio_nxp/sdk/tools/ba-elf-ba2-r36379/bin/../lib/gcc/ba-elf/4.7.4/mcpu_jn51xx_sizeopt\libgcc.a(__modsi3.o)
                0x00000000000ac7e4                __modsi3
 .text          0x00000000000ac808      0x350 c:/nxp/bstudio_nxp/sdk/tools/ba-elf-ba2-r36379/bin/../lib/gcc/ba-elf/4.7.4/mcpu_jn51xx_sizeopt\libgcc.a(_udivdi3.o)
                0x00000000000ac808                __udivdi3
 *fill*         0x00000000000acb58        0x0 00
 .text          0x00000000000acb58      0x148 os_irq.o
                0x00000000000acb58                os_ExternalException_W
                0x00000000000acb9c                os_PIC_ChannelPriorities
                0x00000000000acbac                os_OSMIUM_HwVectTable
                0x00000000000acbe8                os_PIC_SwVectTable
 .text          0x00000000000acca0       0x29 os_irq_alignment.o
                0x00000000000acca0                IRQ_Alignment
 .text          0x00000000000accc9       0x29 os_irq_buserror.o
                0x00000000000accc9                IRQ_BusError
 .text          0x00000000000accf2       0x29 os_irq_illegalinstruction.o
                0x00000000000accf2                IRQ_IllegalInstruction
 .text          0x00000000000acd1b       0x29 os_irq_stackoverflowexception.o
                0x00000000000acd1b                IRQ_StackOverflowException
 .text          0x00000000000acd44       0x29 os_irq_unimplementedmodule.o
                0x00000000000acd44                IRQ_UnimplementedModule
 *fill*         0x00000000000acd6d        0x3 00
 .text          0x00000000000acd70       0xc0 c:/nxp/bstudio_nxp/workspace/JN-AN-1223v1014/Admin/JN-AN-1223-ZigBee-IoT-Gateway-Control-Bridge-v1014/../../../../sdk/JN-SW-4168/Components/Library\libOS_JN516x.a(os_contirq_JN516x.o)
                0x00000000000acd70                os_ExternalException_R
                0x00000000000acda0                os_CFunc_W
                0x00000000000acdf0                os_UnclaimedException_W
                0x00000000000ace10                os_UnclaimedInterrupt_W
 .text          0x00000000000ace30       0x48 c:/nxp/bstudio_nxp/workspace/JN-AN-1223v1014/Admin/JN-AN-1223-ZigBee-IoT-Gateway-Control-Bridge-v1014/../../../../sdk/JN-SW-4168/Components/Library\libPWRM_JN516x.a(pwrm_setjmp_JN516x.o)
                0x00000000000ace30                setjmp
                0x00000000000ace54                PWRM_longjmp
 .text          0x00000000000ace78       0x27 c:/nxp/bstudio_nxp/workspace/JN-AN-1223v1014/Admin/JN-AN-1223-ZigBee-IoT-Gateway-Control-Bridge-v1014/../../../../sdk/JN-SW-4168/Components/Library\libHardwareApi_JN5169.a(AHI_Interrupt.o)
                0x00000000000ace78                vAHI_InterruptSetPriority
                0x00000000000ace96                vAHI_InterruptSetActivePriorityLevel
 .text.vMicroSyscall
                0x00000000000ace9f       0x17 c:/nxp/bstudio_nxp/workspace/JN-AN-1223v1014/Admin/JN-AN-1223-ZigBee-IoT-Gateway-Control-Bridge-v1014/../../../../sdk/JN-SW-4168/Components/Library\libMicroSpecific_JN516x.a(MicroSyscall_ba.o)
                0x00000000000ace9f                vMicroSyscall
 .text          0x00000000000aceb6        0x0 c:/nxp/bstudio_nxp/workspace/JN-AN-1223v1014/Admin/JN-AN-1223-ZigBee-IoT-Gateway-Control-Bridge-v1014/../../../../sdk/JN-SW-4168/Components/Library\libOS_JN516x.a(os_version_lc.o)
                0x00000000000aceb6                OS_Version_1v2
 .text          0x00000000000aceb6        0x0 c:/nxp/bstudio_nxp/workspace/JN-AN-1223v1014/Admin/JN-AN-1223-ZigBee-IoT-Gateway-Control-Bridge-v1014/../../../../sdk/JN-SW-4168/Components/Library\libZPSAPL_JN516x.a(zps_apl_version_lc.o)
                0x00000000000aceb6                ZPS_APL_Version_2v0
 .text          0x00000000000aceb6        0x0 c:/nxp/bstudio_nxp/workspace/JN-AN-1223v1014/Admin/JN-AN-1223-ZigBee-IoT-Gateway-Control-Bridge-v1014/../../../../sdk/JN-SW-4168/Components/Library\libZPSNWK_JN516x.a(zps_nwk_version_lc.o)
                0x00000000000aceb6                ZPS_NWK_Version_2v0
                0x00000000000aceb6                _flash_end = ABSOLUTE (.)

.rela.dyn       0x00000000000aceb8        0x0
 .rela.text     0x0000000000000000        0x0 os_irq.o
 .rela.data     0x0000000000000000        0x0 os_irq.o
 .rela.rodata   0x0000000000000000        0x0 os_irq.o
 .rela.text.unlikely
                0x0000000000000000        0x0 os_irq.o
                0x000000000400004c                . = ORIGIN (ram)

.data           0x000000000400004c      0x974 load address 0x00000000000aceb8
                0x000000000400004c                _ram_data_start = ABSOLUTE (.)
 *(.data*)
 .data          0x000000000400004c       0x10 C:\Users\nxf37702\AppData\Local\Temp\ccWIDcpI.ltrans0.ltrans.o
                0x000000000400004c                sZllState
 .data          0x000000000400005c      0x1d0 C:\Users\nxf37702\AppData\Local\Temp\ccWIDcpI.ltrans1.ltrans.o
                0x000000000400005c                sCLD_Groups
 .data          0x000000000400022c       0x24 C:\Users\nxf37702\AppData\Local\Temp\ccWIDcpI.ltrans2.ltrans.o
                0x000000000400022c                u32HeapStart
 .data          0x0000000004000250        0x1 C:\Users\nxf37702\AppData\Local\Temp\ccWIDcpI.ltrans5.ltrans.o
 .data          0x0000000004000251        0x1 C:\Users\nxf37702\AppData\Local\Temp\ccWIDcpI.ltrans6.ltrans.o
 .data          0x0000000004000252        0x1 C:\Users\nxf37702\AppData\Local\Temp\ccWIDcpI.ltrans10.ltrans.o
 *fill*         0x0000000004000253        0x1 00
 .data          0x0000000004000254       0x10 C:\Users\nxf37702\AppData\Local\Temp\ccWIDcpI.ltrans14.ltrans.o
 .data          0x0000000004000264        0x8 C:\Users\nxf37702\AppData\Local\Temp\ccWIDcpI.ltrans17.ltrans.o
                0x0000000004000264                u8MiniMacConfig_MaxConcurrentAssocResponses
                0x0000000004000268                psShadowRxBuffer
 .data          0x000000000400026c        0x4 C:\Users\nxf37702\AppData\Local\Temp\ccWIDcpI.ltrans20.ltrans.o
                0x000000000400026c                bCanLoopback.107785
 .data          0x0000000004000270       0x28 C:\Users\nxf37702\AppData\Local\Temp\ccWIDcpI.ltrans25.ltrans.o
                0x0000000004000270                sDeviceTable
                0x0000000004000288                s_sLedState
 .data          0x0000000004000298       0x60 C:\Users\nxf37702\AppData\Local\Temp\ccWIDcpI.ltrans28.ltrans.o
                0x0000000004000298                s_asapdujumboInstances
                0x00000000040002b0                s_asapduZDPInstances
 .data          0x00000000040002f8        0xc C:\Users\nxf37702\AppData\Local\Temp\ccWIDcpI.ltrans29.ltrans.o
                0x00000000040002f8                u8AhiBaudRate.186471
                0x00000000040002fc                s_prbMemberCheck.101808
                0x0000000004000300                g_u8ZpsExpiryMaxCount
 *fill*         0x0000000004000304        0x4 00
 .data          0x0000000004000308      0x6a0 C:\Users\nxf37702\AppData\Local\Temp\ccWIDcpI.ltrans31.ltrans.o
                0x0000000004000308                s_keyPairTableStorage.3144
                0x0000000004000368                os_Mutex_mutexMAC
                0x0000000004000370                os_Mutex_mutexZPS
                0x0000000004000378                s_sApl.3096
                0x00000000040004c8                os_Message_APP_msgZpsEvents
                0x00000000040004ec                os_Message_APP_msgEvents
                0x0000000004000510                os_Message_APP_CommissionEvents
                0x0000000004000534                os_Message_APP_msgZpsEvents_ZCL
                0x0000000004000558                os_Task_zps_taskZPS
                0x0000000004000564                os_Task_APP_taskAtParser
                0x0000000004000570                s_asTasks.1366
                0x0000000004000590                os_SWTimer_APP_cntrTickTimer_APP_tmrToggleLED
                0x00000000040005ac                os_SWTimer_APP_cntrTickTimer_APP_CommissionTimer
                0x00000000040005c8                os_SWTimer_APP_cntrTickTimer_APP_TickTimer
                0x00000000040005e4                os_SWTimer_APP_cntrTickTimer_APP_IdTimer
                0x0000000004000600                os_SWTimer_APP_cntrTickTimer_App_HAModeTimer
                0x000000000400061c                os_SWTimer_APP_cntrTickTimer_APP_AgeOutChildrenTmr
                0x0000000004000638                os_Message_APP_msgSerialTx
                0x000000000400065c                s_prvErrorHook.101806
 .data.s_asAPduPool
                0x00000000040009a8       0x18 pdum_apdu.o
                0x00000000040009a8                pdum_apduZDP
                0x00000000040009a8                s_asAPduPool
                0x00000000040009b4                pdum_apdujumbo
 *(.data.*)
                0x00000000040009c0                . = ALIGN (0x4)
                0x00000000040009c0                _ram_data_end = ABSOLUTE (.)

.bss            0x00000000040009c0     0x5600 load address 0x00000000000ad82c
                0x00000000040009c0                _bss_start = ABSOLUTE (.)
 *(.bss*)
 .bss           0x00000000040009c0      0xd80 C:\Users\nxf37702\AppData\Local\Temp\ccWIDcpI.ltrans0.ltrans.o
                0x00000000040009c0                sMiniMacPib
                0x0000000004000a5c                pfTKDfunc
                0x0000000004000a60                psZCL_Common
                0x0000000004000a64                bBlackListEnable
                0x0000000004000a65                bSendFactoryResetOverAir
                0x0000000004000a68                u32OldFrameCtr
                0x0000000004000a6c                bResetIssued
                0x0000000004000a70                sDeviceDesc
                0x0000000004000a74                u32ChannelMask
                0x0000000004000a78                sControlBridge
                0x0000000004001618                sCommission
                0x0000000004001630                au8LinkRxBuffer
 .bss           0x0000000004001740     0x1128 C:\Users\nxf37702\AppData\Local\Temp\ccWIDcpI.ltrans1.ltrans.o
                0x0000000004001740                gu16NumberOfSegments.211973
                0x0000000004001744                psPDM_Common
                0x0000000004001748                s_psNPduPoolEnd.102123
                0x000000000400174c                s_psNPduPoolStart.102122
                0x0000000004001750                s_psFreeListHead.102119
                0x0000000004001754                s_hMutex.102118
                0x0000000004001758                s_hMutex.102238
                0x000000000400175c                s_asAPduPool.102237
                0x0000000004001760                sScenesCustomData.12411
                0x0000000004001770                psAplDefaultZLLAPSLinkKey
                0x0000000004001774                pfExtendedStatusCallBack.190819
                0x0000000004001778                sReversedMacAddr.210257
                0x0000000004001780                sThisDeviceMacAddr
 .bss           0x0000000004002868      0x148 C:\Users\nxf37702\AppData\Local\Temp\ccWIDcpI.ltrans2.ltrans.o
                0x0000000004002868                RoundKey
                0x0000000004002958                state
 .bss           0x00000000040029b0       0x10 C:\Users\nxf37702\AppData\Local\Temp\ccWIDcpI.ltrans3.ltrans.o
 .bss           0x00000000040029c0        0x4 C:\Users\nxf37702\AppData\Local\Temp\ccWIDcpI.ltrans4.ltrans.o
 .bss           0x00000000040029c4       0x14 C:\Users\nxf37702\AppData\Local\Temp\ccWIDcpI.ltrans5.ltrans.o
                0x00000000040029c4                prIntHandler.210630
                0x00000000040029c8                psTimerServerList
 .bss.initinboot
                0x00000000040029d8        0x1 C:\Users\nxf37702\AppData\Local\Temp\ccWIDcpI.ltrans5.ltrans.o
 *fill*         0x00000000040029d9        0x7 00
 .bss           0x00000000040029e0       0x68 C:\Users\nxf37702\AppData\Local\Temp\ccWIDcpI.ltrans6.ltrans.o
                0x00000000040029e0                bAHI_ExtendedTemperatureOperation
                0x00000000040029e4                g_tSpiConfiguration
                0x00000000040029e8                s_psCurrentTask.101802
 .bss           0x0000000004002a48        0x1 C:\Users\nxf37702\AppData\Local\Temp\ccWIDcpI.ltrans7.ltrans.o
                0x0000000004002a48                u8ScanBeaconsSeen.101479
 *fill*         0x0000000004002a49        0x3 00
 .bss           0x0000000004002a4c       0x34 C:\Users\nxf37702\AppData\Local\Temp\ccWIDcpI.ltrans8.ltrans.o
 .bss           0x0000000004002a80        0x4 C:\Users\nxf37702\AppData\Local\Temp\ccWIDcpI.ltrans9.ltrans.o
                0x0000000004002a80                zps_psNwk
 .bss           0x0000000004002a84       0x98 C:\Users\nxf37702\AppData\Local\Temp\ccWIDcpI.ltrans10.ltrans.o
                0x0000000004002a84                s_prExpireFn.212201
                0x0000000004002a88                aprTimerCallback
                0x0000000004002aa8                au32TimerCounter
                0x0000000004002ac8                sMiniMacInternal
                0x0000000004002af4                u32DataQueueCount
 .bss           0x0000000004002b1c       0x2c C:\Users\nxf37702\AppData\Local\Temp\ccWIDcpI.ltrans11.ltrans.o
                0x0000000004002b1c                pfOptionsFilterCallback
 .bss           0x0000000004002b48        0x8 C:\Users\nxf37702\AppData\Local\Temp\ccWIDcpI.ltrans12.ltrans.o
 .bss           0x0000000004002b50        0x1 C:\Users\nxf37702\AppData\Local\Temp\ccWIDcpI.ltrans13.ltrans.o
 *fill*         0x0000000004002b51        0x7 00
 .bss           0x0000000004002b58       0x20 C:\Users\nxf37702\AppData\Local\Temp\ccWIDcpI.ltrans14.ltrans.o
                0x0000000004002b58                bIgnoreBroadcast
                0x0000000004002b59                s_bWakeTimerActive.101880