Archive member included because of file (symbol)

c:/NXP/bstudio_nxp/sdk/JN-SW-4168/Components/Library\libZPSMAC_Mini_JN516x.a(zps_miniMac.o)
                              Diagnostics.o (symbol from plugin) (u16AvApsMessageTxRetry)
c:/NXP/bstudio_nxp/sdk/JN-SW-4168/Components/Library\libOS_JN516x.a(os.o)
                              os_gen.o (symbol from plugin) (os_vStart)
c:/NXP/bstudio_nxp/sdk/JN-SW-4168/Components/Library\libOS_JN516x.a(os_contirq_JN516x.o)
                              os_irq.o (os_UnclaimedException_W)
c:/NXP/bstudio_nxp/sdk/JN-SW-4168/Components/Library\libPWRM_JN516x.a(pwrm.o)
                              app_start.o (symbol from plugin) (PWRM_vManagePower)
c:/NXP/bstudio_nxp/sdk/JN-SW-4168/Components/Library\libPWRM_JN516x.a(pwrm_setjmp_JN516x.o)
                              pwrm.o (symbol from plugin) (setjmp)
c:/NXP/bstudio_nxp/sdk/JN-SW-4168/Components/Library\libPWRM_JN516x.a(pwrm_cold_start.o)
                              (AppColdStart)
c:/NXP/bstudio_nxp/sdk/JN-SW-4168/Components/Library\libPWRM_JN516x.a(pwrm_warm_start.o)
                              (AppWarmStart)
c:/NXP/bstudio_nxp/sdk/JN-SW-4168/Components/Library\libAES_SW_JN516x.a(aes_sw_mmo.o)
                              OTA.o (symbol from plugin) (AESSW_vMMOBlockUpdate)
c:/NXP/bstudio_nxp/sdk/JN-SW-4168/Components/Library\libPDUM_JN516x.a(pdum_nwk.o)
                              zps_miniMac.o (symbol from plugin) (PDUM_eNPduAllocate)
c:/NXP/bstudio_nxp/sdk/JN-SW-4168/Components/Library\libPDUM_JN516x.a(pdum_apl.o)
                              appZdpExtraction.o (symbol from plugin) (PDUM_u16APduInstanceReadNBO)
c:/NXP/bstudio_nxp/sdk/JN-SW-4168/Components/Library\libPDUM_JN516x.a(pdum.o)
                              pdum_nwk.o (symbol from plugin) (PDUM_u16SizeNBO)
c:/NXP/bstudio_nxp/sdk/JN-SW-4168/Components/Library\libZPSAPL_JN516x.a(zps_apl_af.o)
                              app_start.o (symbol from plugin) (ZPS_eAplAfInit)
c:/NXP/bstudio_nxp/sdk/JN-SW-4168/Components/Library\libZPSAPL_JN516x.a(zps_apl_af_apsde.o)
                              zps_gen.o (symbol from plugin) (zps_vHandleApsdeDataFragInd)
c:/NXP/bstudio_nxp/sdk/JN-SW-4168/Components/Library\libZPSAPL_JN516x.a(zps_apl_task.o)
                              zps_apl_af_apsde.o (symbol from plugin) (zps_vAplAfPostEvent)
c:/NXP/bstudio_nxp/sdk/JN-SW-4168/Components/Library\libZPSAPL_JN516x.a(zps_apl_apsde.o)
                              zps_apl_task.o (symbol from plugin) (ZPS_vAplRegisterApsdeDcfmIndCallbacks)
c:/NXP/bstudio_nxp/sdk/JN-SW-4168/Components/Library\libZPSAPL_JN516x.a(zps_apl_apsme.o)
                              zps_apl_task.o (symbol from plugin) (ZPS_vAplRegisterApsmeDcfmIndCallbacks)
c:/NXP/bstudio_nxp/sdk/JN-SW-4168/Components/Library\libZPSAPL_JN516x.a(zps_apl_aps_nlde.o)
                              zps_gen.o (symbol from plugin) (zps_vHandleExtendedDataAckFrame)
c:/NXP/bstudio_nxp/sdk/JN-SW-4168/Components/Library\libZPSAPL_JN516x.a(zps_apl_sec.o)
                              zps_apl_task.o (symbol from plugin) (zps_psFindKeyDescr)
c:/NXP/bstudio_nxp/sdk/JN-SW-4168/Components/Library\libZPSAPL_JN516x.a(zps_apl_aib.o)
                              app_Znc_cmds.o (symbol from plugin) (zps_psAplAibGetAib)
c:/NXP/bstudio_nxp/sdk/JN-SW-4168/Components/Library\libZPSAPL_JN516x.a(zps_apl_zdo_nwkmanager.o)
                              zps_apl_apsme.o (symbol from plugin) (zps_vAplSaveRecord)
c:/NXP/bstudio_nxp/sdk/JN-SW-4168/Components/Library\libZPSAPL_JN516x.a(zps_apl_zdo_handle_zdp_event.o)
                              zps_apl_task.o (symbol from plugin) (zps_bAplZdoHandleZdpEvent)
c:/NXP/bstudio_nxp/sdk/JN-SW-4168/Components/Library\libZPSAPL_JN516x.a(zps_apl_zdo_trust_center.o)
                              zps_gen.o (symbol from plugin) (zps_vAplTrustCenterInit)
c:/NXP/bstudio_nxp/sdk/JN-SW-4168/Components/Library\libZPSAPL_JN516x.a(zps_apl_zdo_common.o)
                              zps_apl_zdo_nwkmanager.o (symbol from plugin) (zps_eAplZdoNlmeleaveWrapper)
c:/NXP/bstudio_nxp/sdk/JN-SW-4168/Components/Library\libZPSAPL_JN516x.a(zps_apl_zdo_group.o)
                              app_Znc_cmds.o (symbol from plugin) (zps_eAplZdoGroupEndpointAdd)
c:/NXP/bstudio_nxp/sdk/JN-SW-4168/Components/Library\libZPSAPL_JN516x.a(zps_apl_zdo_default_server.o)
                              zps_gen.o (symbol from plugin) (zps_vAplZdoDefaultServerInit)
c:/NXP/bstudio_nxp/sdk/JN-SW-4168/Components/Library\libZPSAPL_JN516x.a(zps_apl_zdo_bind_manager.o)
                              app_Znc_cmds.o (symbol from plugin) (zps_eAplZdoBind)
c:/NXP/bstudio_nxp/sdk/JN-SW-4168/Components/Library\libZPSAPL_JN516x.a(zps_apl_mac_isr.o)
                              zps_apl_task.o (symbol from plugin) (u32DataQueueCount)
c:/NXP/bstudio_nxp/sdk/JN-SW-4168/Components/Library\libZPSAPL_JN516x.a(zps_apl_zdo_end_device_bind_server.o)
                              zps_gen.o (symbol from plugin) (zps_vAplZdoEndDeviceBindServerInit)
[...]
Memory Configuration

Name             Origin             Length             Attributes
flash            0x0000000000080000 0x0000000000040000
ram              0x000000000400004c 0x0000000000007fb4
*default*        0x0000000000000000 0xffffffffffffffff

Linker script and memory map

                0x0000000000001964                __stack_size = 0x1964
                0x00000000000007d0                __minimum_heap_size = 0x7d0
START GROUP
LOAD os_gen.o
LOAD C:\Users\akila\AppData\Local\Temp\ccqoS66c.ltrans0.ltrans.o
LOAD C:\Users\akila\AppData\Local\Temp\ccqoS66c.ltrans1.ltrans.o
LOAD C:\Users\akila\AppData\Local\Temp\ccqoS66c.ltrans2.ltrans.o
LOAD C:\Users\akila\AppData\Local\Temp\ccqoS66c.ltrans3.ltrans.o
LOAD C:\Users\akila\AppData\Local\Temp\ccqoS66c.ltrans4.ltrans.o
LOAD C:\Users\akila\AppData\Local\Temp\ccqoS66c.ltrans5.ltrans.o
LOAD C:\Users\akila\AppData\Local\Temp\ccqoS66c.ltrans6.ltrans.o
LOAD C:\Users\akila\AppData\Local\Temp\ccqoS66c.ltrans7.ltrans.o
LOAD C:\Users\akila\AppData\Local\Temp\ccqoS66c.ltrans8.ltrans.o
LOAD C:\Users\akila\AppData\Local\Temp\ccqoS66c.ltrans9.ltrans.o
LOAD C:\Users\akila\AppData\Local\Temp\ccqoS66c.ltrans10.ltrans.o
LOAD C:\Users\akila\AppData\Local\Temp\ccqoS66c.ltrans11.ltrans.o
LOAD C:\Users\akila\AppData\Local\Temp\ccqoS66c.ltrans12.ltrans.o
LOAD C:\Users\akila\AppData\Local\Temp\ccqoS66c.ltrans13.ltrans.o
LOAD C:\Users\akila\AppData\Local\Temp\ccqoS66c.ltrans14.ltrans.o
LOAD C:\Users\akila\AppData\Local\Temp\ccqoS66c.ltrans15.ltrans.o
LOAD C:\Users\akila\AppData\Local\Temp\ccqoS66c.ltrans16.ltrans.o
LOAD C:\Users\akila\AppData\Local\Temp\ccqoS66c.ltrans17.ltrans.o
LOAD C:\Users\akila\AppData\Local\Temp\ccqoS66c.ltrans18.ltrans.o
LOAD C:\Users\akila\AppData\Local\Temp\ccqoS66c.ltrans19.ltrans.o
LOAD C:\Users\akila\AppData\Local\Temp\ccqoS66c.ltrans20.ltrans.o
LOAD C:\Users\akila\AppData\Local\Temp\ccqoS66c.ltrans21.ltrans.o
LOAD C:\Users\akila\AppData\Local\Temp\ccqoS66c.ltrans22.ltrans.o
LOAD C:\Users\akila\AppData\Local\Temp\ccqoS66c.ltrans23.ltrans.o
LOAD C:\Users\akila\AppData\Local\Temp\ccqoS66c.ltrans24.ltrans.o
LOAD C:\Users\akila\AppData\Local\Temp\ccqoS66c.ltrans25.ltrans.o
LOAD C:\Users\akila\AppData\Local\Temp\ccqoS66c.ltrans26.ltrans.o
LOAD C:\Users\akila\AppData\Local\Temp\ccqoS66c.ltrans27.ltrans.o
LOAD C:\Users\akila\AppData\Local\Temp\ccqoS66c.ltrans28.ltrans.o
LOAD C:\Users\akila\AppData\Local\Temp\ccqoS66c.ltrans29.ltrans.o
LOAD C:\Users\akila\AppData\Local\Temp\ccqoS66c.ltrans30.ltrans.o
LOAD C:\Users\akila\AppData\Local\Temp\ccqoS66c.ltrans31.ltrans.o
LOAD c:/nxp/bstudio_nxp/sdk/tools/ba-elf-ba2-r36379/bin/../lib/gcc/ba-elf/4.7.4/../../../../ba-elf/lib/mcpu_jn51xx_sizeopt\libc.a
LOAD c:/nxp/bstudio_nxp/sdk/tools/ba-elf-ba2-r36379/bin/../lib/gcc/ba-elf/4.7.4/mcpu_jn51xx_sizeopt\libgcc.a
LOAD c:/nxp/bstudio_nxp/sdk/tools/ba-elf-ba2-r36379/bin/../lib/gcc/ba-elf/4.7.4/../../../../ba-elf/lib/mcpu_jn51xx_sizeopt\libc.a
LOAD os_irq.o
LOAD os_irq_alignment.o
LOAD os_irq_buserror.o
LOAD os_irq_illegalinstruction.o
LOAD os_irq_stackoverflowexception.o
LOAD os_irq_unimplementedmodule.o
LOAD pdum_gen.o
LOAD zps_gen.o
LOAD app_Znc_cmds.o
LOAD app_Znc_zcltask.o
LOAD app_ZncParser_task.o
LOAD app_ZncCommission_task.o
LOAD app_start.o
LOAD SerialLink.o
LOAD uart.o
LOAD NumToString.o
LOAD app_timer_driver.o
LOAD ecb_decrypt.o
LOAD appZpsBeaconHandler.o
LOAD appZdpExtraction.o
LOAD pdum_apdu.o
LOAD app_scenes.o
LOAD app_ota_server.o
LOAD app_poll_control_commands_handler.o
LOAD app_zbp_utilities.o
LOAD AgeChildren.o
LOAD Alarms.o
LOAD AlarmsClientCommands.o
LOAD AlarmsCommandHandler.o
LOAD AlarmsServerCommands.o
LOAD AlarmsTableManager.o
LOAD AnalogInputBasic.o
LOAD AnalogOutputBasic.o
LOAD Basic.o
LOAD BasicClientCommands.o
LOAD BasicCommandHandler.o
LOAD BinaryInputBasic.o
LOAD BinaryOutputBasic.o
LOAD Commissioning.o
LOAD DeviceTemperatureConfiguration.o
LOAD Diagnostics.o
LOAD DoorLock.o
LOAD DoorLockCommandHandler.o
LOAD DoorLockCommands.o
LOAD ElectricalMeasurement.o
LOAD Groups.o
LOAD GroupsClientCommands.o
LOAD GroupsCommandHandler.o
LOAD GroupsServerCommands.o
LOAD GroupsTableManager.o
LOAD Identify.o
LOAD IdentifyClientCommands.o
LOAD IdentifyCommandHandler.o
LOAD IdentifyServerCommands.o
LOAD LevelControl.o
LOAD LevelControlClientCommands.o
LOAD LevelControlCommandHandler.o
LOAD MultistateInputBasic.o
LOAD MultistateOutputBasic.o
LOAD OOSC.o
LOAD OnOff.o
LOAD OnOffCommandHandler.o
LOAD OnOffCommands.o
LOAD PollControl.o
LOAD PollControlClientCommands.o
LOAD PollControlCommandHandler.o
LOAD PollControlServerCommands.o
LOAD PowerConfiguration.o
LOAD Scenes.o
LOAD ScenesClientCommands.o
LOAD ScenesClusterManagement.o
LOAD ScenesCommandHandler.o
LOAD ScenesServerCommands.o
LOAD ScenesTableManager.o
LOAD TC.o
LOAD Time.o
LOAD FlowMeasurement.o
LOAD IlluminanceLevelSensing.o
LOAD IlluminanceMeasurement.o
LOAD OccupancySensing.o
LOAD PressureMeasurement.o
LOAD RelativeHumidityMeasurement.o
LOAD TemperatureMeasurement.o
LOAD zll_CommissionCmdHandler.o
LOAD zll_UtilityCmdHandler.o
LOAD zll_commission.o
LOAD zll_utility.o
LOAD colour_light.o
LOAD colour_remote.o
LOAD colour_scene_remote.o
LOAD colour_temperature_light.o
LOAD commission_endpoint.o
LOAD control_bridge.o
LOAD dimmable_light.o
LOAD dimmable_plug.o
LOAD extended_colour_light.o
LOAD non_colour_remote.o
LOAD non_colour_scene_remote.o
LOAD on_off_light.o
LOAD on_off_plug.o
LOAD on_off_sensor.o
LOAD zll.o
LOAD BallastConfiguration.o
LOAD ColourControl.o
LOAD ColourControlClientCommands.o
LOAD ColourControlCommandHandler.o
LOAD ColourControlConversions.o
LOAD ApplianceControl.o
LOAD ApplianceControlClientCommands.o
LOAD ApplianceControlCommandHandler.o
LOAD ApplianceControlServerCommands.o
LOAD ApplianceEventsAndAlerts.o
LOAD ApplianceEventsAndAlertsClientCommands.o
LOAD ApplianceEventsAndAlertsCommandHandler.o
LOAD ApplianceEventsAndAlertsServerCommands.o
LOAD ApplianceIdentification.o
LOAD ApplianceStatistics.o
LOAD ApplianceStatisticsClientCommands.o
LOAD ApplianceStatisticsCommandHandler.o
LOAD ApplianceStatisticsServerCommands.o
LOAD PowerProfile.o
LOAD PowerProfileClientCommands.o
LOAD PowerProfileCommandHandler.o
LOAD PowerProfileServerCommands.o
LOAD home_gateway.o
LOAD white_goods.o
LOAD FanControl.o
LOAD Thermostat.o
LOAD ThermostatCommandHandler.o
LOAD ThermostatCommands.o
LOAD ThermostatUIConfig.o
LOAD temperature_sensor.o
LOAD thermostat_device.o
LOAD DRLC.o
LOAD DRLCCommandCanceAlllLoadControlEvents.o
LOAD DRLCCommandCancelLoadControlEvent.o
LOAD DRLCCommandGetScheduledEvents.o
LOAD DRLCCommandHandler.o
LOAD DRLCCommandLoadControlEvent.o
LOAD DRLCCommandReportEventStatus.o
LOAD DRLCCustomCommandResponsesClient.o
LOAD DRLCCustomCommandResponsesServer.o
LOAD DRLCEffectiveTime.o
LOAD DRLCScheduler.o
LOAD DRLCTableManagerNoMutex.o
LOAD DRLCTableManagerServer.o
LOAD DRLCUserEventOptInOut.o
LOAD Price.o
LOAD PriceBlockPeriodTableManager.o
LOAD PriceCalorificValueTableManager.o
LOAD PriceCommandGetBlockPeriod.o
LOAD PriceCommandGetCalorificValue.o
LOAD PriceCommandGetConversionFactor.o
LOAD PriceCommandGetCurrentPrice.o
LOAD PriceCommandGetScheduledPrices.o
LOAD PriceCommandPriceAck.o
LOAD PriceCommandPublishBlockPeriod.o
LOAD PriceCommandPublishBlockPeriodReceive.o
LOAD PriceCommandPublishCalorificValue.o
LOAD PriceCommandPublishCalorificValueReceive.o
LOAD PriceCommandPublishConversionFactor.o
LOAD PriceCommandPublishConversionFactorReceive.o
LOAD PriceCommandPublishPrice.o
LOAD PriceCommandPublishPriceReceive.o
LOAD PriceConversionFactorTableManager.o
LOAD PriceCustomCommandHandler.o
LOAD PriceCustomCommandResponses.o
LOAD PriceScheduler.o
LOAD PriceServerAttributeManager.o
LOAD PriceTableManager.o
LOAD SimpleMetering.o
LOAD SimpleMeteringCommandHandler.o
LOAD SimpleMetering_SendRequest.o
LOAD IASACE.o
LOAD IASACEClientCommands.o
LOAD IASACECommandHandler.o
LOAD IASACEServerCommands.o
LOAD IASWD.o
LOAD IASWDCommandHandler.o
LOAD IASWDCommands.o
LOAD IASZone.o
LOAD IASZoneCommandHandler.o
LOAD IASZoneCommands.o
LOAD ancillary_control_equipment.o
LOAD control_and_indicating_equipment.o
LOAD warning_device.o
LOAD zone.o
LOAD dlist.o
LOAD zcl.o
LOAD zcl_CustomCommandReceive.o
LOAD zcl_CustomCommandSend.o
LOAD zcl_PDUbufferReadWrite.o
LOAD zcl_PDUbufferReadWriteString.o
LOAD zcl_WriteAttributesRequestHandle.o
LOAD zcl_WriteAttributesRequestSend.o
LOAD zcl_WriteAttributesResponseHandle.o
LOAD zcl_attribute.o
LOAD zcl_buffer.o
LOAD zcl_clusterCommand.o
LOAD zcl_command.o
LOAD zcl_configureReportingCommandHandle.o
LOAD zcl_configureReportingCommandSend.o
LOAD zcl_configureReportingResponseHandle.o
LOAD zcl_defaultResponse.o
LOAD zcl_discoverAttributesExtendedRequestHandle.o
LOAD zcl_discoverAttributesExtendedRequestSend.o
LOAD zcl_discoverAttributesExtendedResponseHandle.o
LOAD zcl_discoverAttributesRequestHandle.o
LOAD zcl_discoverAttributesRequestSend.o
LOAD zcl_discoverAttributesResponseHandle.o
LOAD zcl_discoverCommandsRequestHandle.o
LOAD zcl_discoverCommandsRequestSend.o
LOAD zcl_discoverCommandsResponseHandle.o
LOAD zcl_event.o
LOAD zcl_heap.o
LOAD zcl_library_options.o
LOAD zcl_readAttributesRequestHandle.o
LOAD zcl_readAttributesRequestSend.o
LOAD zcl_readAttributesResponseHandle.o
LOAD zcl_readReportingConfigurationCommandHandle.o
LOAD zcl_readReportingConfigurationCommandSend.o
LOAD zcl_readReportingConfigurationResponseHandle.o
LOAD zcl_reportManager.o
LOAD zcl_reportMaths.o
LOAD zcl_reportScheduler.o
LOAD zcl_reportStringHandling.o
LOAD zcl_reportStructure.o
LOAD zcl_search.o
LOAD zcl_timer.o
LOAD zcl_transmit.o
LOAD OTA.o
LOAD OTA_ClientUpgradeManager.o
LOAD OTA_CustomCommandHandler.o
LOAD OTA_CustomReceiveCommands.o
LOAD OTA_ServerUpgradeManager.o
LOAD OTA_client.o
LOAD OTA_common.o
LOAD OTA_server.o
LOAD c:/NXP/bstudio_nxp/sdk/JN-SW-4168/Components/Library\libZPSMAC_Mini_JN516x.a
LOAD c:/NXP/bstudio_nxp/sdk/JN-SW-4168/Components/Library\libOS_JN516x.a
LOAD c:/NXP/bstudio_nxp/sdk/JN-SW-4168/Components/Library\libPWRM_JN516x.a
LOAD c:/NXP/bstudio_nxp/sdk/JN-SW-4168/Components/Library\libZPSTSV_JN516x.a
LOAD c:/NXP/bstudio_nxp/sdk/JN-SW-4168/Components/Library\libAES_SW_JN516x.a
LOAD c:/NXP/bstudio_nxp/sdk/JN-SW-4168/Components/Library\libPDUM_JN516x.a
LOAD c:/NXP/bstudio_nxp/sdk/JN-SW-4168/Components/Library\libZPSAPL_JN516x.a
LOAD c:/NXP/bstudio_nxp/sdk/JN-SW-4168/Components/Library\libRandom_JN516x.a
LOAD c:/NXP/bstudio_nxp/sdk/JN-SW-4168/Components/Library\libPDM_EEPROM_JN516x.a
LOAD c:/NXP/bstudio_nxp/sdk/JN-SW-4168/Components/Library\libZPSZLL_JN516x.a
LOAD c:/NXP/bstudio_nxp/sdk/JN-SW-4168/Components/Library\libZPSNWK_JN516x.a
LOAD c:/NXP/bstudio_nxp/sdk/JN-SW-4168/Components/Library\libMiniMac_JN516x.a
LOAD c:/NXP/bstudio_nxp/sdk/JN-SW-4168/Components/Library\libMiniMacShim_JN516x.a
LOAD c:/NXP/bstudio_nxp/sdk/JN-SW-4168/Components/Library\libMMAC_JN516x.a
LOAD c:/NXP/bstudio_nxp/sdk/JN-SW-4168/Components/Library\libAes_JN516x.a
LOAD c:/NXP/bstudio_nxp/sdk/JN-SW-4168/Components/Library\libHardwareApi_JN516x.a
LOAD c:/NXP/bstudio_nxp/sdk/JN-SW-4168/Components/Library\libMicroSpecific_JN516x.a
LOAD c:/NXP/bstudio_nxp/sdk/JN-SW-4168/Components/Library\libBoot_JN516x.a
LOAD c:/NXP/bstudio_nxp/sdk/JN-SW-4168/Platform/DK2/Library\libBoardLib_JN516x.a
LOAD c:/nxp/bstudio_nxp/sdk/tools/ba-elf-ba2-r36379/bin/../lib/gcc/ba-elf/4.7.4/../../../../ba-elf/lib/mcpu_jn51xx_sizeopt\libm.a
END GROUP
LOAD c:/nxp/bstudio_nxp/sdk/tools/ba-elf-ba2-r36379/bin/../lib/gcc/ba-elf/4.7.4/../../../../ba-elf/lib/mcpu_jn51xx_sizeopt\libc.a
LOAD c:/nxp/bstudio_nxp/sdk/tools/ba-elf-ba2-r36379/bin/../lib/gcc/ba-elf/4.7.4/mcpu_jn51xx_sizeopt\libgcc.a
LOAD c:/nxp/bstudio_nxp/sdk/tools/ba-elf-ba2-r36379/bin/../lib/gcc/ba-elf/4.7.4/../../../../ba-elf/lib/mcpu_jn51xx_sizeopt\libc.a
                0x0000000000080038                _exception_vsr_table = 0x80038
                0x0000000004000000                pSPIflashFncTable = 0x4000000
                0x0000000000000044                restore_state = 0x44
                0x000000000000004a                bZSPIWaitWIPClear = 0x4a
                0x0000000000000050                u16ZSPIflashRDID = 0x50
                0x0000000000000056                u8SelectFlashChipType = 0x56
                0x000000000000005c                memcpy = 0x5c
                0x0000000000000066                vBootFlashProg = 0x66
                [0x00000000000007d0]                __minimum_heap_size = DEFINED (__minimum_heap_size)?__minimum_heap_size:0xd16
                [0x0000000000001964]                __stack_size = DEFINED (__stack_size)?__stack_size:0x800
                0x0000000000000000                _SwConfig = (DEFINED (g_bSWConf_Debug) | (DEFINED (g_bSWConf_AltDebugPort) << 0x1))

.version        0x000000000007fffc        0x4
                0x000000000007fffc        0x4 LONG 0x7030008

.bir            0x0000000000080000       0x10
                0x0000000000080000                _flash_start = ABSOLUTE (.)
                0x0000000000080000                _flash_beg = ABSOLUTE (.)
                0x0000000000080000        0x4 LONG 0x12345678
                0x0000000000080004        0x4 LONG 0x11223344
                0x0000000000080008        0x4 LONG 0x55667788
                0x000000000008000c        0x1 BYTE 0x8
                0x000000000008000d        0x1 BYTE 0x1
                0x000000000008000e        0x2 SHORT 0x0

.flashheader    0x0000000000080010       0x28
                0x0000000000080010        0x4 LONG 0x0
                0x0000000000080014        0x4 LONG 0x0
                0x0000000000080018        0x4 LONG 0x0
                0x000000000008001c        0x2 SHORT 0x0
                0x000000000008001e        0x2 SHORT 0x0 ABSOLUTE (_SwConfig)
                0x0000000000080020                _enc_start = ABSOLUTE (.)
                0x0000000000080020        0x4 LONG 0x2c84c ABSOLUTE (_image_len)
                0x0000000000080024        0x4 LONG 0xabea8 ABSOLUTE (_flash_data_start)
                0x0000000000080028        0x2 SHORT 0x13 ((ABSOLUTE (_ram_data_start) / 0x4) & 0xffff)
                0x000000000008002a        0x2 SHORT 0x269 ((ABSOLUTE (_ram_data_len) / 0x4) & 0xffff)
                0x000000000008002c        0x2 SHORT 0x27c ((ABSOLUTE (_bss_start) / 0x4) & 0xffff)
                0x000000000008002e        0x2 SHORT 0x1579 ((ABSOLUTE (_bss_len) / 0x4) & 0xffff)
                0x0000000000080030        0x4 LONG 0xaa0cb ABSOLUTE (AppWarmStart)
                0x0000000000080034        0x4 LONG 0xaa0e7 ABSOLUTE (AppColdStart)
                0x0000000000000000                _enc_offset = (_enc_start & 0xf)

.ro_mac_address
                0x0000000000080040       0x10
                0x0000000000080040                _FlsMACAddress = ABSOLUTE (.)
 *(.ro_mac_address)
 .ro_mac_address
                0x0000000000080040        0x8 C:\Users\akila\AppData\Local\Temp\ccqoS66c.ltrans7.ltrans.o
                0x0000000000080050                . = ALIGN (0x10)
 *fill*         0x0000000000080048        0x8 00

.ro_ota_header  0x0000000000080050       0x50
                0x0000000000080050                _FlsOtaHeader = ABSOLUTE (.)
 *(.ro_ota_header)
 .ro_ota_header
                0x0000000000080050       0x45 C:\Users\akila\AppData\Local\Temp\ccqoS66c.ltrans7.ltrans.o
                0x00000000000800a0                . = ALIGN (0x10)
 *fill*         0x0000000000080095        0xb 00

.ro_se_lnkKey   0x00000000000800a0        0x0
                0x00000000000800a0                _FlsLinkKey = ABSOLUTE (.)
 *(.ro_se_lnkKey)
                0x00000000000800a0                . = ALIGN (0x10)

.rodata         0x00000000000800a0     0x102c
 *(.rodata*)
 .rodata.str1.1
                0x00000000000800a0       0x13 C:\Users\akila\AppData\Local\Temp\ccqoS66c.ltrans0.ltrans.o
                                         0x27 (size before relaxing)
 *fill*         0x00000000000800b3        0x1 00
 .rodata        0x00000000000800b4      0x140 C:\Users\akila\AppData\Local\Temp\ccqoS66c.ltrans1.ltrans.o
 .rodata.str1.1
                0x0000000000000000       0x13 C:\Users\akila\AppData\Local\Temp\ccqoS66c.ltrans1.ltrans.o
                                          0x8 (size before relaxing)
 .rodata.str1.1
                0x00000000000801f4        0x7 C:\Users\akila\AppData\Local\Temp\ccqoS66c.ltrans2.ltrans.o
                                         0x1c (size before relaxing)
 *fill*         0x00000000000801fb        0x1 00
 .rodata        0x00000000000801fc       0x10 C:\Users\akila\AppData\Local\Temp\ccqoS66c.ltrans2.ltrans.o
 .rodata.str1.1
                0x000000000008020c        0x6 C:\Users\akila\AppData\Local\Temp\ccqoS66c.ltrans3.ltrans.o
                                          0xe (size before relaxing)
 .rodata.str1.1
                0x0000000000080212       0x28 C:\Users\akila\AppData\Local\Temp\ccqoS66c.ltrans5.ltrans.o
                                         0x45 (size before relaxing)
 .rodata.str1.1
                0x000000000008023a        0x6 C:\Users\akila\AppData\Local\Temp\ccqoS66c.ltrans6.ltrans.o
 .rodata        0x0000000000080240      0x170 C:\Users\akila\AppData\Local\Temp\ccqoS66c.ltrans7.ltrans.o
                0x0000000000080240                s_prvCurrentISR.101785
 .rodata.str1.1
                0x0000000000000000        0x6 C:\Users\akila\AppData\Local\Temp\ccqoS66c.ltrans8.ltrans.o
                                         0x13 (size before relaxing)
 .rodata        0x00000000000803b0        0x6 C:\Users\akila\AppData\Local\Temp\ccqoS66c.ltrans8.ltrans.o
 .rodata.str1.1
                0x00000000000803b6       0x11 C:\Users\akila\AppData\Local\Temp\ccqoS66c.ltrans9.ltrans.o
                                         0x16 (size before relaxing)
 *fill*         0x00000000000803c7        0x1 00
 .rodata        0x00000000000803c8       0x14 C:\Users\akila\AppData\Local\Temp\ccqoS66c.ltrans10.ltrans.o
                0x00000000000803c8                gMAC_u8MaxBuffers
                0x00000000000803cc                g_u32ApsFcSaveCountBitShift
                0x00000000000803d0                u8MaxZpsConfigEp
                0x00000000000803d1                au8EpMapPresent
                0x00000000000803d4                s_groupPdmTable
 .rodata.str1.1
                0x0000000000000000       0x11 C:\Users\akila\AppData\Local\Temp\ccqoS66c.ltrans11.ltrans.o
                                          0x7 (size before relaxing)
 .rodata.str1.1
                0x0000000000000000        0x3 C:\Users\akila\AppData\Local\Temp\ccqoS66c.ltrans12.ltrans.o
 .rodata.str1.1
                0x00000000000803dc        0xe C:\Users\akila\AppData\Local\Temp\ccqoS66c.ltrans14.ltrans.o
                                         0x18 (size before relaxing)
 .rodata.str1.1
                0x00000000000803ea       0x1c C:\Users\akila\AppData\Local\Temp\ccqoS66c.ltrans15.ltrans.o
 .rodata        0x0000000000080406       0x20 C:\Users\akila\AppData\Local\Temp\ccqoS66c.ltrans15.ltrans.o
 .rodata.str1.1
                0x0000000000080426       0x1a C:\Users\akila\AppData\Local\Temp\ccqoS66c.ltrans16.ltrans.o
                                         0x39 (size before relaxing)
 .rodata        0x0000000000080440      0x1e0 C:\Users\akila\AppData\Local\Temp\ccqoS66c.ltrans16.ltrans.o
                0x0000000000080440                s_apsStSceTbl.192306
                0x0000000000080454                s_aprIdleStHandleCme.202287
                0x0000000000080468                s_aprActvStHandleCme.198419
                0x000000000008048c                u32ScanAttemptDelayTime
                0x00000000000804a4                zps_sJoinSceTbl
                0x00000000000804b0                zps_sActvSceTbl
 .rodata.str1.1
                0x0000000000080620        0x5 C:\Users\akila\AppData\Local\Temp\ccqoS66c.ltrans17.ltrans.o
                                         0x17 (size before relaxing)
 .rodata.str1.1
                0x0000000000080625       0x2b C:\Users\akila\AppData\Local\Temp\ccqoS66c.ltrans18.ltrans.o
                                         0x61 (size before relaxing)
 .rodata        0x0000000000080650        0xa C:\Users\akila\AppData\Local\Temp\ccqoS66c.ltrans18.ltrans.o
                0x0000000000080650                u16ActiveEDAddress.14422
 .rodata.str1.1
                0x0000000000000000        0xf C:\Users\akila\AppData\Local\Temp\ccqoS66c.ltrans19.ltrans.o
 *fill*         0x000000000008065a        0x2 00
 .rodata        0x000000000008065c       0x1c C:\Users\akila\AppData\Local\Temp\ccqoS66c.ltrans19.ltrans.o
                0x000000000008065c                zps_pacNwkFrmStdHdrFmt
                0x0000000000080660                au32NwkPdmRecordOffsets
 .rodata.str1.1
                0x0000000000000000        0x5 C:\Users\akila\AppData\Local\Temp\ccqoS66c.ltrans20.ltrans.o
 .rodata        0x0000000000080678        0x8 C:\Users\akila\AppData\Local\Temp\ccqoS66c.ltrans20.ltrans.o
 .rodata.str1.1
                0x0000000000000000        0xa C:\Users\akila\AppData\Local\Temp\ccqoS66c.ltrans21.ltrans.o
 .rodata        0x0000000000080680       0x4c C:\Users\akila\AppData\Local\Temp\ccqoS66c.ltrans21.ltrans.o
                0x0000000000080680                g_u32NwkFcSaveCountBitShift
 .rodata.str1.1
                0x0000000000000000        0x8 C:\Users\akila\AppData\Local\Temp\ccqoS66c.ltrans22.ltrans.o
 .rodata.str1.1
                0x0000000000000000        0x4 C:\Users\akila\AppData\Local\Temp\ccqoS66c.ltrans23.ltrans.o
 .rodata.str1.1
                0x0000000000000000        0xd C:\Users\akila\AppData\Local\Temp\ccqoS66c.ltrans26.ltrans.o
 .rodata        0x00000000000806cc      0x318 C:\Users\akila\AppData\Local\Temp\ccqoS66c.ltrans27.ltrans.o
                0x00000000000808cc                gu32ZCLVersion
                0x00000000000808d0                ZPS_g_u32MacVersion
                0x00000000000808d4                OS_g_u32Version
                0x00000000000808d8                PDUM_g_u32Version
                0x00000000000808dc                ZPS_g_u32TsvVersion
 .rodata.str1.1
                0x0000000000000000        0x1 C:\Users\akila\AppData\Local\Temp\ccqoS66c.ltrans28.ltrans.o
 .rodata        0x00000000000809e4      0x6e8 C:\Users\akila\AppData\Local\Temp\ccqoS66c.ltrans29.ltrans.o
                0x0000000000080afc                zps_g_pvApl
                0x0000000000080b00                au32UartAddrOffset
                0x0000000000080b08                pwrm_psWakeupCallbacks

.text           0x00000000000810d0    0x2add6
 *(.text*)
 .text          0x00000000000810d0     0x39c4 C:\Users\akila\AppData\Local\Temp\ccqoS66c.ltrans0.ltrans.o
                0x00000000000810d0                APP_TIMER_Version_1v0
                0x00000000000810d0                vProcessIncomingSerialCommands
 .text          0x0000000000084a94     0x1a28 C:\Users\akila\AppData\Local\Temp\ccqoS66c.ltrans1.ltrans.o
                0x0000000000084a94                os_u32APP_cbGetTickTimer
                0x0000000000084b97                vMMAC_IntHandlerBbc
                0x0000000000084bb1                eBasicTxCompleteHandler
                0x0000000000084bb6                vTxRxTimeout.209334
                0x0000000000084c13                eSmeAcScBeaconInd.200382
                0x0000000000084c6f                eSmeASFlBeaconInd.200217
                0x0000000000084c91                eSmeUDNTScanDcfm.199667
                0x0000000000084d19                zps_eNwkHandleSmePollDcfm
                0x0000000000084d43                eLeaveDataDcfmRemoteLeave.204964
                0x0000000000084d8c                eSmeGenlScanDcfm.200209
                0x0000000000084dea                eSmeEdScScanDcfm.200205
                0x0000000000084f91                eSmeAcScBeaconInd.200225
                0x0000000000085099                eSmeUDNTBeaconInd.200201
                0x00000000000850bc                ZPS_bIsMacAddressUsedInApsTable
                0x0000000000085172                eCLD_GroupsCheckGroupExists
                0x00000000000851df                ZPS_eTsvOpen
                0x00000000000851f9                zps_vNwkBttMgrInit
                0x0000000000085227                vMicroIntEnableOnly.constprop.198
                0x0000000000085253                vACI_OptimisedCcmStar.constprop.192
                0x000000000008543f                zps_eNwkRtDiscMatch.constprop.189
                0x0000000000085492                vMiniMac_MLME_SetReq_PanId
                0x00000000000854cf                vMiniMac_MLME_SetReq_ShortAddr
                0x00000000000854dd                pvZCL_HeapAlloc.part.0.88687.constprop.96
                0x0000000000085517                vAHI_UartReset.part.4.211111.constprop.84
                0x0000000000085543                bAHI_FlashInit.constprop.79
                0x00000000000856bc                vOtaFlashInitHw
                0x00000000000856be                pvHeap_Alloc.constprop.55
                0x00000000000856c3                vAHI_WakeTimerStop.part.3.211357.constprop.43
                0x00000000000856de                psSearchList.75726.constprop.21
                0x0000000000085701                vAHI_SpiRestoreConfiguration.constprop.12
                0x0000000000085742                vAHI_SpiReadConfiguration.constprop.9
                0x0000000000085773                vConfigureSpi
                0x00000000000857b3                vOtaFlashRead
                0x00000000000857f4                vMicroIntRestoreState
                0x0000000000085800                TSV_eStart
                0x0000000000085850                bAHI_WriteEEPROMfixSegmentData
                0x00000000000858ae                bAHI_InitialiseEEPROM
                0x00000000000858f6                vAHI_ReadDataFromEEPROMregister
                0x0000000000085923                vAHI_WriteDataIntoEEPROMregister
                0x0000000000085953                iAHI_WriteDataIntoEEPROMsegment.constprop.194
                0x00000000000859a1                iPDM_WriteSegmentHeaderDataIntoEEPROMsegment
                0x00000000000859d0                u32RaiseDigitalVoltage
                0x00000000000859f0                vAHI_OptimiseWaitStates
                0x0000000000085a3c                bAHI_GetClkSource
                0x0000000000085a49                vAHI_CpuDoze
                0x0000000000085a5c                vAHI_SwReset
                0x0000000000085a8d                vAHI_DioSetOutput
                0x0000000000085aa1                bACI_WriteKey
                0x0000000000085cbb                vTransformKey.isra.0.110473
                0x0000000000085ceb                eDecryptKey.9434
                0x00000000000860d2                eAppApiDefPlmeGet.part.0.209596
                0x00000000000860e1                psSearchForFrameToSend
                0x0000000000086139                eMiniMac_FrameInProgress
                0x0000000000086164                vRemoveFromTxQueue
                0x00000000000861a0                vAddToTxQueue
                0x00000000000861d6                vEnableReceive.209338
                0x0000000000086210                u8GetHeaderSize
                0x0000000000086238                vMiniMac_PLME_SetReq_CcaMode
                0x000000000008624c                vMiniMac_MLME_SetReq_MaxCsmaBackoffs
                0x000000000008626c                vMiniMac_MLME_SetReq_MaxBe
                0x000000000008628f                vMiniMac_MLME_SetReq_MinBe
                0x00000000000862b2                zps_vSendJoinInd
                0x0000000000086324                zps_psFormatCmdFrameGeneral
                0x00000000000863b1                zps_eNwkFormStInit
                0x00000000000863c6                vSendDcfm.200903
                0x00000000000863ec                bCheckMatchingEntry.200377
                0x0000000000086412                zps_psNwkSlistRemoveFromHead
                0x0000000000086429                zps_psNwkSlistRemove
                0x0000000000086461                zps_bNwkMcpsMgrRemoveDescrFromLists
                0x000000000008649f                zps_vNwkSlistAddToTail
 .text.unlikely
                0x00000000000864bc      0x150 C:\Users\akila\AppData\Local\Temp\ccqoS66c.ltrans1.ltrans.o
                0x00000000000864d1                vAHI_MemoryHold.210791
                0x0000000000086584                eEncryptKey.9298
 .text          0x000000000008660c     0x1833 C:\Users\akila\AppData\Local\Temp\ccqoS66c.ltrans2.ltrans.o
                0x000000000008660c                eOrphanNotificationSent.208984
                0x0000000000086655                ZPS_bSecDecrypt
                0x000000000008675d                MAC_u64GetExtAddr
                0x0000000000086778                ZPS_u64NwkNibFindExtAddr
                0x0000000000086823                ZPS_u16NwkNibFindNwkAddr
                0x00000000000868c9                zps_bAplZdpUnpackResponse
                0x000000000008754d                iPDM_SearchForBufferIdInList
                0x0000000000087582                iPDM_SearchForBufferIdInFileSystem
                0x0000000000087595                iPDM_ReadUserDataFromSegmentWithId
                0x00000000000875ca                iPDM_SearchForSpecificSegmentInList
                0x00000000000875fc                psGetTxFrameBuffer
                0x000000000008763b                psGetAndBuildCoordRealignment
                0x0000000000087693                MAC_vPibSetRxOnWhenIdle.constprop.171
                0x000000000008769c                eTransmit
                0x000000000008777a                eBuildAndSend.208992
                0x00000000000877ef                vMiniMac_TxComplete
                0x00000000000878d6                vStartTransmit.209389
                0x0000000000087a2a                vTimerFired
                0x0000000000087ae2                vMiniMac_Init
 .text          0x0000000000087e3f     0x1558 C:\Users\akila\AppData\Local\Temp\ccqoS66c.ltrans3.ltrans.o
                0x0000000000087e3f                os_bAPP_cbSetTickTimerCompare
                0x0000000000087f3e                boIdValueSearchMatch.184992
                0x0000000000087f98                vRadioToOff
                0x0000000000087fb5                vStartReceive
                0x0000000000087fd1                vMiniMac_NextTransaction
                0x000000000008803b                vPostTxActions.209382
                0x0000000000088079                vDispatch.101658
                0x000000000008814b                OS_eStopSWTimer
                0x000000000008826f                os_vAPP_ID_Task
                0x0000000000088290                OS_eStartSWTimer
                0x00000000000883b1                os_vAPP_cbToggleLED
                0x000000000008844d                OS_ePostMessage
                0x00000000000885af                os_vApp_TransportKeyCallback
                0x00000000000885cf                os_vAPP_CommissionTimerTask
                0x00000000000885e5                OS_eActivateTask
                0x0000000000088680                vPostMlmeDcfmInd.121974
                0x0000000000088723                iPDM_ReadSegmentHeaderDataFromEEPROMsegment
                0x000000000008877c                iPDM_ReadUserDataFromEEPROMsegment
                0x00000000000887f6                iPDM_ReCalculateWearCountAndChecksumAndWriteFileSystemHeader
                0x0000000000088840                vPDM_SetEEPROMandFileSystemValidState
                0x0000000000088867                iPDM_ReadUserDataFromFileSystemRecord
                0x0000000000088887                PWRM_vWakeInterruptCallback
                0x000000000008890c                u16ZCL_APduInstanceWriteNBO
                0x0000000000088998                u16ZCL_WriteCommandHeader
                0x0000000000088a10                u16ZCL_APduInstanceReadNBO
                0x0000000000088af5                u16ZCL_ReadCommandHeader.part.0.80699
                0x0000000000088b6c                u16ZCL_ReadCommandHeader
                0x0000000000088b7a                eCLD_BasicCommandHandler
                0x0000000000088ba8                eCLD_OnOffCommandHandler
                0x0000000000088bc5                u16ZCL_APduInstanceWriteStringNBO
                0x0000000000088c8c                u16ZCL_APduInstanceReadStringNBO
                0x0000000000088d61                eZCL_GetAttributeTypeSizeFromBuffer
                0x0000000000088dd8                u16ZCL_GetTxPayloadSize
                0x0000000000088e10                u8ZdoEndDeviceBindServerUnpackApdu
                0x0000000000088ea0                vPDM_WriteFileSystemRecordAndSegmentDataIntoEEPROMsegment
                0x0000000000088edb                u8ZdoBindUnbindServerUnpackApdu
                0x0000000000088f2a                ZPS_vNwkNibClearTables
                0x000000000008904f                vSetChannelAndPower
                0x00000000000890ee                vMiniMac_PLME_SetReq_Power
                0x0000000000089102                vMiniMac_PLME_SetReq_Channel
                0x000000000008910a                eCLD_GroupsCreateGroups.constprop.108
                0x0000000000089235                zps_vSendJoinDcfm
                0x000000000008927c                vGiveUp.203529
                0x00000000000892b4                vDisplayAddressMapTable
                0x00000000000892ce                vDisplayNT
                0x00000000000892e8                iPDM_FilterDuplicateAppendedSegmentsOnList.186166
                0x000000000008932c                APP_vConfigureDevice
 *fill*         0x0000000000089397        0x1 00
 .text          0x0000000000089398     0x14f0 C:\Users\akila\AppData\Local\Temp\ccqoS66c.ltrans4.ltrans.o
                0x0000000000089398                vZCL_EventHandler
 .text          0x000000000008a888     0x1610 C:\Users\akila\AppData\Local\Temp\ccqoS66c.ltrans5.ltrans.o
                0x000000000008aba7                vPostNldeDcfmInd.104945
                0x000000000008b634                bAplZdoBindUnbindServerProcessApdu
                0x000000000008b7f6                zps_eAplZdoGroupEndpointRemove
                0x000000000008b88e                zps_eAplZdoGroupAllEndpointRemove
                0x000000000008b8ef                zps_eAplApsmeTransportKeyReqRsp.constprop.86
                0x000000000008ba72                vHandleZllDeviceJoin
                0x000000000008bad1                zps_vAplTrustCenterRequestKey
                0x000000000008bc42                zps_eAplApsmeUpdateDeviceReqRsp.part.4.109079
                0x000000000008bd85                zps_vSendExtendedAckDataFrame.104811
 .text.unlikely
                0x000000000008be98      0x123 C:\Users\akila\AppData\Local\Temp\ccqoS66c.ltrans5.ltrans.o
                0x000000000008be98                zps_eAplZdoBind
                0x000000000008bf35                zps_eAplZdoUnbind
 .text          0x000000000008bfbb     0x168b C:\Users\akila\AppData\Local\Temp\ccqoS66c.ltrans6.ltrans.o
                0x000000000008c10c                zps_eNwkHandleSmeCommStatusInd
                0x000000000008c1c0                zps_vAplSaveRecord
                0x000000000008c2fc                zps_bNwkFindAddIeeeAddr
                0x000000000008c47a                eCheckAddrConflict.isra.4.191368
                0x000000000008c510                vAplSecRemoveLinkKey.114080
                0x000000000008c58d                ZPS_vNwkSaveAllRecords
                0x000000000008c5a4                zps_vSaveAllZpsRecords
                0x000000000008c5c3                ZPS_vNwkNibSetNwkAddr
                0x000000000008c5e2                zps_eNwkHandleSceRejnResponse
                0x000000000008c63f                ZPS_vNwkNibSetExtPanId
                0x000000000008c664                ZPS_vNwkNibSetKeySeqNum
                0x000000000008c679                zps_vAplSecSetInitialSecurityState
                0x000000000008c77b                ZPS_vNwkNibSetDepth
                0x000000000008c7a4                ZPS_vNwkNibSetUpdateId
                0x000000000008c7b4                vSendNetworkUpdate.191135
                0x000000000008c8e3                ZPS_vNwkNibSetPanId
                0x000000000008c902                ZPS_vNwkNibSetCapabilityInfo
                0x000000000008c930                ZPS_vNwkNibSetChannel
                0x000000000008c949                zps_u8NwkHandleRejoinReq
                0x000000000008ca12                zps_vProcessLocalAddrConflict
                0x000000000008cabd                vEndCommissioning.9444
                0x000000000008cb11                ZPS_vNtSetUsedStatus
                0x000000000008cbb9                zps_vJoinInitNtParent
                0x000000000008cd0f                vContinueRejoin.202759
                0x000000000008cdb6                zps_vBuildSortedActvNTList
                0x000000000008ce74                zps_sNwkNibNtCheckJoin
                0x000000000008d11d                zps_vCheckActvNtForDuplicate
                0x000000000008d1ba                vFinish.203966
                0x000000000008d210                eSmeOrphScanDcfm.203976
                0x000000000008d288                zps_eNwkHandleSceLeave
                0x000000000008d44a                zps_vCleanUnAuthenHandleExpiry
                0x000000000008d54c                eUnsolicitedRejoinRspDataDcfm.191143
                0x000000000008d577                eRejoinRspDataDcfm.202763
 .text.unlikely
                0x000000000008d646      0x1de C:\Users\akila\AppData\Local\Temp\ccqoS66c.ltrans6.ltrans.o
                0x000000000008d646                vSendRouterJoinRequest.9428.constprop.69
 .text          0x000000000008d824     0x17d6 C:\Users\akila\AppData\Local\Temp\ccqoS66c.ltrans7.ltrans.o
                0x000000000008d824                os_vAPP_cbDisableTickTimer
                0x000000000008d868                os_vAPP_cbEnableTickTimer
                0x000000000008d9ee                vRetryCcaFailure
                0x000000000008da43                OS_eExitCriticalSection
                0x000000000008db24                PDM_eReadDataFromRecord
                0x000000000008dba6                ZPS_eTsvStart
                0x000000000008dc01                zps_vAplApsCheckAndStartPollTimer
                0x000000000008dc60                zps_eAplZdoBdrmRequestSend
                0x000000000008dcdb                zps_eNwkHandleSceNwkUpdate
                0x000000000008dcff                vProcessTimedList.192059
                0x000000000008dd45                zps_vNwkMcpsMgrPostTimed
                0x000000000008dd58                vNwkMcpsSendTimedDfcm
                0x000000000008dd9c                zps_vAplAfPostTimerEvent
                0x000000000008de18                zps_vExpireOldRoutes
                0x000000000008dea1                zps_vNwkJoinStStartResponseTimer
                0x000000000008dedb                ZPS_eTsvStop
                0x000000000008df2f                eCopyFragmentToApdu.isra.0.104817
                0x000000000008e051                zps_vNwkHandleCmePermitJoinReq
                0x000000000008e0b9                zps_eNwkBtrMatch
                0x000000000008e1b6                zps_vAplApsStopPollTimer
                0x000000000008e245                eHandleRemoveBroadcastEndpointsFromGroup.108941
                0x000000000008e29f                eZLL_RegisterZncControlBridgeEndPoint.constprop.100
                0x000000000008ea14                eZCL_SetReceiveEventAddressStructure
                0x000000000008eb4b                ZPS_bSecEncrypt
                0x000000000008ecf7                eZCL_SearchForClusterEntry
                0x000000000008ed7f                eOtaFindCluster.constprop.129
                0x000000000008edb8                eOTA_GetOtaHeader.part.9.98003
                0x000000000008ee47                eOTA_NewImageLoaded.part.4.97990.constprop.128
                0x000000000008eeae                vAppInitOTA
                0x000000000008ef88                eZCL_BuildTransmitAddressStructure
 .text          0x000000000008effa     0x1282 C:\Users\akila\AppData\Local\Temp\ccqoS66c.ltrans8.ltrans.o
                0x000000000008effa                zps_bAplZdoNwkAddrServer
                0x000000000008f17b                zps_bAplZdoIeeeAddrServer
                0x000000000008f389                bSendHATransportKey
                0x000000000008f411                UART_vSetTxInterrupt
                0x000000000008f524                vSL_TxByte.10044
                0x000000000008f559                PWRM_vManagePower
                0x000000000008f681                boPDM_IsBitmapSaturated.185789
                0x000000000008f6ca                vFreePendingReqDescr
                0x000000000008f734                vHandleRouteDiscoveryExpiry.195950
                0x000000000008f792                PDUM_eNPduAllocate
                0x000000000008f801                zps_u8AplApsConstructAndPostLoopBackDataInd.107532
                0x000000000008f93a                u8PostUnicastMsgToNHLE.107540
                0x000000000008f973                zps_psAllocateAndFormatMacHdr
                0x000000000008fc5c                zps_psNwkInitCmdFrame
                0x000000000008fcdb                eSendLinkStatusDataDcfm.part.1.190096
                0x000000000008fe0d                PDUM_eNPduClone
                0x000000000008fe59                MAC_vHandleMcpsVsReqRsp
                0x000000000009016a                eZCL_TransmitInterPanRequest.constprop.76
                0x0000000000090225                eCLD_ZllCommissionCommandNetworkStartRspCommandSend
 .text.unlikely
                0x000000000009027c      0x2e4 C:\Users\akila\AppData\Local\Temp\ccqoS66c.ltrans8.ltrans.o
                0x000000000009027c                vHandleIdentiftRequest.9481
                0x00000000000902d9                vHandleDeviceInfoRequest.9311
                0x00000000000903fe                vSendScanResponse.9288.constprop.73
 .text          0x0000000000090560     0x1662 C:\Users\akila\AppData\Local\Temp\ccqoS66c.ltrans9.ltrans.o
                0x0000000000090560                eBeaconReqSent.208988
                0x0000000000090587                vPDM_AddFileSystemElementToListInAscendingWearCountOrder
                0x0000000000090695                vPDM_MoveFileRecordFromListToList
                0x00000000000906b7                vPDM_MoveRecordToDeAllocList
                0x00000000000906d7                iPDM_WriteSegmentHeaderAndData
                0x00000000000908d3                vIncrementFrameCounterInPdm.isra.0.193437
                0x0000000000090ab2                vProcessListsForSubmission.192147
                0x0000000000090d6c                zps_vNwkMcpsMgrPost
                0x0000000000090d90                zps_psNwkInitiateRouteDiscovery
                0x0000000000090f80                zps_psNwkSendRejoinReqCmd.constprop.5
                0x0000000000090ff0                zps_psSendNetworkStatusCmd
                0x000000000009105d                vSendNetworkReport.191131
                0x0000000000091137                psSendRouteReplyCmd.196372
                0x0000000000091249                zps_eNwkHandleSceRouteReply
                0x0000000000091588                zps_psNwkPropagateLocalLeave
                0x00000000000915b0                zps_vNwkHandleCmeLeaveReq
                0x000000000009167e                iPDM_SegmentCopyAndAppendData.constprop.188
                0x00000000000916db                eMakeEntryInBindingTable.108968
                0x0000000000091785                vMiniMac_McpsCallback
                0x00000000000919b1                eMcpsTxCompleteHandler.208308
                0x00000000000919df                vSL_WriteMessage
                0x0000000000091a65                vSL_LogSend
                0x0000000000091ab7                vSL_LogFlush
                0x0000000000091acf                vUnclaimedInterrupt.9901
                0x0000000000091aeb                vReportException.isra.0.9907
 .text          0x0000000000091bc2     0x1635 C:\Users\akila\AppData\Local\Temp\ccqoS66c.ltrans10.ltrans.o
                0x00000000000920d4                zps_vHandleApsdeDataFragInd
                0x0000000000092573                eStartRouter.114051
                0x0000000000092642                vHandleTransportKeyIndication.isra.10.114200
                0x00000000000928a0                vHandleRemoveDeviceIndication
                0x00000000000929b0                zps_vAplTrustCenterUpdateDevice
                0x0000000000092b3f                ZPS_eAplAfInit
 .text          0x00000000000931f7     0x19ac C:\Users\akila\AppData\Local\Temp\ccqoS66c.ltrans11.ltrans.o
                0x00000000000931f7                PDUM_eNPduFree
                0x0000000000093264                vPostVsMcpsDcfmInd.121981
                0x000000000009334e                ZPS_vInterceptMcpsDataCallback
                0x00000000000933b0                zps_vNwkMcpsMgrFreeReqDescr
                0x00000000000933e2                zps_vNwkRemoveConflictedBroadcast
                0x0000000000093434                zps_vNwkMcpsMgrTidyBtrReqDescr
                0x0000000000093477                vNwkBttTimerExpiry.198467
                0x0000000000093594                PDUM_hAPduAllocateAPduInstance
                0x0000000000093608                hZCL_AllocateAPduInstance
                0x0000000000093644                zps_eAplZdoSendZdpResponse
                0x000000000009368d                bSendResponse.140089
                0x00000000000936d0                PDUM_eAPduFreeAPduInstance
                0x0000000000093a0f                zps_bAplZdoMatchDescServer
                0x0000000000093a23                zps_bAplZdoNodeDescServer
                0x0000000000093b8f                zps_bAplZdoSimpleDescServer
                0x0000000000093df0                zps_bAplZdoPowerDescServer
                0x0000000000093f0d                zps_bAplZdoActiveEpServer
                0x0000000000093ff6                zps_bAplZdoSystemServerDiscoveryServer
                0x000000000009407f                zps_bAplZdoMgmtLqiServer
                0x00000000000942ab                zps_bAplZdoMgmtRtgServer
                0x00000000000943f1                zps_vFragmentWindowTimeout.104772
                0x0000000000094458                zps_vAplApsFragTransmitNotifyApp.107488
                0x00000000000944f4                zps_vHandleExtendedDataAckFrame
                0x00000000000945d9                vReset_StateMachine.124666
                0x00000000000948ac                vZdoServersInit.3034
                0x0000000000094a1a                zps_bAplZdoEndDeviceBindServer
                0x0000000000094ad2                zps_bAplZdoTrustCenterGetDevicePermissions
                0x0000000000094b3d                vLoadAplRecord.114014
                0x0000000000094b6b                vLoadNwkRecord.193003
 .text          0x0000000000094ba3     0x1b43 C:\Users\akila\AppData\Local\Temp\ccqoS66c.ltrans12.ltrans.o
                0x0000000000094ba3                vPermitJoinHandleExpiry.195218
                0x0000000000094bac                vNwkMcpsTimerCallback
                0x0000000000094bc6                zps_eSceGenlIllegal
                0x0000000000094bcd                zps_eSmeGenlIllegal
                0x0000000000094bd4                zps_bAplZdoBindRequestServer
                0x0000000000094d0f                vZdoEndDeviceBindTimeoutSecondMessage
                0x0000000000094d23                psGetVsMcpsBuf.121978
                0x0000000000094d2c                psGetMlmeBuf.121971
                0x0000000000094d35                zps_vExpireRequestKeyReq.117003
                0x0000000000094d80                psGetNlmeBuf.104921
                0x0000000000094d8a                psGetNldeBuf.104942
                0x0000000000094d94                psGetApsmeBuf.104928
                0x0000000000094d9d                psGetApsdeBuf.104935
                0x0000000000094eb6                vLoopbackTimerCallback
                0x0000000000094ee5                ZPS_bNwkSecHaveNetworkKey
                0x0000000000094f19                ZPS_bNwkSecFindMatSet
                0x0000000000094f55                zps_eNwkRctMatchNwkAddr
                0x0000000000094fbf                ZPS_u8NwkCalcNldeReqOverhead
                0x0000000000094ffa                zps_vRemoveNextHop
                0x00000000000950af                zps_vRemoveRoute
                0x0000000000095146                zps_psNwkRtMatchNwkAddr
                0x00000000000951bc                zps_vNwkFreeMcpsHandle
                0x00000000000951e6                zps_psNwkMcpsMgrFindPendingByNwkDstAddr
                0x00000000000951fc                ZPS_u64NwkNibGetMappedIeeeAddr
                0x000000000009521e                ZPS_vNwkSecResetDevice
                0x0000000000095263                ZPS_bNwkNibNtActvMatch
                0x000000000009531b                bCheckNwkAddr
                0x0000000000095369                zps_eAplTrustCenterFindDevice
                0x00000000000953ad                ZPS_vSetExtendedStatus
                0x00000000000953bf                zps_eNwkRtMatch
                0x00000000000954d8                zps_psApsApsAllocateDcfmRecord
                0x0000000000095546                zps_u8CalcLinkCost
                0x0000000000095582                ZPS_u8NwkNibNtDiscMatch
                0x0000000000095666                zps_u64NwkLibFromPayload
                0x00000000000956a5                zps_vNwkLibU64ToPayload
                0x00000000000956d2                zps_vInitBeaconPayload
                0x000000000009574e                zps_eNwkDcfmIndPost
                0x0000000000095771                zps_psNwkDcfmIndGetBuf
                0x0000000000095793                eRouteRequestDataDcfm.196390
                0x00000000000957e7                eNldeDataDcfm.194225
                0x0000000000095817                zps_vSendNwkStatusInd
                0x0000000000095847                vPDM_ReadBitmapHeader.185754
                0x0000000000095866                psSLISTsearch
                0x00000000000958a6                psSLISTremove
                0x0000000000095924                vSLISTaddToTail
                0x0000000000095943                psSLISTgetNext
                0x0000000000095967                u8PDM_CalculateLargestDataRecordStored
                0x0000000000095998                bPDM_ImageBitmapRepairCheck
                0x00000000000959c0                u8PDM_ReadSequenceNumber
                0x00000000000959e3                boSegmentNumberDeleteSearchMatch.185419
                0x00000000000959fe                u8PDM_ReadSegmentDataSize
                0x0000000000095a12                u32PDM_ReadFileSystemHeaderWearCount
                0x0000000000095a28                boSearchForWearCountSubstitute.186221
                0x0000000000095a4e                boSearchForWearCountInsertPoint.184988
                0x0000000000095a6c                vPDM_WriteFileSystemHeaderWearCount
                0x0000000000095a7e                RND_u32GetRand256
                0x0000000000095a9b                RND_u32GetRand
                0x0000000000095ac2                u16CalculateFailedTxCount.141278
                0x0000000000095aec                vZdoIeeeAddrServerSendExtendResponse.part.0.127075
                0x0000000000095b4d                vZdoNwkAddrServerSendExtendResponse.part.0.125895
                0x0000000000095bae                bFindMatch.124623
                0x0000000000095c0c                zps_bAplZdoServerHandleConfirmAcks
                0x0000000000095c69                zps_bPerformLeaveActionDecider
                0x0000000000095c6e                vHandleUpdateDeviceIndication.113987
                0x0000000000095c98                u32GetScanChannels.113974
                0x0000000000095cc3                bDuplicateCheck.110354
                0x0000000000095dd0                eHandleRemoveNonBroadcastEndpointsFromGroup.108982
                0x0000000000095e48                eHandleAddEntryToGroupTable.108945
                0x0000000000095ea4                bIsBindTableMatch.108922
                0x0000000000095ef5                eRemoveEntryInBindingTable.108950
                0x0000000000095f74                zps_vAplApsFillAndPostApsAck
                0x0000000000095fde                zps_u8AplApsFreeMsgHandle
                0x0000000000096048                u8BlocksToSendInWindow.106418
                0x000000000009609a                vFillDataIndStruct.104788
                0x00000000000960f8                vFillApduErrorEvent.104781
                0x000000000009613b                bCheckProfile.104776
                0x0000000000096179                ZPS_bIsGroupPresent
                0x00000000000961b1                pdum_u16ReadNBO
                0x0000000000096312                PDUM_u16SizeNBO
                0x0000000000096370                PDUM_u16APduInstanceWriteStrNBO
                0x00000000000964ef                PDUM_eNPduReadHeaderNBO
                0x0000000000096542                PDUM_u16APduInstanceReadNBO
                0x000000000009658d                PDUM_eNPduPrependHeaderNBO
                0x00000000000965e8                zps_vInitAPSMECmdHdr
                0x000000000009661f                PDUM_eNPduAppendDataNBO
                0x000000000009667c                PDUM_u16APduInstanceWriteNBO
 *fill*         0x00000000000966e6        0x2 00
 .text          0x00000000000966e8     0x173c C:\Users\akila\AppData\Local\Temp\ccqoS66c.ltrans13.ltrans.o
                0x0000000000096851                zps_vAplTrustCenterInit
                0x0000000000096919                vMiniMac_MlmeCallback
                0x0000000000096c07                vSendMlmeCommStatusFromTxFrame
                0x0000000000096c5d                MAC_vHandleMlmeVsReqRsp.constprop.173
                0x0000000000097558                vScanBeaconReceived
                0x0000000000097597                vRunningRxCallback
                0x0000000000097897                vPostDcfm.209003
                0x0000000000097900                vScanNextChannel.209009
                0x0000000000097a9a                PDM_vDeleteAllDataRecords
                0x0000000000097b17                iPDM_VerifyDataSequenceWithBufferId
                0x0000000000097bb9                vSetGroupAddress.constprop.124
                0x0000000000097c08                vSendJoinedFormEventToHost
                0x0000000000097c9c                vFactoryResetRecords
                0x0000000000097dda                vPickChannel.7664
 .text          0x0000000000097e24     0x186e C:\Users\akila\AppData\Local\Temp\ccqoS66c.ltrans14.ltrans.o
                0x0000000000097e24                zps_eNwkHandleSceLinkStatus
                0x0000000000097f58                zps_vNwkHandleCmeDirectJoinReq
                0x0000000000097fd7                zps_psFindKeyDescr
                0x000000000009810b                zps_eAplSecEncryptPacket
                0x0000000000098464                zps_eStartFragmentedTransmission
                0x0000000000098579                eUnfragmentedUnicastTransmission.107515
                0x0000000000098873                zps_eAplSendApsmeCmdFrame
                0x00000000000989e4                vApsmeResendTimeOutHandler
                0x0000000000098a13                zps_eAplApsmeRemoveDeviceReqRsp
                0x0000000000098a81                zps_eAplAibSetApsUseExtendedPanId
                0x0000000000098a97                zps_eAplAibSetApsTrustCenterAddress
                0x0000000000098aad                ZPS_bNwkNibAddrMapAddEntry
                0x0000000000098c74                vCheckIfMyChild
                0x0000000000098db4                zps_vAgeRouter
                0x0000000000098df3                zps_eNwkHandleSdeActvDcfmData
                0x0000000000098f7d                vMcpsMgrTimeoutExpiry
                0x0000000000098fec                zps_eDefaultDataDcfm
                0x00000000000991c1                zps_vLinkStatusHandleExpiry
                0x0000000000099263                zps_eNwkHandleSceRouteRequest
 .text.unlikely
                0x0000000000099692       0x5f C:\Users\akila\AppData\Local\Temp\ccqoS66c.ltrans14.ltrans.o
                0x0000000000099692                vInitUnknownNeighbor.192043
 *fill*         0x00000000000996f1        0x3 00
 .text          0x00000000000996f4     0x1034 C:\Users\akila\AppData\Local\Temp\ccqoS66c.ltrans15.ltrans.o
                0x00000000000996f4                vInitialiseApp.9899
                0x000000000009a723                os_vAPP_Commission_Task
 .text          0x000000000009a728     0x13d4 C:\Users\akila\AppData\Local\Temp\ccqoS66c.ltrans16.ltrans.o
                0x000000000009a728                vMcpsMgrExpiry.192031
                0x000000000009a788                os_vzps_taskZPS
                0x000000000009a9b1                vBbcIntHandler.207861
                0x000000000009ac69                eAssocRespSent.208196
                0x000000000009ac88                zps_vNwkHandleCmeSyncReq
                0x000000000009acd1                zps_vNwkHandleCmeIdleNwkFormReq
                0x000000000009ad79                zps_vNwkHandleCmeNwkDiscReq
                0x000000000009adf3                zps_vReAttemptScanTimerHandleExpiry
                0x000000000009af2b                zps_vNwkHandleCmeNwkJoinReq
                0x000000000009b1e9                zps_vNwkHandleCmeNwkActvJoinReq
                0x000000000009b1f5                ZPS_vAplHandleApsdeReqRsp
                0x000000000009b615                zps_eAplZdpApsdeReqInternal
                0x000000000009b690                zps_bAplZdoDefaultServer
                0x000000000009b94c                zps_eZdpEndDeviceBindResponse
                0x000000000009b96d                zps_eAplZdpBindResponse
                0x000000000009b98e                zps_eZdpUnbindResponse
                0x000000000009b9af                zps_eZdpMgmtLeaveResponse
                0x000000000009b9d0                zps_eZdpMgmtPermitJoiningResponse
                0x000000000009b9f1                zps_eAplZdoGroupEndpointAdd
 .text          0x000000000009bafc     0x16c8 C:\Users\akila\AppData\Local\Temp\ccqoS66c.ltrans17.ltrans.o
                0x000000000009bca2                vHandleRejoinExpiry.203525
                0x000000000009bd01                zps_eRejoinDataDcfm
                0x000000000009bd45                eSmeAsocAssocDcfm.204136
                0x000000000009bdc9                eSmeRjPCPollDcfm.204132
                0x000000000009be0a                eSceRjRsRejoinRsp.204100
                0x000000000009c078                zps_sNwkLibSubmitScan
                0x000000000009c0b1                zps_vNwkDiscUpdateNT
                0x000000000009c14f                eSmeEdScScanDcfm.200912
                0x000000000009c1df                zps_vNwkHandleCmeEdScanReq
                0x000000000009c21e                vSdeHandleMcpsDataInd.192127
                0x000000000009cea1                ZPS_vNwkNibCheckAndUpdateAddresses
                0x000000000009cf38                zps_bAplZdoDeviceAnnceServer
 .text          0x000000000009d1c4     0x14c9 C:\Users\akila\AppData\Local\Temp\ccqoS66c.ltrans18.ltrans.o
                0x000000000009d1c4                zps_bAplZdoBindUnbindServer
                0x000000000009d2d0                zps_eZdpNodeDescResponse
                0x000000000009d378                zps_eZdpSimpleDescResponse
                0x000000000009d485                zps_eAplZdpMgmtRtgResponse
                0x000000000009d54c                zps_bAplZdoMgmtNWKUpdateServer
                0x000000000009d8bc                zps_eZdpNwkAddrResponse
                0x000000000009d99f                zps_eZdpIeeeAddrResponse
                0x000000000009da82                zps_eZdpPowerDescResponse
                0x000000000009db1f                zps_eZdpActiveEpResponse
                0x000000000009dbb5                zps_eZdpMatchDescResponse
                0x000000000009dc4b                zps_eZdpSystemServerDiscoveryResponse
                0x000000000009dcba                zps_eAplZdpMgmtLqiResponse
                0x000000000009df5d                vZdoEndDeviceBindStateWaitSendWithAck
                0x000000000009e2a0                zps_bAplZdoZdoClient
                0x000000000009e3b0                zps_eAplAfBoundDataReqNonBlocking
                0x000000000009e4e7                zps_eAplZdpNwkAddrRequest.constprop.146
                0x000000000009e54a                os_vAPP_AgeOutChildren
 .text.unlikely
                0x000000000009e68d       0xb2 C:\Users\akila\AppData\Local\Temp\ccqoS66c.ltrans18.ltrans.o
                0x000000000009e68d                zps_eAplZdpBindUnbindRequest.constprop.163
 .text          0x000000000009e73f     0x1353 C:\Users\akila\AppData\Local\Temp\ccqoS66c.ltrans19.ltrans.o
                0x000000000009e73f                zps_vNwkHandleCmeRouteDiscoveryReq
                0x000000000009e90d                zps_eNwkHandleSceRouteRecord
                0x000000000009e9e1                vPDM_MoveAllDataFromListToList
                0x000000000009ea1f                vPDM_MoveAllDataWithBufferIdAndStateFromListToList
                0x000000000009eaaa                vPDM_MoveAllDataToDeAllocList
                0x000000000009ead2                iPDM_ReconstructReplacedDataTable
                0x000000000009ed51                vPDM_ImageBitmapRepair.184907
                0x000000000009edb2                vPDM_MoveAllDataWithBufferIdFromListToList
                0x000000000009ee37                vPDM_DeleteAppendedSequence
                0x000000000009eedc                PDM_eSaveRecordData
                0x000000000009f311                ZPS_vNwkSaveRecord
                0x000000000009f33d                ZPS_vNwkSaveNt
                0x000000000009f350                ZPS_vNwkSaveSecMat
                0x000000000009f3a5                ZPS_vNwkResetOutgoingFrameCounter
                0x000000000009f3f9                zps_psSendFrm
                0x000000000009f715                zps_psSendBroadcastFrm
                0x000000000009f7ab                ZPS_vNwkHandleNldeReqRsp
                0x000000000009f98b                zps_eAplApsmeCmdMgrSendCommand
                0x000000000009fa68                zps_vAplApsmeCmdMgrRetryTimeout.108914
 *fill*         0x000000000009fa92        0x2 00
 .text          0x000000000009fa94     0x168c C:\Users\akila\AppData\Local\Temp\ccqoS66c.ltrans20.ltrans.o
                0x000000000009fa94                zps_eAplZdpRequestApsdeReq
                0x000000000009fb14                vStartAndAnnounce
                0x000000000009fbb6                vCommissionTask.9519
 .text          0x00000000000a1120     0x14f2 C:\Users\akila\AppData\Local\Temp\ccqoS66c.ltrans21.ltrans.o
                0x00000000000a1188                zps_vNwkHandleCmeActvStartRouterReq
                0x00000000000a12c4                vHandleNwkLocalUpdateAfterBcast.191148
                0x00000000000a1318                vHandleNwkRemoteUpdateAfterBcast.191139
                0x00000000000a136c                eSmeAcScScanDcfm.200907
                0x00000000000a163a                ZPS_pvNwkCtor.constprop.169
                0x00000000000a1bda                ZPS_vNwkHandleNlmeReqRsp
                0x00000000000a1c57                zps_vAplAfPostEvent
                0x00000000000a2012                vApsInterPanMcpsDataInd
                0x00000000000a21b9                zps_eAplZdoNlmeleaveWrapper
                0x00000000000a2237                zps_bAplZdoMgmtLeaveServer
                0x00000000000a23b7                zps_eAplZdoNlmePermitJoiningWrapper
                0x00000000000a23df                zps_bAplZdoPermitJoiningServer
                0x00000000000a2479                vChangeChannelTimerExpiry.141270
                0x00000000000a24dc                eLeaveReset.204959
                0x00000000000a2547                eLeaveDataDcfmLocalLeave.204969
                0x00000000000a25c1                zps_eAplZdoZllStartRouter
 *fill*         0x00000000000a2612        0x2 00
 .text          0x00000000000a2614     0x1318 C:\Users\akila\AppData\Local\Temp\ccqoS66c.ltrans22.ltrans.o
                0x00000000000a2beb                eCLD_ZllCommissionCommandHandler
                0x00000000000a2fe8                eSimpleMeteringCommandHandler
                0x00000000000a3014                vZCL_HandleAttributesWriteRequest
                0x00000000000a34a7                eZCL_CustomCommandReceive
                0x00000000000a3615                eCLD_DoorLockCommandHandler
                0x00000000000a36b1                eCLD_IdentifyCommandHandler
                0x00000000000a374a                eCLD_ScenesCommandHandler
 .text          0x00000000000a392c     0x13a4 C:\Users\akila\AppData\Local\Temp\ccqoS66c.ltrans23.ltrans.o
                0x00000000000a39db                zps_eNwkHandleSmeOrphanInd
                0x00000000000a3d47                zps_eNwkHandleSmeAssocInd
                0x00000000000a3d69                zps_eNwkHandleSceRejnRequest
                0x00000000000a3de9                vStartScanTimerExpiry.141274
                0x00000000000a3e25                zps_vAplApsPollTimer
                0x00000000000a3f4d                vPostApsmeDcfmInd.104931
                0x00000000000a4049                zps_vProcessChildAddrConflict
                0x00000000000a410c                zps_eNwkHandleSceNwkStatus
                0x00000000000a42cb                eRejoinNetwork.114001.constprop.162
                0x00000000000a4367                zps_eAplZdoStartStack
                0x00000000000a44a1                eJoinNetwork.114027
                0x00000000000a4552                vPostNlmeDcfmInd.104924
                0x00000000000a4c66                zps_eAplZdoDiscoverNetworks
                0x00000000000a4c8f                vSecondScan.7671.constprop.92
 .text          0x00000000000a4cd0     0x11d4 C:\Users\akila\AppData\Local\Temp\ccqoS66c.ltrans24.ltrans.o
                0x00000000000a4cd0                APP_ZCL_cbEndpointCallback.7257
                0x00000000000a5902                eCLD_GroupsCommandHandler
                0x00000000000a5e6a                eCLD_GroupsCommandAddGroupRequestSend
 .text          0x00000000000a5ea4      0xe14 C:\Users\akila\AppData\Local\Temp\ccqoS66c.ltrans25.ltrans.o
                0x00000000000a5ea4                vZdoBdrmSendNextTimedRequest
                0x00000000000a612d                eAplAfCommonDataReq.103411.constprop.182
                0x00000000000a61e8                eZCL_TransmitDataRequest
                0x00000000000a6660                eZCL_SendDefaultResponse
                0x00000000000a675f                vZCL_HandleCommandsDiscoverRequest.86890
                0x00000000000a69a2                vZCL_HandleDiscoverCommandsResponse.87989
                0x00000000000a6aac                vZCL_HandleAttributesReadResponse
 .text.unlikely
                0x00000000000a6cb8      0x299 C:\Users\akila\AppData\Local\Temp\ccqoS66c.ltrans25.ltrans.o
                0x00000000000a6cb8                eZclDiscoverAttributes.3356
                0x00000000000a6e69                eZCL_SendDiscoverCommandGenericRequest.86952
 *fill*         0x00000000000a6f51        0x3 00
 .text          0x00000000000a6f54      0xb50 C:\Users\akila\AppData\Local\Temp\ccqoS66c.ltrans26.ltrans.o
                0x00000000000a70c6                eOTA_ServerUpgradeEndResponse
                0x00000000000a7159                eOTA_ServerImageBlockResponse
                0x00000000000a75eb                eOtaCommandHandler
                0x00000000000a7914                eCLD_IASZoneEnrollRespSend
                0x00000000000a794f                eCLD_IASZoneCommandHandler
 .text.unlikely
                0x00000000000a7aa4      0x473 C:\Users\akila\AppData\Local\Temp\ccqoS66c.ltrans26.ltrans.o
                0x00000000000a7aa4                eZnc_SendWriteAttributesRequest.constprop.144
 .text          0x00000000000a7f17     0x1208 C:\Users\akila\AppData\Local\Temp\ccqoS66c.ltrans27.ltrans.o
                0x00000000000a7f17                os_bDummyMemberCheck.101668
                0x00000000000a7f1c                os_vDefaultErrorHook.101664
                0x00000000000a7f1f                eCLD_LevelControlCommandHandler
                0x00000000000a7f24                vfExtendedStatusCallBack
                0x00000000000a7f27                vOSError.9903
                0x00000000000a7f2a                APP_ZCL_cbGeneralCallback.7260
                0x00000000000a7f2d                bCLD_GroupsSearchForGroup.21481
                0x00000000000a7f52                PDUM_thAPduInstanceGetApdu
                0x00000000000a7f6d                PDUM_eAPduInstanceSetPayloadSize
                0x00000000000a7f95                PDUM_eNPduWriteDataFromBuffer
                0x00000000000a7fef                PDUM_eNPduWriteDataToBuffer
                0x00000000000a804d                PDUM_eNPduWriteFromBuffer
                0x00000000000a8076                PDUM_eNPduDescend
                0x00000000000a809c                PDUM_eNPduAscend
                0x00000000000a80c2                PDUM_eNPduClaimData
                0x00000000000a812f                PDUM_eNPduClaimHeader
                0x00000000000a8152                PDUM_eNPduInitDescending
                0x00000000000a816d                OS_eEnterCriticalSection
                0x00000000000a8231                eExpireSWTimer.101677
                0x00000000000a829c                vEnterErrorHook.101660
                0x00000000000a82c3                OS_eCollectMessage
                0x00000000000a8384                vMiniMac_ReturnTxBufferCallback
                0x00000000000a8396                vOtaFlashLockRead
                0x00000000000a83dc                eZCL_DoesAttributeHaveReportableChange
                0x00000000000a8405                eZCL_GetAttributeReportableEntry.part.1.95226
                0x00000000000a84c4                eZCL_BuildClientTransmitAddressStructure
                0x00000000000a84fc                bValidateCommandWithCommandsFlags.86876
                0x00000000000a8545                bZCL_CheckManufacturerSpecificCommandFlagMatch
                0x00000000000a8563                bZCL_CheckManufacturerSpecificAttributeFlagMatch
                0x00000000000a8581                eZCL_GetAttributeTypeSize
                0x00000000000a85a0                vZCL_MarkAttributeInvalid
                0x00000000000a866f                eZCL_CheckEPstructureIntegrity.76375
                0x00000000000a8857                u8ZCL_GetAttributeAllignToFourBytesBoundary
                0x00000000000a886c                pvZCL_GetAttributePointer
                0x00000000000a88e2                vReverseMemcpy.part.2.76387
                0x00000000000a8917                vReverseMemcpy
                0x00000000000a892f                sOtaGetHeader
                0x00000000000a8a3d                u16ZCL_GetStringStructureSize
                0x00000000000a8a7a                u16ZCL_GetStringAttributeTypeSizeFromBuffer
                0x00000000000a8aeb                u16ZCL_GetStringSizeAndBufferFromStructure
                0x00000000000a8b7a                vZCL_GetInternalMutex
                0x00000000000a8ba3                eZCL_GetMutex
                0x00000000000a8bdb                vZCL_InitializeClusterInstance
                0x00000000000a8bf0                vZCL_ReleaseInternalMutex
                0x00000000000a8c0a                u32ZCL_GetUTCTime
                0x00000000000a8c25                eZCL_SearchForAttributeEntry
                0x00000000000a8ce0                eZCL_SearchForEPentry
                0x00000000000a8d3b                eZCL_SearchForEPentryAndCheckManufacturerId
                0x00000000000a8d79                vZCL_PassEventToUser
                0x00000000000a8da6                u8GetTransactionSequenceNumber
                0x00000000000a8dc7                eZCL_ReleaseMutex
                0x00000000000a8df6                eZCL_Register.part.1.76384
                0x00000000000a8e24                boDLISTisEmpty
                0x00000000000a8e3c                vDLISTaddToTail
                0x00000000000a8e6a                psDLISTremove
                0x00000000000a8ecd                vWriteU64ToPayLoad.33805
                0x00000000000a8efa                vWriteU32ToPayLoad.33801
                0x00000000000a8f12                InvShiftRows
                0x00000000000a8fa5                InvSubBytes
                0x00000000000a8feb                AddRoundKey
                0x00000000000a902c                getSBoxValue.10235
                0x00000000000a904e                u16GetAttributeActualSize
 *fill*         0x00000000000a911f        0x1 00
 .text          0x00000000000a9120      0xf38 C:\Users\akila\AppData\Local\Temp\ccqoS66c.ltrans28.ltrans.o
                0x00000000000a9120                eCLD_IdentifyCommandTriggerEffectSend
                0x00000000000a9161                os_vAPP_taskZncb
 .text          0x00000000000aa058      0xa97 C:\Users\akila\AppData\Local\Temp\ccqoS66c.ltrans29.ltrans.o
                0x00000000000aa08c                os_vzps_isrMAC
                0x00000000000aa0cb                AppWarmStart
                0x00000000000aa0e7                AppColdStart
                0x00000000000aa91d                os_vUnclaimedInterrupt
                0x00000000000aa92f                os_vControlledInterrupt
                0x00000000000aa968                os_vAPP_isrTickTimer
                0x00000000000aaa59                os_vAPP_isrUart
                0x00000000000aaad1                os_vAPP_isrIllegalInstruction
                0x00000000000aaad7                os_vAPP_isrBusErrorException
                0x00000000000aaadd                os_vAPP_isrAlignmentException
                0x00000000000aaae3                os_vAPP_isrUnimplementedModuleException
                0x00000000000aaae9                os_vAPP_isrStackOverflowException
 .text          0x00000000000aaaef      0x721 C:\Users\akila\AppData\Local\Temp\ccqoS66c.ltrans30.ltrans.o
                0x00000000000aace0                eCLD_ZllUtilityCommandHandler
                0x00000000000aaf1f                eCLD_ASCLogNotificationORLogResponseSend
                0x00000000000aaf78                eCLD_ApplianceStatisticsCommandHandler
 .text          0x00000000000ab210      0x4a0 C:\Users\akila\AppData\Local\Temp\ccqoS66c.ltrans31.ltrans.o
                0x00000000000ab210                os_vZCL_Task
                0x00000000000ab430                eZCL_CustomCommandSend.constprop.136
 .text          0x00000000000ab6b0       0x25 c:/nxp/bstudio_nxp/sdk/tools/ba-elf-ba2-r36379/bin/../lib/gcc/ba-elf/4.7.4/../../../../ba-elf/lib/mcpu_jn51xx_sizeopt\libc.a(lib_a-memcmp.o)
                0x00000000000ab6b0                memcmp
 .text          0x00000000000ab6d5       0x19 c:/nxp/bstudio_nxp/sdk/tools/ba-elf-ba2-r36379/bin/../lib/gcc/ba-elf/4.7.4/../../../../ba-elf/lib/mcpu_jn51xx_sizeopt\libc.a(lib_a-memcpy.o)
 .text          0x00000000000ab6ee       0x12 c:/nxp/bstudio_nxp/sdk/tools/ba-elf-ba2-r36379/bin/../lib/gcc/ba-elf/4.7.4/../../../../ba-elf/lib/mcpu_jn51xx_sizeopt\libc.a(lib_a-memset.o)
                0x00000000000ab6ee                memset
 .text          0x00000000000ab700       0x12 c:/nxp/bstudio_nxp/sdk/tools/ba-elf-ba2-r36379/bin/../lib/gcc/ba-elf/4.7.4/../../../../ba-elf/lib/mcpu_jn51xx_sizeopt\libc.a(lib_a-strlen.o)
                0x00000000000ab700                strlen
 .text          0x00000000000ab712       0x2b c:/nxp/bstudio_nxp/sdk/tools/ba-elf-ba2-r36379/bin/../lib/gcc/ba-elf/4.7.4/../../../../ba-elf/lib/mcpu_jn51xx_sizeopt\libc.a(lib_a-strncpy.o)
                0x00000000000ab712                strncpy
 *fill*         0x00000000000ab73d        0x3 00
 .text          0x00000000000ab740      0x204 c:/nxp/bstudio_nxp/sdk/tools/ba-elf-ba2-r36379/bin/../lib/gcc/ba-elf/4.7.4/mcpu_jn51xx_sizeopt\libgcc.a(__udivsi3.o)
                0x00000000000ab740                __udivsi3
 .text          0x00000000000ab944       0x30 c:/nxp/bstudio_nxp/sdk/tools/ba-elf-ba2-r36379/bin/../lib/gcc/ba-elf/4.7.4/mcpu_jn51xx_sizeopt\libgcc.a(__divsi3.o)
                0x00000000000ab944                __divsi3
 .text          0x00000000000ab974      0x1b0 c:/nxp/bstudio_nxp/sdk/tools/ba-elf-ba2-r36379/bin/../lib/gcc/ba-elf/4.7.4/mcpu_jn51xx_sizeopt\libgcc.a(__umodsi3.o)
                0x00000000000ab974                __umodsi3
 .text          0x00000000000abb24       0x24 c:/nxp/bstudio_nxp/sdk/tools/ba-elf-ba2-r36379/bin/../lib/gcc/ba-elf/4.7.4/mcpu_jn51xx_sizeopt\libgcc.a(__modsi3.o)
                0x00000000000abb24                __modsi3
 *fill*         0x00000000000abb48        0x0 00
 .text          0x00000000000abb48      0x148 os_irq.o
                0x00000000000abb48                os_ExternalException_W
                0x00000000000abb8c                os_PIC_ChannelPriorities
                0x00000000000abb9c                os_OSMIUM_HwVectTable
                0x00000000000abbd8                os_PIC_SwVectTable
 .text          0x00000000000abc90       0x29 os_irq_alignment.o
                0x00000000000abc90                IRQ_Alignment
 .text          0x00000000000abcb9       0x29 os_irq_buserror.o
                0x00000000000abcb9                IRQ_BusError
 .text          0x00000000000abce2       0x29 os_irq_illegalinstruction.o
                0x00000000000abce2                IRQ_IllegalInstruction
 .text          0x00000000000abd0b       0x29 os_irq_stackoverflowexception.o
                0x00000000000abd0b                IRQ_StackOverflowException
 .text          0x00000000000abd34       0x29 os_irq_unimplementedmodule.o
                0x00000000000abd34                IRQ_UnimplementedModule
 *fill*         0x00000000000abd5d        0x3 00
 .text          0x00000000000abd60       0xc0 c:/NXP/bstudio_nxp/sdk/JN-SW-4168/Components/Library\libOS_JN516x.a(os_contirq_JN516x.o)
                0x00000000000abd60                os_ExternalException_R
                0x00000000000abd90                os_CFunc_W
                0x00000000000abde0                os_UnclaimedException_W
                0x00000000000abe00                os_UnclaimedInterrupt_W
 .text          0x00000000000abe20       0x48 c:/NXP/bstudio_nxp/sdk/JN-SW-4168/Components/Library\libPWRM_JN516x.a(pwrm_setjmp_JN516x.o)
                0x00000000000abe20                setjmp
                0x00000000000abe44                PWRM_longjmp
 .text          0x00000000000abe68       0x27 c:/NXP/bstudio_nxp/sdk/JN-SW-4168/Components/Library\libHardwareApi_JN516x.a(AHI_Interrupt.o)
                0x00000000000abe68                vAHI_InterruptSetPriority
                0x00000000000abe86                vAHI_InterruptSetActivePriorityLevel
 .text.vMicroSyscall
                0x00000000000abe8f       0x17 c:/NXP/bstudio_nxp/sdk/JN-SW-4168/Components/Library\libMicroSpecific_JN516x.a(MicroSyscall_ba.o)
                0x00000000000abe8f                vMicroSyscall
 .text          0x00000000000abea6        0x0 c:/NXP/bstudio_nxp/sdk/JN-SW-4168/Components/Library\libOS_JN516x.a(os_version_lc.o)
                0x00000000000abea6                OS_Version_1v2
 .text          0x00000000000abea6        0x0 c:/NXP/bstudio_nxp/sdk/JN-SW-4168/Components/Library\libZPSAPL_JN516x.a(zps_apl_version_lc.o)
                0x00000000000abea6                ZPS_APL_Version_2v0
 .text          0x00000000000abea6        0x0 c:/NXP/bstudio_nxp/sdk/JN-SW-4168/Components/Library\libZPSNWK_JN516x.a(zps_nwk_version_lc.o)
                0x00000000000abea6                ZPS_NWK_Version_2v0
                0x00000000000abea6                _flash_end = ABSOLUTE (.)

.rela.dyn       0x00000000000abea8        0x0
 .rela.text     0x0000000000000000        0x0 os_irq.o
 .rela.data     0x0000000000000000        0x0 os_irq.o
 .rela.rodata   0x0000000000000000        0x0 os_irq.o
 .rela.text.unlikely
                0x0000000000000000        0x0 os_irq.o
                0x000000000400004c                . = ORIGIN (ram)

.data           0x000000000400004c      0x9a4 load address 0x00000000000abea8
                0x000000000400004c                _ram_data_start = ABSOLUTE (.)
 *(.data*)
 .data          0x000000000400004c       0x10 C:\Users\akila\AppData\Local\Temp\ccqoS66c.ltrans0.ltrans.o
                0x000000000400004c                sZllState
 .data          0x000000000400005c       0x24 C:\Users\akila\AppData\Local\Temp\ccqoS66c.ltrans1.ltrans.o
                0x000000000400005c                u32HeapStart
 .data          0x0000000004000080      0x1b0 C:\Users\akila\AppData\Local\Temp\ccqoS66c.ltrans7.ltrans.o
                0x0000000004000080                sCLD_Groups
 .data          0x0000000004000230        0xc C:\Users\akila\AppData\Local\Temp\ccqoS66c.ltrans8.ltrans.o
                0x0000000004000230                bCanLoopback.107761
 .data          0x000000000400023c        0x6 C:\Users\akila\AppData\Local\Temp\ccqoS66c.ltrans9.ltrans.o
 *fill*         0x0000000004000242        0x2 00
 .data          0x0000000004000244        0x8 C:\Users\akila\AppData\Local\Temp\ccqoS66c.ltrans10.ltrans.o
                0x0000000004000244                u8MiniMacConfig_MaxConcurrentAssocResponses
                0x0000000004000248                psShadowRxBuffer
 .data          0x000000000400024c       0x20 C:\Users\akila\AppData\Local\Temp\ccqoS66c.ltrans15.ltrans.o
 .data          0x000000000400026c        0x1 C:\Users\akila\AppData\Local\Temp\ccqoS66c.ltrans16.ltrans.o
 *fill*         0x000000000400026d        0x3 00
 .data          0x0000000004000270       0x60 C:\Users\akila\AppData\Local\Temp\ccqoS66c.ltrans27.ltrans.o
                0x0000000004000270                s_asapdujumboInstances
                0x0000000004000288                s_asapduZDPInstances
 .data          0x00000000040002d0       0x38 C:\Users\akila\AppData\Local\Temp\ccqoS66c.ltrans28.ltrans.o
                0x00000000040002d0                sDeviceTable
                0x00000000040002f8                s_sLedState
 .data          0x0000000004000308      0x6d0 C:\Users\akila\AppData\Local\Temp\ccqoS66c.ltrans29.ltrans.o
                0x0000000004000308                s_keyPairTableStorage.3144
                0x0000000004000368                os_Mutex_mutexMAC
                0x0000000004000370                os_Mutex_mutexZPS
                0x0000000004000378                s_sApl.3096
                0x00000000040004c8                os_Message_APP_msgZpsEvents
                0x00000000040004ec                os_Message_APP_msgEvents
                0x0000000004000510                os_Message_APP_CommissionEvents
                0x0000000004000534                os_Message_APP_msgZpsEvents_ZCL
                0x0000000004000558                os_SWTimer_APP_cntrTickTimer_APP_tmrToggleLED
                0x0000000004000574                os_SWTimer_APP_cntrTickTimer_APP_CommissionTimer
                0x0000000004000590                os_SWTimer_APP_cntrTickTimer_APP_IdTimer
                0x00000000040005ac                os_SWTimer_APP_cntrTickTimer_App_HAModeTimer
                0x00000000040005c8                os_SWTimer_APP_cntrTickTimer_APP_AgeOutChildrenTmr
                0x00000000040005e4                os_Task_zps_taskZPS
                0x00000000040005f0                os_Task_APP_taskAtParser
                0x00000000040005fc                os_Message_APP_msgSerialTx
                0x0000000004000620                s_prbMemberCheck.101784
                0x0000000004000624                s_prvErrorHook.101782
                0x0000000004000628                os_SWTimer_APP_cntrTickTimer_APP_TickTimer
                0x0000000004000644                g_u8ZpsExpiryMaxCount
 .data.s_asAPduPool
                0x00000000040009d8       0x18 pdum_apdu.o
                0x00000000040009d8                pdum_apduZDP
                0x00000000040009d8                s_asAPduPool
                0x00000000040009e4                pdum_apdujumbo
 *(.data.*)
                0x00000000040009f0                . = ALIGN (0x4)
                0x00000000040009f0                _ram_data_end = ABSOLUTE (.)

.bss            0x00000000040009f0     0x55e4 load address 0x00000000000ac84c
                0x00000000040009f0                _bss_start = ABSOLUTE (.)
 *(.bss*)
 .bss           0x00000000040009f0      0xd80 C:\Users\akila\AppData\Local\Temp\ccqoS66c.ltrans0.ltrans.o
                0x00000000040009f0                sMiniMacPib
                0x0000000004000a8c                pfTKDfunc
                0x0000000004000a90                psZCL_Common
                0x0000000004000a94                bBlackListEnable
                0x0000000004000a95                bSendFactoryResetOverAir
                0x0000000004000a98                u32OldFrameCtr
                0x0000000004000a9c                bResetIssued
                0x0000000004000aa0                u32ChannelMask
                0x0000000004000aa8                sControlBridge
                0x0000000004001648                sCommission
                0x0000000004001660                au8LinkRxBuffer
 .bss           0x0000000004001770      0x131 C:\Users\akila\AppData\Local\Temp\ccqoS66c.ltrans1.ltrans.o
                0x0000000004001770                RoundKey
                0x0000000004001860                state
 *fill*         0x00000000040018a1        0x3 00
 .bss           0x00000000040018a4       0x10 C:\Users\akila\AppData\Local\Temp\ccqoS66c.ltrans2.ltrans.o
                0x00000000040018a4                eMMacModuleType
                0x00000000040018a8                prIntHandler.210464
                0x00000000040018ac                psTimerServerList
 .bss.initinboot
                0x00000000040018b4        0x1 C:\Users\akila\AppData\Local\Temp\ccqoS66c.ltrans2.ltrans.o
 *fill*         0x00000000040018b5        0x3 00
 .bss           0x00000000040018b8        0x4 C:\Users\akila\AppData\Local\Temp\ccqoS66c.ltrans3.ltrans.o
 .bss           0x00000000040018bc        0x4 C:\Users\akila\AppData\Local\Temp\ccqoS66c.ltrans4.ltrans.o
                0x00000000040018bc                zps_psNwk
 .bss           0x00000000040018c0       0x48 C:\Users\akila\AppData\Local\Temp\ccqoS66c.ltrans5.ltrans.o
 .bss           0x0000000004001908       0x24 C:\Users\akila\AppData\Local\Temp\ccqoS66c.ltrans6.ltrans.o
                0x0000000004001908                apvAplPdmRecordsAddress
                0x0000000004001920                au16AplPdmRecordsSize
 *fill*         0x000000000400192c        0x4 00
 .bss           0x0000000004001930       0x78 C:\Users\akila\AppData\Local\Temp\ccqoS66c.ltrans7.ltrans.o
                0x0000000004001930                bAHI_ExtendedTemperatureOperation
                0x0000000004001934                g_tSpiConfiguration
                0x0000000004001938                s_psCurrentTask.101778
 .bss           0x00000000040019a8       0x48 C:\Users\akila\AppData\Local\Temp\ccqoS66c.ltrans8.ltrans.o
                0x00000000040019a8                s_bWakeTimerActive.101856
 .bss           0x00000000040019f0        0x5 C:\Users\akila\AppData\Local\Temp\ccqoS66c.ltrans9.ltrans.o
                0x00000000040019f0                bIgnoreBroadcast
 *fill*         0x00000000040019f5        0x3 00
 .bss           0x00000000040019f8      0x198 C:\Users\akila\AppData\Local\Temp\ccqoS66c.ltrans10.ltrans.o
                0x00000000040019f8                s_u32x.184101
                0x00000000040019fc                s_hMutex.211944
                0x0000000004001a00                pvRxStore
                0x0000000004001a04                pvTxStore
                0x0000000004001a08                g_pvAplHandle
                0x0000000004001a0c                s_hMacMutex
                0x0000000004001a10                s_sDcfmIndMgr.101416
                0x0000000004001a18                prAppMlmeGetBuffer
                0x0000000004001a1c                prAppMlmeCallback
                0x0000000004001a20                psFreeMsgListHead
                0x0000000004001a24                psActiveMsgListHead
                0x0000000004001a28                u8MiniMac_RunTimeOptions
                0x0000000004001a2c                s_groupTablePdmStorage.3258
 .bss           0x0000000004001b90       0x10 C:\Users\akila\AppData\Local\Temp\ccqoS66c.ltrans11.ltrans.o
 .bss           0x0000000004001ba0       0x34 C:\Users\akila\AppData\Local\Temp\ccqoS66c.ltrans12.ltrans.o
 .bss           0x0000000004001bd4        0xc C:\Users\akila\AppData\Local\Temp\ccqoS66c.ltrans13.ltrans.o
 .bss           0x0000000004001be0        0x8 C:\Users\akila\AppData\Local\Temp\ccqoS66c.ltrans14.ltrans.o
 .bss           0x0000000004001be8     0x1128 C:\Users\akila\AppData\Local\Temp\ccqoS66c.ltrans15.ltrans.o
                0x0000000004001be8                gu16NumberOfSegments.211717
                0x0000000004001bec                psPDM_Common
                0x0000000004001bf0                s_psNPduPoolEnd.102099
                0x0000000004001bf4                s_psNPduPoolStart.102098
                0x0000000004001bf8                s_psFreeListHead.102095
                0x0000000004001bfc                s_hMutex.102094
                0x0000000004001c00                s_hMutex.102214
                0x0000000004001c04                s_asAPduPool.102213
                0x0000000004001c08                sScenesCustomData.12390
                0x0000000004001c18                psAplDefaultZLLAPSLinkKey
                0x0000000004001c1c                pfExtendedStatusCallBack.190658
                0x0000000004001c20                sReversedMacAddr.210097
                0x0000000004001c28                sThisDeviceMacAddr
 .bss           0x0000000004002d10       0x90 C:\Users\akila\AppData\Local\Temp\ccqoS66c.ltrans16.ltrans.o
                0x0000000004002d10                s_prExpireFn.211945
                0x0000000004002d14                sScanAttemptTimer
                0x0000000004002d30                aprTimerCallback
                0x0000000004002d50                au32TimerCounter
                0x0000000004002d70                sMiniMacInternal
                0x0000000004002d9c                u32DataQueueCount
 .bss           0x0000000004002da0       0x34 C:\Users\akila\AppData\Local\Temp\ccqoS66c.ltrans17.ltrans.o
                0x0000000004002da0                pfOptionsFilterCallback
 .bss           0x0000000004002dd4       0x10 C:\Users\akila\AppData\Local\Temp\ccqoS66c.ltrans18.ltrans.o
                0x0000000004002dd4                bDefaultServerIgnoreHandleMgmtUpdate
                0x0000000004002dd8                bBindLookup
 .bss           0x0000000004002de4        0xc C:\Users\akila\AppData\Local\Temp\ccqoS66c.ltrans19.ltrans.o
                0x0000000004002de4                a16NwkPdmRecordSizes
 .bss           0x0000000004002df0       0xc0 C:\Users\akila\AppData\Local\Temp\ccqoS66c.ltrans20.ltrans.o
                0x0000000004002df0                sTarget
                0x0000000004002e10                sDstAddr
                0x0000000004002e20                bScanActive
                0x0000000004002e28                sScanTarget
 .bss           0x0000000004002eb0        0x4 C:\Users\akila\AppData\Local\Temp\ccqoS66c.ltrans23.ltrans.o
                0x0000000004002eb0                pfnHandleZllDeviceJoin
 *fill*         0x0000000004002eb4        0x4 00
 .bss           0x0000000004002eb8       0x10 C:\Users\akila\AppData\Local\Temp\ccqoS66c.ltrans25.ltrans.o
 .bss           0x0000000004002ec8       0x18 C:\Users\akila\AppData\Local\Temp\ccqoS66c.ltrans26.ltrans.o
                0x0000000004002ec8                sNvmDefsStruct
 .bss           0x0000000004002ee0      0x3f0 C:\Users\akila\AppData\Local\Temp\ccqoS66c.ltrans27.ltrans.o
 .bss           0x00000000040032d0       0x18 C:\Users\akila\AppData\Local\Temp\ccqoS66c.ltrans28.ltrans.o
                0x00000000040032d0                u8Count.102096
                0x00000000040032d1                u8MaxNpdu.102097
                0x00000000040032d2                u8ApduCount.102215
                0x00000000040032d3                u8MaxApdu.102216
                0x00000000040032d4                sMiniMacPhyPib
                0x00000000040032d8                u8JoinedDevice
                0x00000000040032dc                u32Channel
                0x00000000040032e0                bSecondDisc.14245.8644
 *fill*         0x00000000040032e8        0x8 00
 .bss           0x00000000040032f0     0x2c30 C:\Users\akila\AppData\Local\Temp\ccqoS66c.ltrans29.ltrans.o
                0x00000000040032f0                s_sDefaultServerContext.3158
                0x00000000040032f4                s_sEndDeviceBindServerContext.3089
                0x0000000004003334                s_sMgmtRtgServerContext.3090
                0x0000000004003338                s_sPermitJoiningServerContext.3091
                0x000000000400333c                s_sBindRequestServerContext.3092
                0x000000000400337c                s_sBindUnbindServerContext.3094
                0x00000000040033bc                s_sMgmtNWKUpdateServerContext.3095
                0x00000000040033fc                s_sMgmtLeaveServerContext.3157
                0x0000000004003424                s_sMgmtLqiServerContext.3156
                0x0000000004003428                s_sSimpleDescServerContext.3155
                0x000000000400342c                s_sMatchDescServerContext.3154
                0x0000000004003430                s_sPowerDescServerContext.3153
                0x0000000004003434                s_sNodeDescServerContext.3152
                0x0000000004003438                s_sSystemServerDiscoveryServerContext.3151
                0x000000000400343c                s_sIeeeAddrServerContext.3150